MPLINK 4.31, Linker
Linker Map File - Created Thu Feb 23 21:17:24 2023

                                 Section Info
                  Section       Type    Address   Location Size(Bytes)
                ---------  ---------  ---------  ---------  ---------
               _entry_scn       code   0x000000    program   0x000006
    HIGH_INTERRUPT_VECTOR       code   0x000008    program   0x000006
     LOW_INTERRUPT_VECTOR       code   0x000018    program   0x000006
    REMAPPED_RESET_VECTOR       code   0x00a000    program   0x000006
       .code__user_putc.o       code   0x00a006    program   0x000002
REMAPPED_HIGH_INTERRUPT_VECTOR       code   0x00a008    program   0x000006
           .code___init.o       code   0x00a00e    program   0x000002
          .idata_oled.o_i    romdata   0x00a010    program   0x000004
         .idata_graph.o_i    romdata   0x00a014    program   0x000002
        .idata_BMA150.o_i    romdata   0x00a016    program   0x000000
      .idata_fxd1616u.o_i    romdata   0x00a016    program   0x000000
        .idata___init.o_i    romdata   0x00a016    program   0x000000
      .idata_fxd3232u.o_i    romdata   0x00a016    program   0x000000
       .idata_fxm3232.o_i    romdata   0x00a016    program   0x000000
    .idata__user_putc.o_i    romdata   0x00a016    program   0x000000
            .code_c018i.o       code   0x00a016    program   0x000000
         .idata_c018i.o_i    romdata   0x00a016    program   0x000000
REMAPPED_LOW_INTERRUPT_VECTOR       code   0x00a018    program   0x000006
                   .cinit    romdata   0x00a01e    program   0x00004a
         .code_vfprintf.o       code   0x00a068    program   0x000c22
          .code_physics.o       code   0x00ac8a    program   0x000b90
            .code_graph.o       code   0x00b81a    program   0x000b78
             .code_main.o       code   0x00c392    program   0x0009fa
                     PROG       code   0x00cd8c    program   0x000626
             .code_oled.o       code   0x00d3b2    program   0x00045e
           .code_levels.o       code   0x00d810    program   0x000314
           .code_BMA150.o       code   0x00db24    program   0x000274
             .stringtable    romdata   0x00dd98    program   0x00023e
           .code_mtouch.o       code   0x00dfd6    program   0x0001e4
          .romdata_oled.o    romdata   0x00e1ba    program   0x0001db
           graph_buffer_i    romdata   0x00e395    program   0x000000
        .romdata___init.o    romdata   0x00e395    program   0x000000
      .idata_vfprintf.o_i    romdata   0x00e395    program   0x000000
          .romdata_main.o    romdata   0x00e395    program   0x000000
      .romdata_fxd3232u.o    romdata   0x00e395    program   0x000000
         .romdata_c018i.o    romdata   0x00e395    program   0x000000
    .romdata_soft_start.o    romdata   0x00e395    program   0x000000
    .idata_soft_start.o_i    romdata   0x00e395    program   0x000001
       .romdata_physics.o    romdata   0x00e395    program   0x000000
         .romdata_graph.o    romdata   0x00e395    program   0x000000
       .code_soft_start.o       code   0x00e396    program   0x0000f0
          .code_sprintf.o       code   0x00e486    program   0x0000ac
               _cinit_scn       code   0x00e532    program   0x00009e
             .code_putc.o       code   0x00e5d0    program   0x000084
          .code_fxm3232.o       code   0x00e654    program   0x000070
                   STRING       code   0x00e6c4    program   0x000066
         .code_fxd3232u.o       code   0x00e72a    program   0x000048
         .code_fxd1616u.o       code   0x00e772    program   0x00002c
                    CTYPE       code   0x00e79e    program   0x000024
             _startup_scn       code   0x00e7c2    program   0x00001c
                    STDIO       code   0x00e7de    program   0x00001c
      .romdata_vfprintf.o    romdata   0x00e7fa    program   0x000011
          .romdata_putc.o    romdata   0x00e80b    program   0x000000
          .idata_putc.o_i    romdata   0x00e80b    program   0x000000
        .romdata_BMA150.o    romdata   0x00e80b    program   0x000000
        .idata_mtouch.o_i    romdata   0x00e80b    program   0x000000
       .romdata_fxm3232.o    romdata   0x00e80b    program   0x000000
        .romdata_mtouch.o    romdata   0x00e80b    program   0x000000
        .romdata_levels.o    romdata   0x00e80b    program   0x000000
    .romdata__user_putc.o    romdata   0x00e80b    program   0x000000
       .romdata_sprintf.o    romdata   0x00e80b    program   0x000000
       .idata_sprintf.o_i    romdata   0x00e80b    program   0x000000
        .idata_levels.o_i    romdata   0x00e80b    program   0x000001
      .romdata_fxd1616u.o    romdata   0x00e80b    program   0x000000
                    .code       code   0x00e80c    program   0x00000e
       .idata_physics.o_i    romdata   0x00e81a    program   0x00001e
          .idata_main.o_i    romdata   0x00e838    program   0x000016
      .config_fff8_main.o    romdata   0x00fff8    program   0x000001
      .config_fff9_main.o    romdata   0x00fff9    program   0x000001
      .config_fffa_main.o    romdata   0x00fffa    program   0x000001
      .config_fffb_main.o    romdata   0x00fffb    program   0x000001
      .config_fffc_main.o    romdata   0x00fffc    program   0x000001
      .config_fffd_main.o    romdata   0x00fffd    program   0x000001
      .config_fffe_main.o    romdata   0x00fffe    program   0x000001
      .config_ffff_main.o    romdata   0x00ffff    program   0x000001
                 .tmpdata      udata   0x000000       data   0x000035
                MATH_DATA      udata   0x000035       data   0x000014
         .udata_physics.o      udata   0x000060       data   0x000062
         .idata_physics.o      idata   0x0000c2       data   0x00001e
            .idata_main.o      idata   0x0000e0       data   0x000016
           .udata_c018i.o      udata   0x0000f6       data   0x00000a
          .udata_levels.o      udata   0x000100       data   0x0000f4
            .udata_oled.o      udata   0x0001f4       data   0x00000b
      .idata_soft_start.o      idata   0x0001ff       data   0x000001
             graph_buffer      idata   0x000500       data   0x000000
           .udata_graph.o      udata   0x000500       data   0x000400
                   .stack      udata   0x000d00       data   0x000100
            .udata_main.o      udata   0x000e00       data   0x00000b
          .udata_BMA150.o      udata   0x000e0b       data   0x000006
          .udata_mtouch.o      udata   0x000e11       data   0x000004
            .idata_oled.o      idata   0x000e15       data   0x000004
           .idata_graph.o      idata   0x000e19       data   0x000002
          .idata_levels.o      idata   0x000e1b       data   0x000001
        .idata_fxd1616u.o      idata   0x000e1c       data   0x000000
          .udata___init.o      udata   0x000e1c       data   0x000000
          .idata___init.o      idata   0x000e1c       data   0x000000
         .udata_sprintf.o      udata   0x000e1c       data   0x000000
         .idata_sprintf.o      idata   0x000e1c       data   0x000000
        .udata_vfprintf.o      udata   0x000e1c       data   0x000000
        .idata_vfprintf.o      idata   0x000e1c       data   0x000000
        .udata_fxd3232u.o      udata   0x000e1c       data   0x000000
        .idata_fxd3232u.o      idata   0x000e1c       data   0x000000
         .udata_fxm3232.o      udata   0x000e1c       data   0x000000
         .idata_fxm3232.o      idata   0x000e1c       data   0x000000
            .udata_putc.o      udata   0x000e1c       data   0x000000
            .idata_putc.o      idata   0x000e1c       data   0x000000
      .udata__user_putc.o      udata   0x000e1c       data   0x000000
      .idata__user_putc.o      idata   0x000e1c       data   0x000000
           .idata_c018i.o      idata   0x000e1c       data   0x000000
        .udata_fxd1616u.o      udata   0x000e1c       data   0x000000
          .idata_mtouch.o      idata   0x000e1c       data   0x000000
          .idata_BMA150.o      idata   0x000e1c       data   0x000000
      .udata_soft_start.o      udata   0x000e1c       data   0x000000
              SFR_BANKED0      udata   0x000ec6       data   0x00000e
              SFR_BANKED1      udata   0x000ed7       data   0x000008
              SFR_BANKED2      udata   0x000ee7       data   0x000004
              SFR_BANKED3      udata   0x000eec       data   0x000003
              SFR_BANKED4      udata   0x000ef2       data   0x000002
              SFR_BANKED5      udata   0x000ef6       data   0x000002
              SFR_BANKED6      udata   0x000efb       data   0x000005
              SFR_BANKED7      udata   0x000f26       data   0x000014
              SFR_BANKED8      udata   0x000f3c       data   0x000007
              SFR_BANKED9      udata   0x000f48       data   0x000008
             SFR_BANKED10      udata   0x000f52       data   0x00000e
            SFR_UNBANKED0      udata   0x000f60       data   0x0000a0



                              Program Memory Usage 
                               Start         End      
                           ---------   ---------      
                            0x000000    0x000005      
                            0x000008    0x00000d      
                            0x000018    0x00001d      
                            0x00a000    0x00a015      
                            0x00a018    0x00e84d      
                            0x00fff8    0x00ffff      
            18534 out of 64523 program addresses used, program memory utilization is 28%



                              Symbols - Sorted by Name
                     Name    Address   Location    Storage File                     
                ---------  ---------  ---------  --------- ---------                
          AppPowerDisable   0x00e3e2    program     extern C:\Users\Ambin\OneDrive\Documenten\Labirynth\soft_start.c
           AppPowerEnable   0x00e396    program     extern C:\Users\Ambin\OneDrive\Documenten\Labirynth\soft_start.c
            AppPowerReady   0x00e3ee    program     extern C:\Users\Ambin\OneDrive\Documenten\Labirynth\soft_start.c
          BMA150_ReadByte   0x00dcea    program     extern C:\Users\Ambin\OneDrive\Documenten\Labirynth\BMA150.c
         BMA150_WriteByte   0x00dc08    program     extern C:\Users\Ambin\OneDrive\Documenten\Labirynth\BMA150.c
             CalibrateAcc   0x00c3fe    program     extern C:\Users\Ambin\OneDrive\Documenten\Labirynth\main.c
       CheckButtonPressed   0x00cafa    program     extern C:\Users\Ambin\OneDrive\Documenten\Labirynth\main.c
                   D1616S   0x00d0a8    program     static C:\MCC18\src\traditional\math\fxd1616s.asm
                D1616SNEG   0x00d0b6    program     static C:\MCC18\src\traditional\math\fxd1616s.asm
                 D1616SOK   0x00d0b2    program     static C:\MCC18\src\traditional\math\fxd1616s.asm
                  D1616SX   0x00d0c8    program     static C:\MCC18\src\traditional\math\fxd1616s.asm
                  DA1616S   0x00d098    program     static C:\MCC18\src\traditional\math\fxd1616s.asm
                  DelayMs   0x00d3b2    program     extern C:\Users\Ambin\OneDrive\Documenten\Labirynth\oled.c
         DemoIntroduction   0x00c656    program     extern C:\Users\Ambin\OneDrive\Documenten\Labirynth\main.c
               DrawCircle   0x00bde0    program     extern C:\Users\Ambin\OneDrive\Documenten\Labirynth\graph.c
                 DrawFood   0x00b9d8    program     extern C:\Users\Ambin\OneDrive\Documenten\Labirynth\graph.c
              DrawHorWall   0x00bf7e    program     extern C:\Users\Ambin\OneDrive\Documenten\Labirynth\graph.c
            DrawMeteorite   0x00bb9a    program     extern C:\Users\Ambin\OneDrive\Documenten\Labirynth\graph.c
                DrawPlane   0x00bbf0    program     extern C:\Users\Ambin\OneDrive\Documenten\Labirynth\graph.c
                DrawScene   0x00c066    program     extern C:\Users\Ambin\OneDrive\Documenten\Labirynth\graph.c
              DrawVerWall   0x00bff8    program     extern C:\Users\Ambin\OneDrive\Documenten\Labirynth\graph.c
                 FLO0832S   0x00cd90    program     extern C:\MCC18\src\traditional\math\cast08FP.asm
                 FLO0832U   0x00cd8c    program     extern C:\MCC18\src\traditional\math\cast08FP.asm
                 FLO1632S   0x00cdb2    program     extern C:\MCC18\src\traditional\math\cast16FP.asm
                 FLO1632U   0x00cdae    program     extern C:\MCC18\src\traditional\math\cast16FP.asm
                    FPA32   0x00cdda    program     extern C:\MCC18\src\traditional\math\addFP.asm
                    FPD32   0x00cf06    program     extern C:\MCC18\src\traditional\math\divFP.asm
                    FPM32   0x00cfac    program     extern C:\MCC18\src\traditional\math\mulFP.asm
                    FPS32   0x00cdd8    program     extern C:\MCC18\src\traditional\math\addFP.asm
                 FXD1616S   0x00d086    program     extern C:\MCC18\src\traditional\math\fxd1616s.asm
                 FXD1616U   0x00e772    program     extern C:\MCC18\src\traditional\math\fxd1616u.c
                 FXD3232U   0x00e72a    program     extern C:\MCC18\src\traditional\math\fxd3232u.c
                 FXM1616S   0x00d0d2    program     extern C:\MCC18\src\traditional\math\fxm1616s.asm
                  FXM3232   0x00e654    program     extern C:\MCC18\src\traditional\math\fxm3232.c
                     Fill   0x00b994    program     extern C:\Users\Ambin\OneDrive\Documenten\Labirynth\graph.c
              FillDisplay   0x00d4ac    program     extern C:\Users\Ambin\OneDrive\Documenten\Labirynth\oled.c
            FlushGraphics   0x00b8ee    program     extern C:\Users\Ambin\OneDrive\Documenten\Labirynth\graph.c
         GeneratePhysWall   0x00b81a    program     extern C:\Users\Ambin\OneDrive\Documenten\Labirynth\graph.c
       GetScrollDirection   0x00c4f6    program     extern C:\Users\Ambin\OneDrive\Documenten\Labirynth\main.c
           GetScrollState   0x00c3ba    program     extern C:\Users\Ambin\OneDrive\Documenten\Labirynth\main.c
                 High_ISR   0x000008    program     extern C:\Users\Ambin\OneDrive\Documenten\Labirynth\main.c
                  INT3208   0x00d12c    program     extern C:\MCC18\src\traditional\math\castFP08.asm
                  INT3216   0x00d17a    program     extern C:\MCC18\src\traditional\math\castFP16.asm
                  InitADC   0x00dfee    program     extern C:\Users\Ambin\OneDrive\Documenten\Labirynth\mtouch.c
               InitBma150   0x00db24    program     extern C:\Users\Ambin\OneDrive\Documenten\Labirynth\BMA150.c
                 InitCTMU   0x00dfd6    program     extern C:\Users\Ambin\OneDrive\Documenten\Labirynth\mtouch.c
              InitPhysics   0x00aff8    program     extern C:\Users\Ambin\OneDrive\Documenten\Labirynth\physics.c
         InitializeSystem   0x00cb5c    program     static C:\Users\Ambin\OneDrive\Documenten\Labirynth\main.c
                 IsCollid   0x00b27e    program     extern C:\Users\Ambin\OneDrive\Documenten\Labirynth\physics.c
                  Low_ISR   0x000018    program     extern C:\Users\Ambin\OneDrive\Documenten\Labirynth\main.c
           Meteorite_Rain   0x00b118    program     extern C:\Users\Ambin\OneDrive\Documenten\Labirynth\physics.c
                ProcessIO   0x00cbc0    program     extern C:\Users\Ambin\OneDrive\Documenten\Labirynth\main.c
             ReadAccState   0x00ad94    program     extern C:\Users\Ambin\OneDrive\Documenten\Labirynth\physics.c
        Remapped_High_ISR   0x00a008    program     extern C:\Users\Ambin\OneDrive\Documenten\Labirynth\main.c
         Remapped_Low_ISR   0x00a018    program     extern C:\Users\Ambin\OneDrive\Documenten\Labirynth\main.c
              ResetDevice   0x00d3fa    program     extern C:\Users\Ambin\OneDrive\Documenten\Labirynth\oled.c
              SelectLevel   0x00c572    program     extern C:\Users\Ambin\OneDrive\Documenten\Labirynth\main.c
              SpiPinRemap   0x00dbe4    program     extern C:\Users\Ambin\OneDrive\Documenten\Labirynth\BMA150.c
                     Step   0x00ae0c    program     extern C:\Users\Ambin\OneDrive\Documenten\Labirynth\physics.c
                  TAGTB32   0x00d1d8    program     extern C:\MCC18\src\traditional\math\gtFP.asm
                  TALTB32   0x00d1ea    program     extern C:\MCC18\src\traditional\math\ltFP.asm
               TSIGN1616A   0x00d11e    program     static C:\MCC18\src\traditional\math\fxm1616s.asm
                 UserInit   0x00cb9a    program     extern C:\Users\Ambin\OneDrive\Documenten\Labirynth\main.c
             WriteCommand   0x00d4a0    program     extern C:\Users\Ambin\OneDrive\Documenten\Labirynth\oled.c
                WriteData   0x00d4a6    program     extern C:\Users\Ambin\OneDrive\Documenten\Labirynth\oled.c
            WriteGameOver   0x00caea    program     extern C:\Users\Ambin\OneDrive\Documenten\Labirynth\main.c
  YourHighPriorityISRCode   0x00c392    program     extern C:\Users\Ambin\OneDrive\Documenten\Labirynth\main.c
   YourLowPriorityISRCode   0x00c398    program     extern C:\Users\Ambin\OneDrive\Documenten\Labirynth\main.c
                   _2jEnd   0x00e714    program     static C:\MCC18\src\traditional\stdclib\slenpgm.asm
              __FpCompare   0x00d1fc    program     extern C:\MCC18\src\traditional\math\compFP.asm
                 __FpExit   0x00d2b2    program     extern C:\MCC18\src\traditional\math\packFP.asm
                 __FpPack   0x00d2de    program     extern C:\MCC18\src\traditional\math\packFP.asm
            __FpReturnNaN   0x00d2a6    program     extern C:\MCC18\src\traditional\math\packFP.asm
         __FpReturnNegInf   0x00d2b8    program     extern C:\MCC18\src\traditional\math\packFP.asm
        __FpReturnNegZero   0x00d2d0    program     extern C:\MCC18\src\traditional\math\packFP.asm
         __FpReturnPosInf   0x00d2be    program     extern C:\MCC18\src\traditional\math\packFP.asm
        __FpReturnPosZero   0x00d2d8    program     extern C:\MCC18\src\traditional\math\packFP.asm
        __FpReturnSignInf   0x00d2b4    program     extern C:\MCC18\src\traditional\math\packFP.asm
       __FpReturnSignZero   0x00d2cc    program     extern C:\MCC18\src\traditional\math\packFP.asm
              __FpReturnW   0x00d336    program     extern C:\MCC18\src\traditional\math\packFP.asm
              __FpUnPackA   0x00d356    program     extern C:\MCC18\src\traditional\math\UnpackFP.asm
              __FpUnPackB   0x00d386    program     extern C:\MCC18\src\traditional\math\UnpackFP.asm
       ___case_0_lbl00048   0x00c692    program     static                          
       ___case_0_lbl00069   0x00c9e2    program     static                          
       ___case_1_lbl00050   0x00c75a    program     static                          
       ___case_1_lbl00070   0x00c9ec    program     static                          
       ___case_2_lbl00071   0x00ca12    program     static                          
       ___case_3_lbl00072   0x00ca30    program     static                          
       ___case_4_lbl00051   0x00c768    program     static                          
       ___case_5_lbl00053   0x00c824    program     static                          
       ___case_6_lbl00054   0x00c830    program     static                          
       ___case_7_lbl00074   0x00ca36    program     static                          
       ___case_8_lbl00075   0x00ca3a    program     static                          
       ___case_9_lbl00076   0x00cad0    program     static                          
      ___default_lbl00077   0x00cad4    program     static                          
         ___else_lbl00009   0x00dcd2    program     static                          
         ___else_lbl00059   0x00c850    program     static                          
         ___else_lbl00061   0x00c8b6    program     static                          
         ___else_lbl00063   0x00c8f2    program     static                          
         ___else_lbl00065   0x00c930    program     static                          
         ___else_lbl00067   0x00c96e    program     static                          
           ___if_lbl00001   0x00db6a    program     static                          
           ___if_lbl00005   0x00dc30    program     static                          
           ___if_lbl00008   0x00dcda    program     static                          
           ___if_lbl00049   0x00c766    program     static                          
           ___if_lbl00052   0x00c82e    program     static                          
           ___if_lbl00055   0x00c84e    program     static                          
           ___if_lbl00056   0x00c862    program     static                          
           ___if_lbl00057   0x00c862    program     static                          
           ___if_lbl00058   0x00c862    program     static                          
           ___if_lbl00060   0x00c8d0    program     static                          
           ___if_lbl00062   0x00c90c    program     static                          
           ___if_lbl00064   0x00c94a    program     static                          
           ___if_lbl00066   0x00c988    program     static                          
           ___if_lbl00073   0x00ca34    program     static                          
       ___return_lbl00000   0x00e770    program     static                          
       ___return_lbl00000   0x00e79c    program     static                          
       ___return_lbl00000   0x000004    program     static                          
       ___return_lbl00000   0x00a004    program     static                          
       ___return_lbl00000   0x00e6c2    program     static                          
       ___return_lbl00000   0x00dbd0    program     static                          
       ___return_lbl00001   0x00a00c    program     static                          
       ___return_lbl00001   0x00e7dc    program     static                          
       ___return_lbl00002   0x00a01c    program     static                          
       ___return_lbl00002   0x00e5ce    program     static                          
       ___return_lbl00003   0x00000c    program     static                          
       ___return_lbl00003   0x00dce0    program     static                          
       ___return_lbl00003   0x00e0e4    program     static                          
       ___return_lbl00004   0x00001c    program     static                          
       ___return_lbl00012   0x00dd90    program     static                          
       ___return_lbl00046   0x00cad6    program     static                          
   ___switchexit_lbl00047   0x00cad6    program     static                          
   ___switchexit_lbl00068   0x00ca34    program     static                          
        ___while_lbl00004   0x00e0c6    program     static                          
        ___while_lbl00005   0x00e0ca    program     static                          
        ___while_lbl00006   0x00dc3a    program     static                          
        ___while_lbl00007   0x00dc3e    program     static                          
        ___while_lbl00010   0x00dcda    program     static                          
        ___while_lbl00011   0x00dcde    program     static                          
        ___while_lbl00013   0x00dcfe    program     static                          
        ___while_lbl00014   0x00dd02    program     static                          
        ___while_lbl00015   0x00dd86    program     static                          
        ___while_lbl00016   0x00dd8a    program     static                          
               __config_0   0x00fff8    program     static C:\Users\Ambin\OneDrive\Documenten\Labirynth\main.c
               __config_1   0x00fff9    program     static C:\Users\Ambin\OneDrive\Documenten\Labirynth\main.c
               __config_2   0x00fffa    program     static C:\Users\Ambin\OneDrive\Documenten\Labirynth\main.c
               __config_3   0x00fffb    program     static C:\Users\Ambin\OneDrive\Documenten\Labirynth\main.c
               __config_4   0x00fffc    program     static C:\Users\Ambin\OneDrive\Documenten\Labirynth\main.c
               __config_5   0x00fffd    program     static C:\Users\Ambin\OneDrive\Documenten\Labirynth\main.c
               __config_6   0x00fffe    program     static C:\Users\Ambin\OneDrive\Documenten\Labirynth\main.c
               __config_7   0x00ffff    program     static C:\Users\Ambin\OneDrive\Documenten\Labirynth\main.c
                   __init   0x00a00e    program     extern C:\MCC18\src\traditional\stdclib\__init.c
                   __pa_0   0x00a9a8    program     static C:\MCC18\src\traditional\stdclib\vfprintf.c
                   __pa_0   0x00d694    program     static C:\Users\Ambin\OneDrive\Documenten\Labirynth\oled.c
                   __pa_0   0x00db0a    program     static C:\Users\Ambin\OneDrive\Documenten\Labirynth\levels.c
                   __pa_0   0x00e16e    program     static C:\Users\Ambin\OneDrive\Documenten\Labirynth\mtouch.c
                   __pa_0   0x00cc42    program     static C:\Users\Ambin\OneDrive\Documenten\Labirynth\main.c
                   __pa_0   0x00c10e    program     static C:\Users\Ambin\OneDrive\Documenten\Labirynth\graph.c
                   __pa_0   0x00b2fc    program     static C:\Users\Ambin\OneDrive\Documenten\Labirynth\physics.c
                   __pa_1   0x00d6b0    program     static C:\Users\Ambin\OneDrive\Documenten\Labirynth\oled.c
                   __pa_1   0x00db18    program     static C:\Users\Ambin\OneDrive\Documenten\Labirynth\levels.c
                   __pa_1   0x00b318    program     static C:\Users\Ambin\OneDrive\Documenten\Labirynth\physics.c
                   __pa_1   0x00e17e    program     static C:\Users\Ambin\OneDrive\Documenten\Labirynth\mtouch.c
                   __pa_1   0x00cc62    program     static C:\Users\Ambin\OneDrive\Documenten\Labirynth\main.c
                   __pa_1   0x00c128    program     static C:\Users\Ambin\OneDrive\Documenten\Labirynth\graph.c
                   __pa_1   0x00a9b0    program     static C:\MCC18\src\traditional\stdclib\vfprintf.c
                  __pa_10   0x00cd1e    program     static C:\Users\Ambin\OneDrive\Documenten\Labirynth\main.c
                  __pa_10   0x00c17e    program     static C:\Users\Ambin\OneDrive\Documenten\Labirynth\graph.c
                  __pa_10   0x00d738    program     static C:\Users\Ambin\OneDrive\Documenten\Labirynth\oled.c
                  __pa_10   0x00b4dc    program     static C:\Users\Ambin\OneDrive\Documenten\Labirynth\physics.c
                  __pa_10   0x00aa64    program     static C:\MCC18\src\traditional\stdclib\vfprintf.c
                  __pa_11   0x00d748    program     static C:\Users\Ambin\OneDrive\Documenten\Labirynth\oled.c
                  __pa_11   0x00aa72    program     static C:\MCC18\src\traditional\stdclib\vfprintf.c
                  __pa_11   0x00c18c    program     static C:\Users\Ambin\OneDrive\Documenten\Labirynth\graph.c
                  __pa_11   0x00b4ea    program     static C:\Users\Ambin\OneDrive\Documenten\Labirynth\physics.c
                  __pa_11   0x00cd28    program     static C:\Users\Ambin\OneDrive\Documenten\Labirynth\main.c
                  __pa_12   0x00c19a    program     static C:\Users\Ambin\OneDrive\Documenten\Labirynth\graph.c
                  __pa_12   0x00b500    program     static C:\Users\Ambin\OneDrive\Documenten\Labirynth\physics.c
                  __pa_12   0x00aa88    program     static C:\MCC18\src\traditional\stdclib\vfprintf.c
                  __pa_12   0x00cd36    program     static C:\Users\Ambin\OneDrive\Documenten\Labirynth\main.c
                  __pa_12   0x00d75c    program     static C:\Users\Ambin\OneDrive\Documenten\Labirynth\oled.c
                  __pa_13   0x00c1a6    program     static C:\Users\Ambin\OneDrive\Documenten\Labirynth\graph.c
                  __pa_13   0x00b512    program     static C:\Users\Ambin\OneDrive\Documenten\Labirynth\physics.c
                  __pa_13   0x00cd44    program     static C:\Users\Ambin\OneDrive\Documenten\Labirynth\main.c
                  __pa_13   0x00aaa2    program     static C:\MCC18\src\traditional\stdclib\vfprintf.c
                  __pa_13   0x00d764    program     static C:\Users\Ambin\OneDrive\Documenten\Labirynth\oled.c
                  __pa_14   0x00c1b0    program     static C:\Users\Ambin\OneDrive\Documenten\Labirynth\graph.c
                  __pa_14   0x00aaba    program     static C:\MCC18\src\traditional\stdclib\vfprintf.c
                  __pa_14   0x00d772    program     static C:\Users\Ambin\OneDrive\Documenten\Labirynth\oled.c
                  __pa_14   0x00cd52    program     static C:\Users\Ambin\OneDrive\Documenten\Labirynth\main.c
                  __pa_14   0x00b524    program     static C:\Users\Ambin\OneDrive\Documenten\Labirynth\physics.c
                  __pa_15   0x00d77c    program     static C:\Users\Ambin\OneDrive\Documenten\Labirynth\oled.c
                  __pa_15   0x00cd62    program     static C:\Users\Ambin\OneDrive\Documenten\Labirynth\main.c
                  __pa_15   0x00aaca    program     static C:\MCC18\src\traditional\stdclib\vfprintf.c
                  __pa_15   0x00b536    program     static C:\Users\Ambin\OneDrive\Documenten\Labirynth\physics.c
                  __pa_15   0x00c1ba    program     static C:\Users\Ambin\OneDrive\Documenten\Labirynth\graph.c
                  __pa_16   0x00d7c6    program     static C:\Users\Ambin\OneDrive\Documenten\Labirynth\oled.c
                  __pa_16   0x00b548    program     static C:\Users\Ambin\OneDrive\Documenten\Labirynth\physics.c
                  __pa_16   0x00cd6c    program     static C:\Users\Ambin\OneDrive\Documenten\Labirynth\main.c
                  __pa_16   0x00aae0    program     static C:\MCC18\src\traditional\stdclib\vfprintf.c
                  __pa_16   0x00c1c4    program     static C:\Users\Ambin\OneDrive\Documenten\Labirynth\graph.c
                  __pa_17   0x00cd7c    program     static C:\Users\Ambin\OneDrive\Documenten\Labirynth\main.c
                  __pa_17   0x00aaf2    program     static C:\MCC18\src\traditional\stdclib\vfprintf.c
                  __pa_17   0x00d7d2    program     static C:\Users\Ambin\OneDrive\Documenten\Labirynth\oled.c
                  __pa_17   0x00b554    program     static C:\Users\Ambin\OneDrive\Documenten\Labirynth\physics.c
                  __pa_17   0x00c1cc    program     static C:\Users\Ambin\OneDrive\Documenten\Labirynth\graph.c
                  __pa_18   0x00ab04    program     static C:\MCC18\src\traditional\stdclib\vfprintf.c
                  __pa_18   0x00d7da    program     static C:\Users\Ambin\OneDrive\Documenten\Labirynth\oled.c
                  __pa_18   0x00cd82    program     static C:\Users\Ambin\OneDrive\Documenten\Labirynth\main.c
                  __pa_18   0x00c1d4    program     static C:\Users\Ambin\OneDrive\Documenten\Labirynth\graph.c
                  __pa_18   0x00b566    program     static C:\Users\Ambin\OneDrive\Documenten\Labirynth\physics.c
                  __pa_19   0x00b57e    program     static C:\Users\Ambin\OneDrive\Documenten\Labirynth\physics.c
                  __pa_19   0x00d7e2    program     static C:\Users\Ambin\OneDrive\Documenten\Labirynth\oled.c
                  __pa_19   0x00ab0e    program     static C:\MCC18\src\traditional\stdclib\vfprintf.c
                  __pa_19   0x00c1da    program     static C:\Users\Ambin\OneDrive\Documenten\Labirynth\graph.c
                   __pa_2   0x00c132    program     static C:\Users\Ambin\OneDrive\Documenten\Labirynth\graph.c
                   __pa_2   0x00cc82    program     static C:\Users\Ambin\OneDrive\Documenten\Labirynth\main.c
                   __pa_2   0x00d6b6    program     static C:\Users\Ambin\OneDrive\Documenten\Labirynth\oled.c
                   __pa_2   0x00e192    program     static C:\Users\Ambin\OneDrive\Documenten\Labirynth\mtouch.c
                   __pa_2   0x00a9ba    program     static C:\MCC18\src\traditional\stdclib\vfprintf.c
                   __pa_2   0x00b3ce    program     static C:\Users\Ambin\OneDrive\Documenten\Labirynth\physics.c
                  __pa_20   0x00b58e    program     static C:\Users\Ambin\OneDrive\Documenten\Labirynth\physics.c
                  __pa_20   0x00c1e0    program     static C:\Users\Ambin\OneDrive\Documenten\Labirynth\graph.c
                  __pa_20   0x00ab1e    program     static C:\MCC18\src\traditional\stdclib\vfprintf.c
                  __pa_20   0x00d7ea    program     static C:\Users\Ambin\OneDrive\Documenten\Labirynth\oled.c
                  __pa_21   0x00b59a    program     static C:\Users\Ambin\OneDrive\Documenten\Labirynth\physics.c
                  __pa_21   0x00c1e6    program     static C:\Users\Ambin\OneDrive\Documenten\Labirynth\graph.c
                  __pa_21   0x00ab2e    program     static C:\MCC18\src\traditional\stdclib\vfprintf.c
                  __pa_21   0x00d7f4    program     static C:\Users\Ambin\OneDrive\Documenten\Labirynth\oled.c
                  __pa_22   0x00c1ee    program     static C:\Users\Ambin\OneDrive\Documenten\Labirynth\graph.c
                  __pa_22   0x00d800    program     static C:\Users\Ambin\OneDrive\Documenten\Labirynth\oled.c
                  __pa_22   0x00b5ae    program     static C:\Users\Ambin\OneDrive\Documenten\Labirynth\physics.c
                  __pa_22   0x00ab3e    program     static C:\MCC18\src\traditional\stdclib\vfprintf.c
                  __pa_23   0x00b5b8    program     static C:\Users\Ambin\OneDrive\Documenten\Labirynth\physics.c
                  __pa_23   0x00d80a    program     static C:\Users\Ambin\OneDrive\Documenten\Labirynth\oled.c
                  __pa_23   0x00c1f4    program     static C:\Users\Ambin\OneDrive\Documenten\Labirynth\graph.c
                  __pa_23   0x00ab4a    program     static C:\MCC18\src\traditional\stdclib\vfprintf.c
                  __pa_24   0x00b5be    program     static C:\Users\Ambin\OneDrive\Documenten\Labirynth\physics.c
                  __pa_24   0x00c1fc    program     static C:\Users\Ambin\OneDrive\Documenten\Labirynth\graph.c
                  __pa_24   0x00ab58    program     static C:\MCC18\src\traditional\stdclib\vfprintf.c
                  __pa_25   0x00b5c4    program     static C:\Users\Ambin\OneDrive\Documenten\Labirynth\physics.c
                  __pa_25   0x00ab60    program     static C:\MCC18\src\traditional\stdclib\vfprintf.c
                  __pa_25   0x00c206    program     static C:\Users\Ambin\OneDrive\Documenten\Labirynth\graph.c
                  __pa_26   0x00c20c    program     static C:\Users\Ambin\OneDrive\Documenten\Labirynth\graph.c
                  __pa_26   0x00ab6a    program     static C:\MCC18\src\traditional\stdclib\vfprintf.c
                  __pa_26   0x00b5ca    program     static C:\Users\Ambin\OneDrive\Documenten\Labirynth\physics.c
                  __pa_27   0x00c214    program     static C:\Users\Ambin\OneDrive\Documenten\Labirynth\graph.c
                  __pa_27   0x00ab74    program     static C:\MCC18\src\traditional\stdclib\vfprintf.c
                  __pa_27   0x00b5d6    program     static C:\Users\Ambin\OneDrive\Documenten\Labirynth\physics.c
                  __pa_28   0x00ab7c    program     static C:\MCC18\src\traditional\stdclib\vfprintf.c
                  __pa_28   0x00c21c    program     static C:\Users\Ambin\OneDrive\Documenten\Labirynth\graph.c
                  __pa_28   0x00b5e2    program     static C:\Users\Ambin\OneDrive\Documenten\Labirynth\physics.c
                  __pa_29   0x00c222    program     static C:\Users\Ambin\OneDrive\Documenten\Labirynth\graph.c
                  __pa_29   0x00b5ee    program     static C:\Users\Ambin\OneDrive\Documenten\Labirynth\physics.c
                  __pa_29   0x00ab8a    program     static C:\MCC18\src\traditional\stdclib\vfprintf.c
                   __pa_3   0x00b3d4    program     static C:\Users\Ambin\OneDrive\Documenten\Labirynth\physics.c
                   __pa_3   0x00a9c4    program     static C:\MCC18\src\traditional\stdclib\vfprintf.c
                   __pa_3   0x00cc98    program     static C:\Users\Ambin\OneDrive\Documenten\Labirynth\main.c
                   __pa_3   0x00c138    program     static C:\Users\Ambin\OneDrive\Documenten\Labirynth\graph.c
                   __pa_3   0x00e1a6    program     static C:\Users\Ambin\OneDrive\Documenten\Labirynth\mtouch.c
                   __pa_3   0x00d6c2    program     static C:\Users\Ambin\OneDrive\Documenten\Labirynth\oled.c
                  __pa_30   0x00b600    program     static C:\Users\Ambin\OneDrive\Documenten\Labirynth\physics.c
                  __pa_30   0x00aba6    program     static C:\MCC18\src\traditional\stdclib\vfprintf.c
                  __pa_30   0x00c228    program     static C:\Users\Ambin\OneDrive\Documenten\Labirynth\graph.c
                  __pa_31   0x00b612    program     static C:\Users\Ambin\OneDrive\Documenten\Labirynth\physics.c
                  __pa_31   0x00abc0    program     static C:\MCC18\src\traditional\stdclib\vfprintf.c
                  __pa_31   0x00c22e    program     static C:\Users\Ambin\OneDrive\Documenten\Labirynth\graph.c
                  __pa_32   0x00abda    program     static C:\MCC18\src\traditional\stdclib\vfprintf.c
                  __pa_32   0x00b61e    program     static C:\Users\Ambin\OneDrive\Documenten\Labirynth\physics.c
                  __pa_32   0x00c238    program     static C:\Users\Ambin\OneDrive\Documenten\Labirynth\graph.c
                  __pa_33   0x00abf2    program     static C:\MCC18\src\traditional\stdclib\vfprintf.c
                  __pa_33   0x00b622    program     static C:\Users\Ambin\OneDrive\Documenten\Labirynth\physics.c
                  __pa_33   0x00c242    program     static C:\Users\Ambin\OneDrive\Documenten\Labirynth\graph.c
                  __pa_34   0x00b632    program     static C:\Users\Ambin\OneDrive\Documenten\Labirynth\physics.c
                  __pa_34   0x00c24a    program     static C:\Users\Ambin\OneDrive\Documenten\Labirynth\graph.c
                  __pa_34   0x00abfc    program     static C:\MCC18\src\traditional\stdclib\vfprintf.c
                  __pa_35   0x00c250    program     static C:\Users\Ambin\OneDrive\Documenten\Labirynth\graph.c
                  __pa_35   0x00b640    program     static C:\Users\Ambin\OneDrive\Documenten\Labirynth\physics.c
                  __pa_35   0x00ac0a    program     static C:\MCC18\src\traditional\stdclib\vfprintf.c
                  __pa_36   0x00c256    program     static C:\Users\Ambin\OneDrive\Documenten\Labirynth\graph.c
                  __pa_36   0x00b648    program     static C:\Users\Ambin\OneDrive\Documenten\Labirynth\physics.c
                  __pa_36   0x00ac12    program     static C:\MCC18\src\traditional\stdclib\vfprintf.c
                  __pa_37   0x00ac1c    program     static C:\MCC18\src\traditional\stdclib\vfprintf.c
                  __pa_37   0x00c25c    program     static C:\Users\Ambin\OneDrive\Documenten\Labirynth\graph.c
                  __pa_37   0x00b656    program     static C:\Users\Ambin\OneDrive\Documenten\Labirynth\physics.c
                  __pa_38   0x00c266    program     static C:\Users\Ambin\OneDrive\Documenten\Labirynth\graph.c
                  __pa_38   0x00ac2c    program     static C:\MCC18\src\traditional\stdclib\vfprintf.c
                  __pa_38   0x00b668    program     static C:\Users\Ambin\OneDrive\Documenten\Labirynth\physics.c
                  __pa_39   0x00c26c    program     static C:\Users\Ambin\OneDrive\Documenten\Labirynth\graph.c
                  __pa_39   0x00b68a    program     static C:\Users\Ambin\OneDrive\Documenten\Labirynth\physics.c
                  __pa_39   0x00ac3a    program     static C:\MCC18\src\traditional\stdclib\vfprintf.c
                   __pa_4   0x00a9dc    program     static C:\MCC18\src\traditional\stdclib\vfprintf.c
                   __pa_4   0x00b3ee    program     static C:\Users\Ambin\OneDrive\Documenten\Labirynth\physics.c
                   __pa_4   0x00d6dc    program     static C:\Users\Ambin\OneDrive\Documenten\Labirynth\oled.c
                   __pa_4   0x00c140    program     static C:\Users\Ambin\OneDrive\Documenten\Labirynth\graph.c
                   __pa_4   0x00ccb6    program     static C:\Users\Ambin\OneDrive\Documenten\Labirynth\main.c
                  __pa_40   0x00ac46    program     static C:\MCC18\src\traditional\stdclib\vfprintf.c
                  __pa_40   0x00b6ac    program     static C:\Users\Ambin\OneDrive\Documenten\Labirynth\physics.c
                  __pa_40   0x00c27e    program     static C:\Users\Ambin\OneDrive\Documenten\Labirynth\graph.c
                  __pa_41   0x00b6be    program     static C:\Users\Ambin\OneDrive\Documenten\Labirynth\physics.c
                  __pa_41   0x00c28c    program     static C:\Users\Ambin\OneDrive\Documenten\Labirynth\graph.c
                  __pa_41   0x00ac52    program     static C:\MCC18\src\traditional\stdclib\vfprintf.c
                  __pa_42   0x00c290    program     static C:\Users\Ambin\OneDrive\Documenten\Labirynth\graph.c
                  __pa_42   0x00b6d0    program     static C:\Users\Ambin\OneDrive\Documenten\Labirynth\physics.c
                  __pa_42   0x00ac5a    program     static C:\MCC18\src\traditional\stdclib\vfprintf.c
                  __pa_43   0x00c296    program     static C:\Users\Ambin\OneDrive\Documenten\Labirynth\graph.c
                  __pa_43   0x00b6e2    program     static C:\Users\Ambin\OneDrive\Documenten\Labirynth\physics.c
                  __pa_43   0x00ac64    program     static C:\MCC18\src\traditional\stdclib\vfprintf.c
                  __pa_44   0x00c2a4    program     static C:\Users\Ambin\OneDrive\Documenten\Labirynth\graph.c
                  __pa_44   0x00b6f4    program     static C:\Users\Ambin\OneDrive\Documenten\Labirynth\physics.c
                  __pa_44   0x00ac6a    program     static C:\MCC18\src\traditional\stdclib\vfprintf.c
                  __pa_45   0x00b6fe    program     static C:\Users\Ambin\OneDrive\Documenten\Labirynth\physics.c
                  __pa_45   0x00c2ae    program     static C:\Users\Ambin\OneDrive\Documenten\Labirynth\graph.c
                  __pa_45   0x00ac74    program     static C:\MCC18\src\traditional\stdclib\vfprintf.c
                  __pa_46   0x00ac80    program     static C:\MCC18\src\traditional\stdclib\vfprintf.c
                  __pa_46   0x00b708    program     static C:\Users\Ambin\OneDrive\Documenten\Labirynth\physics.c
                  __pa_46   0x00c2ba    program     static C:\Users\Ambin\OneDrive\Documenten\Labirynth\graph.c
                  __pa_47   0x00c2c4    program     static C:\Users\Ambin\OneDrive\Documenten\Labirynth\graph.c
                  __pa_47   0x00b710    program     static C:\Users\Ambin\OneDrive\Documenten\Labirynth\physics.c
                  __pa_48   0x00b71e    program     static C:\Users\Ambin\OneDrive\Documenten\Labirynth\physics.c
                  __pa_48   0x00c2ce    program     static C:\Users\Ambin\OneDrive\Documenten\Labirynth\graph.c
                  __pa_49   0x00b730    program     static C:\Users\Ambin\OneDrive\Documenten\Labirynth\physics.c
                  __pa_49   0x00c2d6    program     static C:\Users\Ambin\OneDrive\Documenten\Labirynth\graph.c
                   __pa_5   0x00c148    program     static C:\Users\Ambin\OneDrive\Documenten\Labirynth\graph.c
                   __pa_5   0x00ccd4    program     static C:\Users\Ambin\OneDrive\Documenten\Labirynth\main.c
                   __pa_5   0x00b402    program     static C:\Users\Ambin\OneDrive\Documenten\Labirynth\physics.c
                   __pa_5   0x00a9f0    program     static C:\MCC18\src\traditional\stdclib\vfprintf.c
                   __pa_5   0x00d6e4    program     static C:\Users\Ambin\OneDrive\Documenten\Labirynth\oled.c
                  __pa_50   0x00b742    program     static C:\Users\Ambin\OneDrive\Documenten\Labirynth\physics.c
                  __pa_50   0x00c2da    program     static C:\Users\Ambin\OneDrive\Documenten\Labirynth\graph.c
                  __pa_51   0x00c2e0    program     static C:\Users\Ambin\OneDrive\Documenten\Labirynth\graph.c
                  __pa_51   0x00b74c    program     static C:\Users\Ambin\OneDrive\Documenten\Labirynth\physics.c
                  __pa_52   0x00c2e6    program     static C:\Users\Ambin\OneDrive\Documenten\Labirynth\graph.c
                  __pa_52   0x00b766    program     static C:\Users\Ambin\OneDrive\Documenten\Labirynth\physics.c
                  __pa_53   0x00c2ec    program     static C:\Users\Ambin\OneDrive\Documenten\Labirynth\graph.c
                  __pa_53   0x00b76e    program     static C:\Users\Ambin\OneDrive\Documenten\Labirynth\physics.c
                  __pa_54   0x00c2f2    program     static C:\Users\Ambin\OneDrive\Documenten\Labirynth\graph.c
                  __pa_54   0x00b780    program     static C:\Users\Ambin\OneDrive\Documenten\Labirynth\physics.c
                  __pa_55   0x00b78c    program     static C:\Users\Ambin\OneDrive\Documenten\Labirynth\physics.c
                  __pa_55   0x00c2f8    program     static C:\Users\Ambin\OneDrive\Documenten\Labirynth\graph.c
                  __pa_56   0x00b79e    program     static C:\Users\Ambin\OneDrive\Documenten\Labirynth\physics.c
                  __pa_56   0x00c2fe    program     static C:\Users\Ambin\OneDrive\Documenten\Labirynth\graph.c
                  __pa_57   0x00c304    program     static C:\Users\Ambin\OneDrive\Documenten\Labirynth\graph.c
                  __pa_57   0x00b7b0    program     static C:\Users\Ambin\OneDrive\Documenten\Labirynth\physics.c
                  __pa_58   0x00c30a    program     static C:\Users\Ambin\OneDrive\Documenten\Labirynth\graph.c
                  __pa_58   0x00b7b8    program     static C:\Users\Ambin\OneDrive\Documenten\Labirynth\physics.c
                  __pa_59   0x00c310    program     static C:\Users\Ambin\OneDrive\Documenten\Labirynth\graph.c
                  __pa_59   0x00b7c0    program     static C:\Users\Ambin\OneDrive\Documenten\Labirynth\physics.c
                   __pa_6   0x00ccde    program     static C:\Users\Ambin\OneDrive\Documenten\Labirynth\main.c
                   __pa_6   0x00b454    program     static C:\Users\Ambin\OneDrive\Documenten\Labirynth\physics.c
                   __pa_6   0x00aa0c    program     static C:\MCC18\src\traditional\stdclib\vfprintf.c
                   __pa_6   0x00c156    program     static C:\Users\Ambin\OneDrive\Documenten\Labirynth\graph.c
                   __pa_6   0x00d6f6    program     static C:\Users\Ambin\OneDrive\Documenten\Labirynth\oled.c
                  __pa_60   0x00c316    program     static C:\Users\Ambin\OneDrive\Documenten\Labirynth\graph.c
                  __pa_60   0x00b7ca    program     static C:\Users\Ambin\OneDrive\Documenten\Labirynth\physics.c
                  __pa_61   0x00c322    program     static C:\Users\Ambin\OneDrive\Documenten\Labirynth\graph.c
                  __pa_61   0x00b7d4    program     static C:\Users\Ambin\OneDrive\Documenten\Labirynth\physics.c
                  __pa_62   0x00c328    program     static C:\Users\Ambin\OneDrive\Documenten\Labirynth\graph.c
                  __pa_62   0x00b7e2    program     static C:\Users\Ambin\OneDrive\Documenten\Labirynth\physics.c
                  __pa_63   0x00c32e    program     static C:\Users\Ambin\OneDrive\Documenten\Labirynth\graph.c
                  __pa_63   0x00b7f8    program     static C:\Users\Ambin\OneDrive\Documenten\Labirynth\physics.c
                  __pa_64   0x00c336    program     static C:\Users\Ambin\OneDrive\Documenten\Labirynth\graph.c
                  __pa_64   0x00b80e    program     static C:\Users\Ambin\OneDrive\Documenten\Labirynth\physics.c
                  __pa_65   0x00c33e    program     static C:\Users\Ambin\OneDrive\Documenten\Labirynth\graph.c
                  __pa_66   0x00c346    program     static C:\Users\Ambin\OneDrive\Documenten\Labirynth\graph.c
                  __pa_67   0x00c34c    program     static C:\Users\Ambin\OneDrive\Documenten\Labirynth\graph.c
                  __pa_68   0x00c352    program     static C:\Users\Ambin\OneDrive\Documenten\Labirynth\graph.c
                  __pa_69   0x00c358    program     static C:\Users\Ambin\OneDrive\Documenten\Labirynth\graph.c
                   __pa_7   0x00d706    program     static C:\Users\Ambin\OneDrive\Documenten\Labirynth\oled.c
                   __pa_7   0x00aa16    program     static C:\MCC18\src\traditional\stdclib\vfprintf.c
                   __pa_7   0x00b490    program     static C:\Users\Ambin\OneDrive\Documenten\Labirynth\physics.c
                   __pa_7   0x00ccec    program     static C:\Users\Ambin\OneDrive\Documenten\Labirynth\main.c
                   __pa_7   0x00c160    program     static C:\Users\Ambin\OneDrive\Documenten\Labirynth\graph.c
                  __pa_70   0x00c35e    program     static C:\Users\Ambin\OneDrive\Documenten\Labirynth\graph.c
                  __pa_71   0x00c364    program     static C:\Users\Ambin\OneDrive\Documenten\Labirynth\graph.c
                  __pa_72   0x00c36a    program     static C:\Users\Ambin\OneDrive\Documenten\Labirynth\graph.c
                  __pa_73   0x00c372    program     static C:\Users\Ambin\OneDrive\Documenten\Labirynth\graph.c
                  __pa_74   0x00c37a    program     static C:\Users\Ambin\OneDrive\Documenten\Labirynth\graph.c
                  __pa_75   0x00c380    program     static C:\Users\Ambin\OneDrive\Documenten\Labirynth\graph.c
                  __pa_76   0x00c386    program     static C:\Users\Ambin\OneDrive\Documenten\Labirynth\graph.c
                  __pa_77   0x00c38c    program     static C:\Users\Ambin\OneDrive\Documenten\Labirynth\graph.c
                   __pa_8   0x00c16a    program     static C:\Users\Ambin\OneDrive\Documenten\Labirynth\graph.c
                   __pa_8   0x00aa22    program     static C:\MCC18\src\traditional\stdclib\vfprintf.c
                   __pa_8   0x00ccfe    program     static C:\Users\Ambin\OneDrive\Documenten\Labirynth\main.c
                   __pa_8   0x00b496    program     static C:\Users\Ambin\OneDrive\Documenten\Labirynth\physics.c
                   __pa_8   0x00d710    program     static C:\Users\Ambin\OneDrive\Documenten\Labirynth\oled.c
                   __pa_9   0x00aa44    program     static C:\MCC18\src\traditional\stdclib\vfprintf.c
                   __pa_9   0x00c172    program     static C:\Users\Ambin\OneDrive\Documenten\Labirynth\graph.c
                   __pa_9   0x00cd08    program     static C:\Users\Ambin\OneDrive\Documenten\Labirynth\main.c
                   __pa_9   0x00b4d2    program     static C:\Users\Ambin\OneDrive\Documenten\Labirynth\physics.c
                   __pa_9   0x00d71e    program     static C:\Users\Ambin\OneDrive\Documenten\Labirynth\oled.c
               __string_0   0x00dfc0    program     static C:\Users\Ambin\OneDrive\Documenten\Labirynth\main.c
               __string_1   0x00dfaa    program     static C:\Users\Ambin\OneDrive\Documenten\Labirynth\main.c
              __string_10   0x00dee1    program     static C:\Users\Ambin\OneDrive\Documenten\Labirynth\main.c
              __string_11   0x00decb    program     static C:\Users\Ambin\OneDrive\Documenten\Labirynth\main.c
              __string_12   0x00deb5    program     static C:\Users\Ambin\OneDrive\Documenten\Labirynth\main.c
              __string_13   0x00de9f    program     static C:\Users\Ambin\OneDrive\Documenten\Labirynth\main.c
              __string_14   0x00de89    program     static C:\Users\Ambin\OneDrive\Documenten\Labirynth\main.c
              __string_15   0x00de73    program     static C:\Users\Ambin\OneDrive\Documenten\Labirynth\main.c
              __string_16   0x00de5c    program     static C:\Users\Ambin\OneDrive\Documenten\Labirynth\main.c
              __string_17   0x00de46    program     static C:\Users\Ambin\OneDrive\Documenten\Labirynth\main.c
              __string_18   0x00de30    program     static C:\Users\Ambin\OneDrive\Documenten\Labirynth\main.c
              __string_19   0x00de1a    program     static C:\Users\Ambin\OneDrive\Documenten\Labirynth\main.c
               __string_2   0x00df93    program     static C:\Users\Ambin\OneDrive\Documenten\Labirynth\main.c
              __string_20   0x00de04    program     static C:\Users\Ambin\OneDrive\Documenten\Labirynth\main.c
              __string_21   0x00ddee    program     static C:\Users\Ambin\OneDrive\Documenten\Labirynth\main.c
              __string_22   0x00ddd8    program     static C:\Users\Ambin\OneDrive\Documenten\Labirynth\main.c
              __string_23   0x00ddc2    program     static C:\Users\Ambin\OneDrive\Documenten\Labirynth\main.c
              __string_24   0x00ddac    program     static C:\Users\Ambin\OneDrive\Documenten\Labirynth\main.c
              __string_25   0x00dd98    program     static C:\Users\Ambin\OneDrive\Documenten\Labirynth\main.c
               __string_3   0x00df7c    program     static C:\Users\Ambin\OneDrive\Documenten\Labirynth\main.c
               __string_4   0x00df66    program     static C:\Users\Ambin\OneDrive\Documenten\Labirynth\main.c
               __string_5   0x00df50    program     static C:\Users\Ambin\OneDrive\Documenten\Labirynth\main.c
               __string_6   0x00df39    program     static C:\Users\Ambin\OneDrive\Documenten\Labirynth\main.c
               __string_7   0x00df22    program     static C:\Users\Ambin\OneDrive\Documenten\Labirynth\main.c
               __string_8   0x00df0e    program     static C:\Users\Ambin\OneDrive\Documenten\Labirynth\main.c
               __string_9   0x00def7    program     static C:\Users\Ambin\OneDrive\Documenten\Labirynth\main.c
               __tmplbl_0   0x00c16a    program     static                          
               __tmplbl_0   0x00dc24    program     static                          
               __tmplbl_1   0x00dc1c    program     static                          
              __tmplbl_15   0x00ccfe    program     static                          
              __tmplbl_16   0x00b496    program     static                          
              __tmplbl_17   0x00b766    program     static                          
              __tmplbl_18   0x00b61e    program     static                          
              __tmplbl_42   0x00ab3e    program     static                          
              __tmplbl_43   0x00a986    program     static                          
              __tmplbl_44   0x00a96c    program     static                          
              __tmplbl_85   0x00a0be    program     static                          
            __zero_memory   0x00e80c    program     extern C:\MCC18\src\traditional\proc\p18F46J50.asm
                _do_cinit   0x00e532    program     extern C:\MCC18\src\traditional\startup\c018i.c
                   _entry   0x000000    program     extern C:\MCC18\src\traditional\startup\c018i.c
                   _false   0x00e76c    program     static                          
       _generatePhysWalls   0x00d810    program     extern C:\Users\Ambin\OneDrive\Documenten\Labirynth\levels.c
                   _reset   0x00a000    program     extern C:\Users\Ambin\OneDrive\Documenten\Labirynth\main.c
                 _startup   0x00e7c2    program     extern C:\MCC18\src\traditional\startup\c018i.c
              _usart_putc   0x00e7de    program     extern C:\MCC18\src\pmc_common\USART\_usartpc.asm
               _user_putc   0x00a006    program     extern C:\MCC18\src\traditional\stdclib\_user_putc.c
                      abs   0x00b0c2    program     extern C:\Users\Ambin\OneDrive\Documenten\Labirynth\physics.c
                checkWall   0x00acb8    program     extern C:\Users\Ambin\OneDrive\Documenten\Labirynth\physics.c
               clear_loop   0x00e812    program     static C:\MCC18\src\traditional\proc\p18F46J50.asm
                copy_loop   0x00e5a4    program     static                          
            copy_one_byte   0x00e5aa    program     static                          
                 distance   0x00b2da    program     extern C:\Users\Ambin\OneDrive\Documenten\Labirynth\physics.c
                     done   0x00e5ce    program     static                          
             done_copying   0x00e5b8    program     static                          
                  endloop   0x00e798    program     static                          
                g_pucFont   0x00e1ba    program     extern C:\Users\Ambin\OneDrive\Documenten\Labirynth\oled.c
                  isdigit   0x00e79e    program     extern C:\MCC18\src\traditional\stdclib\isdigit.asm
                 jANotInf   0x00ce02    program     static C:\MCC18\src\traditional\math\addFP.asm
                 jANotInf   0x00cfca    program     static C:\MCC18\src\traditional\math\mulFP.asm
                 jANotInf   0x00cf24    program     static C:\MCC18\src\traditional\math\divFP.asm
                 jANotNeg   0x00ce96    program     static C:\MCC18\src\traditional\math\addFP.asm
                jANotZero   0x00cf38    program     static C:\MCC18\src\traditional\math\divFP.asm
              jAandWsetup   0x00ce66    program     static C:\MCC18\src\traditional\math\addFP.asm
                  jAisNeg   0x00d278    program     static C:\MCC18\src\traditional\math\compFP.asm
                 jAltBexp   0x00ce54    program     static C:\MCC18\src\traditional\math\addFP.asm
                jBANotInf   0x00cdf8    program     static C:\MCC18\src\traditional\math\addFP.asm
                 jBNotInf   0x00ce10    program     static C:\MCC18\src\traditional\math\addFP.asm
              jBothFinite   0x00cfd8    program     static C:\MCC18\src\traditional\math\mulFP.asm
             jBothNotZero   0x00d21a    program     static C:\MCC18\src\traditional\math\compFP.asm
             jBothNotZero   0x00cfe4    program     static C:\MCC18\src\traditional\math\mulFP.asm
            jDifOrPosSign   0x00ce24    program     static C:\MCC18\src\traditional\math\addFP.asm
                      jEQ   0x00d236    program     static C:\MCC18\src\traditional\math\compFP.asm
                     jEnd   0x00e716    program     static C:\MCC18\src\traditional\stdclib\slenpgm.asm
                     jEnd   0x00e6de    program     static C:\MCC18\src\traditional\stdclib\strlen.asm
                    jExch   0x00d242    program     static C:\MCC18\src\traditional\math\compFP.asm
                    jExit   0x00d178    program     static C:\MCC18\src\traditional\math\castFP08.asm
                    jExit   0x00d1d6    program     static C:\MCC18\src\traditional\math\castFP16.asm
                   jExpEQ   0x00d288    program     static C:\MCC18\src\traditional\math\compFP.asm
                   jFinal   0x00d26c    program     static C:\MCC18\src\traditional\math\compFP.asm
               jFinalSign   0x00cefe    program     static C:\MCC18\src\traditional\math\addFP.asm
                jHaveZero   0x00cfe0    program     static C:\MCC18\src\traditional\math\mulFP.asm
                jI2F08Beg   0x00cd9a    program     static C:\MCC18\src\traditional\math\cast08FP.asm
                jI2F16Beg   0x00cdc2    program     static C:\MCC18\src\traditional\math\cast16FP.asm
                    jLoop   0x00d160    program     static C:\MCC18\src\traditional\math\castFP08.asm
                    jLoop   0x00cf60    program     static C:\MCC18\src\traditional\math\divFP.asm
                    jLoop   0x00e6fe    program     static C:\MCC18\src\traditional\stdclib\slenpgm.asm
                    jLoop   0x00d1b6    program     static C:\MCC18\src\traditional\math\castFP16.asm
                    jLoop   0x00e6d4    program     static C:\MCC18\src\traditional\stdclib\strlen.asm
                jLoopExit   0x00d16e    program     static C:\MCC18\src\traditional\math\castFP08.asm
                jLoopExit   0x00d1c6    program     static C:\MCC18\src\traditional\math\castFP16.asm
                   jMatch   0x00e7be    program     static C:\MCC18\src\traditional\stdclib\isdigit.asm
                     jMax   0x00d13c    program     static C:\MCC18\src\traditional\math\castFP08.asm
                     jMax   0x00d18a    program     static C:\MCC18\src\traditional\math\castFP16.asm
                  jMaxNeg   0x00d198    program     static C:\MCC18\src\traditional\math\castFP16.asm
                  jMaxNeg   0x00d146    program     static C:\MCC18\src\traditional\math\castFP08.asm
                  jMaxPos   0x00d140    program     static C:\MCC18\src\traditional\math\castFP08.asm
                  jMaxPos   0x00d18e    program     static C:\MCC18\src\traditional\math\castFP16.asm
                      jNE   0x00d23a    program     static C:\MCC18\src\traditional\math\compFP.asm
                    jNext   0x00cf86    program     static C:\MCC18\src\traditional\math\divFP.asm
                jNoAdjust   0x00cf84    program     static C:\MCC18\src\traditional\math\divFP.asm
                  jNoExch   0x00d262    program     static C:\MCC18\src\traditional\math\compFP.asm
                 jNoMatch   0x00e7c0    program     static C:\MCC18\src\traditional\stdclib\isdigit.asm
             jNotBothZero   0x00ce28    program     static C:\MCC18\src\traditional\math\addFP.asm
                  jNotInf   0x00d1a6    program     static C:\MCC18\src\traditional\math\castFP16.asm
                  jNotInf   0x00d150    program     static C:\MCC18\src\traditional\math\castFP08.asm
                  jPkLoop   0x00d2ec    program     static C:\MCC18\src\traditional\math\packFP.asm
             jPkRoundDone   0x00d336    program     static C:\MCC18\src\traditional\math\packFP.asm
               jPkRoundIt   0x00d31e    program     static C:\MCC18\src\traditional\math\packFP.asm
             jPkShiftDone   0x00d308    program     static C:\MCC18\src\traditional\math\packFP.asm
           jReturnPosInf0   0x00d2c2    program     static C:\MCC18\src\traditional\math\packFP.asm
                  jRotate   0x00d294    program     static C:\MCC18\src\traditional\math\compFP.asm
                   jShift   0x00d27e    program     static C:\MCC18\src\traditional\math\compFP.asm
               jShiftDone   0x00cebe    program     static C:\MCC18\src\traditional\math\addFP.asm
               jShiftLoop   0x00ceb0    program     static C:\MCC18\src\traditional\math\addFP.asm
                jSignDone   0x00ceee    program     static C:\MCC18\src\traditional\math\addFP.asm
              jSignedZero   0x00cf2e    program     static C:\MCC18\src\traditional\math\divFP.asm
                 jSignsEQ   0x00d21e    program     static C:\MCC18\src\traditional\math\compFP.asm
                  jUnpkA1   0x00d360    program     static C:\MCC18\src\traditional\math\UnpackFP.asm
                  jUnpkA2   0x00d378    program     static C:\MCC18\src\traditional\math\UnpackFP.asm
                 jUnpkANZ   0x00d36e    program     static C:\MCC18\src\traditional\math\UnpackFP.asm
                  jUnpkB1   0x00d390    program     static C:\MCC18\src\traditional\math\UnpackFP.asm
                  jUnpkB2   0x00d3a8    program     static C:\MCC18\src\traditional\math\UnpackFP.asm
                 jUnpkBNZ   0x00d39e    program     static C:\MCC18\src\traditional\math\UnpackFP.asm
                 jUnpkNaN   0x00d382    program     static C:\MCC18\src\traditional\math\UnpackFP.asm
                 jWNotNeg   0x00ceaa    program     static C:\MCC18\src\traditional\math\addFP.asm
                    jZero   0x00d14c    program     static C:\MCC18\src\traditional\math\castFP08.asm
                    jZero   0x00d1a0    program     static C:\MCC18\src\traditional\math\castFP16.asm
               jZero1and2   0x00d2c6    program     static C:\MCC18\src\traditional\math\packFP.asm
                   level0   0x00d914    program     extern C:\Users\Ambin\OneDrive\Documenten\Labirynth\levels.c
                   level1   0x00d916    program     extern C:\Users\Ambin\OneDrive\Documenten\Labirynth\levels.c
                   level2   0x00d918    program     extern C:\Users\Ambin\OneDrive\Documenten\Labirynth\levels.c
                   level3   0x00d91a    program     extern C:\Users\Ambin\OneDrive\Documenten\Labirynth\levels.c
                   level4   0x00d9e2    program     extern C:\Users\Ambin\OneDrive\Documenten\Labirynth\levels.c
                   level5   0x00da38    program     extern C:\Users\Ambin\OneDrive\Documenten\Labirynth\levels.c
                     loop   0x00e7ee    program     static C:\MCC18\src\pmc_common\USART\_usartpc.asm
                     loop   0x00e7d2    program     static                          
                     loop   0x00e77c    program     static                          
                     loop   0x00e738    program     static                          
          mTouchCalibrate   0x00e0f8    program     extern C:\Users\Ambin\OneDrive\Documenten\Labirynth\mtouch.c
               mTouchInit   0x00e022    program     extern C:\Users\Ambin\OneDrive\Documenten\Labirynth\mtouch.c
         mTouchReadButton   0x00e028    program     extern C:\Users\Ambin\OneDrive\Documenten\Labirynth\mtouch.c
                     main   0x00c3b2    program     extern C:\Users\Ambin\OneDrive\Documenten\Labirynth\main.c
             oledPutImage   0x00d5fc    program     extern C:\Users\Ambin\OneDrive\Documenten\Labirynth\oled.c
         oledPutNegString   0x00d5de    program     extern C:\Users\Ambin\OneDrive\Documenten\Labirynth\oled.c
      oledPutROMNegString   0x00d5a2    program     extern C:\Users\Ambin\OneDrive\Documenten\Labirynth\oled.c
         oledPutROMString   0x00d584    program     extern C:\Users\Ambin\OneDrive\Documenten\Labirynth\oled.c
            oledPutString   0x00d5c0    program     extern C:\Users\Ambin\OneDrive\Documenten\Labirynth\oled.c
          oledWriteChar1x   0x00d4fc    program     extern C:\Users\Ambin\OneDrive\Documenten\Labirynth\oled.c
       oledWriteNegChar1x   0x00d540    program     extern C:\Users\Ambin\OneDrive\Documenten\Labirynth\oled.c
                     putc   0x00e5d0    program     extern C:\MCC18\src\traditional\stdclib\putc.c
                resetBall   0x00d87e    program     extern C:\Users\Ambin\OneDrive\Documenten\Labirynth\levels.c
                 s_digits   0x00e7fa    program     static C:\MCC18\src\traditional\stdclib\vfprintf.c
            s_put_n_chars   0x00a068    program     static C:\MCC18\src\traditional\stdclib\vfprintf.c
                  sprintf   0x00e486    program     extern C:\MCC18\src\traditional\stdclib\sprintf.c
                   strlen   0x00e6c4    program     extern C:\MCC18\src\traditional\stdclib\strlen.asm
                strlenpgm   0x00e6e0    program     extern C:\MCC18\src\traditional\stdclib\slenpgm.asm
                     test   0x00e54c    program     static                          
                 vfprintf   0x00a094    program     extern C:\MCC18\src\traditional\stdclib\vfprintf.c
             wallLineDown   0x00aca2    program     extern C:\Users\Ambin\OneDrive\Documenten\Labirynth\physics.c
               wallLineUp   0x00ac8a    program     extern C:\Users\Ambin\OneDrive\Documenten\Labirynth\physics.c
                   ADCON0   0x000fc2       data     extern C:\MCC18\src\traditional\proc\p18F46J50.asm
               ADCON0bits   0x000fc2       data     extern C:\MCC18\src\traditional\proc\p18F46J50.asm
                   ADCON1   0x000fc1       data     extern C:\MCC18\src\traditional\proc\p18F46J50.asm
               ADCON1bits   0x000fc1       data     extern C:\MCC18\src\traditional\proc\p18F46J50.asm
                    ADRES   0x000fc3       data     extern C:\MCC18\src\traditional\proc\p18F46J50.asm
                   ADRESH   0x000fc4       data     extern C:\MCC18\src\traditional\proc\p18F46J50.asm
                   ADRESL   0x000fc3       data     extern C:\MCC18\src\traditional\proc\p18F46J50.asm
                  ALRMCFG   0x000f91       data     extern C:\MCC18\src\traditional\proc\p18F46J50.asm
              ALRMCFGbits   0x000f91       data     extern C:\MCC18\src\traditional\proc\p18F46J50.asm
                  ALRMRPT   0x000f90       data     extern C:\MCC18\src\traditional\proc\p18F46J50.asm
              ALRMRPTbits   0x000f90       data     extern C:\MCC18\src\traditional\proc\p18F46J50.asm
                 ALRMVALH   0x000f8f       data     extern C:\MCC18\src\traditional\proc\p18F46J50.asm
                 ALRMVALL   0x000f8e       data     extern C:\MCC18\src\traditional\proc\p18F46J50.asm
                   ANCON0   0x000f48       data     extern C:\MCC18\src\traditional\proc\p18F46J50.asm
               ANCON0bits   0x000f48       data     extern C:\MCC18\src\traditional\proc\p18F46J50.asm
                   ANCON1   0x000f49       data     extern C:\MCC18\src\traditional\proc\p18F46J50.asm
               ANCON1bits   0x000f49       data     extern C:\MCC18\src\traditional\proc\p18F46J50.asm
                  BAUDCON   0x000f7e       data     extern C:\MCC18\src\traditional\proc\p18F46J50.asm
                 BAUDCON1   0x000f7e       data     extern C:\MCC18\src\traditional\proc\p18F46J50.asm
             BAUDCON1bits   0x000f7e       data     extern C:\MCC18\src\traditional\proc\p18F46J50.asm
                 BAUDCON2   0x000f7c       data     extern C:\MCC18\src\traditional\proc\p18F46J50.asm
             BAUDCON2bits   0x000f7c       data     extern C:\MCC18\src\traditional\proc\p18F46J50.asm
              BAUDCONbits   0x000f7e       data     extern C:\MCC18\src\traditional\proc\p18F46J50.asm
                  BAUDCTL   0x000f7e       data     extern C:\MCC18\src\traditional\proc\p18F46J50.asm
              BAUDCTLbits   0x000f7e       data     extern C:\MCC18\src\traditional\proc\p18F46J50.asm
                      BSR   0x000fe0       data     extern C:\MCC18\src\traditional\proc\p18F46J50.asm
                  CCP1CON   0x000fba       data     extern C:\MCC18\src\traditional\proc\p18F46J50.asm
              CCP1CONbits   0x000fba       data     extern C:\MCC18\src\traditional\proc\p18F46J50.asm
                  CCP2CON   0x000fb4       data     extern C:\MCC18\src\traditional\proc\p18F46J50.asm
              CCP2CONbits   0x000fb4       data     extern C:\MCC18\src\traditional\proc\p18F46J50.asm
                    CCPR1   0x000fbb       data     extern C:\MCC18\src\traditional\proc\p18F46J50.asm
                   CCPR1H   0x000fbc       data     extern C:\MCC18\src\traditional\proc\p18F46J50.asm
                   CCPR1L   0x000fbb       data     extern C:\MCC18\src\traditional\proc\p18F46J50.asm
                    CCPR2   0x000fb5       data     extern C:\MCC18\src\traditional\proc\p18F46J50.asm
                   CCPR2H   0x000fb6       data     extern C:\MCC18\src\traditional\proc\p18F46J50.asm
                   CCPR2L   0x000fb5       data     extern C:\MCC18\src\traditional\proc\p18F46J50.asm
                   CM1CON   0x000fd2       data     extern C:\MCC18\src\traditional\proc\p18F46J50.asm
                  CM1CON1   0x000fd2       data     extern C:\MCC18\src\traditional\proc\p18F46J50.asm
              CM1CON1bits   0x000fd2       data     extern C:\MCC18\src\traditional\proc\p18F46J50.asm
               CM1CONbits   0x000fd2       data     extern C:\MCC18\src\traditional\proc\p18F46J50.asm
                   CM2CON   0x000fd1       data     extern C:\MCC18\src\traditional\proc\p18F46J50.asm
                  CM2CON1   0x000fd1       data     extern C:\MCC18\src\traditional\proc\p18F46J50.asm
              CM2CON1bits   0x000fd1       data     extern C:\MCC18\src\traditional\proc\p18F46J50.asm
               CM2CONbits   0x000fd1       data     extern C:\MCC18\src\traditional\proc\p18F46J50.asm
                   CMSTAT   0x000f70       data     extern C:\MCC18\src\traditional\proc\p18F46J50.asm
                 CMSTATUS   0x000f70       data     extern C:\MCC18\src\traditional\proc\p18F46J50.asm
             CMSTATUSbits   0x000f70       data     extern C:\MCC18\src\traditional\proc\p18F46J50.asm
               CMSTATbits   0x000f70       data     extern C:\MCC18\src\traditional\proc\p18F46J50.asm
                 CTMUCONH   0x000fb3       data     extern C:\MCC18\src\traditional\proc\p18F46J50.asm
             CTMUCONHbits   0x000fb3       data     extern C:\MCC18\src\traditional\proc\p18F46J50.asm
                 CTMUCONL   0x000fb2       data     extern C:\MCC18\src\traditional\proc\p18F46J50.asm
             CTMUCONLbits   0x000fb2       data     extern C:\MCC18\src\traditional\proc\p18F46J50.asm
                 CTMUICON   0x000fb1       data     extern C:\MCC18\src\traditional\proc\p18F46J50.asm
             CTMUICONbits   0x000fb1       data     extern C:\MCC18\src\traditional\proc\p18F46J50.asm
                   CVRCON   0x000f53       data     extern C:\MCC18\src\traditional\proc\p18F46J50.asm
               CVRCONbits   0x000f53       data     extern C:\MCC18\src\traditional\proc\p18F46J50.asm
       CoefMeteorite2VelX   0x000070       data     extern C:\Users\Ambin\OneDrive\Documenten\Labirynth\physics.c
        CoefMeteoriteVelX   0x00006e       data     extern C:\Users\Ambin\OneDrive\Documenten\Labirynth\physics.c
                   DMABCH   0x000f66       data     extern C:\MCC18\src\traditional\proc\p18F46J50.asm
               DMABCHbits   0x000f66       data     extern C:\MCC18\src\traditional\proc\p18F46J50.asm
                   DMABCL   0x000f67       data     extern C:\MCC18\src\traditional\proc\p18F46J50.asm
                  DMACON1   0x000f88       data     extern C:\MCC18\src\traditional\proc\p18F46J50.asm
              DMACON1bits   0x000f88       data     extern C:\MCC18\src\traditional\proc\p18F46J50.asm
                  DMACON2   0x000f86       data     extern C:\MCC18\src\traditional\proc\p18F46J50.asm
              DMACON2bits   0x000f86       data     extern C:\MCC18\src\traditional\proc\p18F46J50.asm
                   DSCONH   0x000f4d       data     extern C:\MCC18\src\traditional\proc\p18F46J50.asm
               DSCONHbits   0x000f4d       data     extern C:\MCC18\src\traditional\proc\p18F46J50.asm
                   DSCONL   0x000f4c       data     extern C:\MCC18\src\traditional\proc\p18F46J50.asm
               DSCONLbits   0x000f4c       data     extern C:\MCC18\src\traditional\proc\p18F46J50.asm
                   DSGPR0   0x000f4e       data     extern C:\MCC18\src\traditional\proc\p18F46J50.asm
                   DSGPR1   0x000f4f       data     extern C:\MCC18\src\traditional\proc\p18F46J50.asm
                  DSWAKEH   0x000f4b       data     extern C:\MCC18\src\traditional\proc\p18F46J50.asm
              DSWAKEHbits   0x000f4b       data     extern C:\MCC18\src\traditional\proc\p18F46J50.asm
                  DSWAKEL   0x000f4a       data     extern C:\MCC18\src\traditional\proc\p18F46J50.asm
              DSWAKELbits   0x000f4a       data     extern C:\MCC18\src\traditional\proc\p18F46J50.asm
                       DX   0x00008a       data     extern C:\Users\Ambin\OneDrive\Documenten\Labirynth\physics.c
                      DX2   0x00008c       data     extern C:\Users\Ambin\OneDrive\Documenten\Labirynth\physics.c
                   DX2WIN   0x000092       data     extern C:\Users\Ambin\OneDrive\Documenten\Labirynth\physics.c
                       DY   0x00008e       data     extern C:\Users\Ambin\OneDrive\Documenten\Labirynth\physics.c
                      DY2   0x000090       data     extern C:\Users\Ambin\OneDrive\Documenten\Labirynth\physics.c
                   DY2WIN   0x000094       data     extern C:\Users\Ambin\OneDrive\Documenten\Labirynth\physics.c
           DemoIntroState   0x0000e5       data     extern C:\Users\Ambin\OneDrive\Documenten\Labirynth\main.c
                  ECCP1AS   0x000fbe       data     extern C:\MCC18\src\traditional\proc\p18F46J50.asm
              ECCP1ASbits   0x000fbe       data     extern C:\MCC18\src\traditional\proc\p18F46J50.asm
                 ECCP1CON   0x000fba       data     extern C:\MCC18\src\traditional\proc\p18F46J50.asm
             ECCP1CONbits   0x000fba       data     extern C:\MCC18\src\traditional\proc\p18F46J50.asm
                 ECCP1DEL   0x000fbd       data     extern C:\MCC18\src\traditional\proc\p18F46J50.asm
             ECCP1DELbits   0x000fbd       data     extern C:\MCC18\src\traditional\proc\p18F46J50.asm
                  ECCP2AS   0x000fb8       data     extern C:\MCC18\src\traditional\proc\p18F46J50.asm
              ECCP2ASbits   0x000fb8       data     extern C:\MCC18\src\traditional\proc\p18F46J50.asm
                 ECCP2CON   0x000fb4       data     extern C:\MCC18\src\traditional\proc\p18F46J50.asm
             ECCP2CONbits   0x000fb4       data     extern C:\MCC18\src\traditional\proc\p18F46J50.asm
                 ECCP2DEL   0x000fb7       data     extern C:\MCC18\src\traditional\proc\p18F46J50.asm
             ECCP2DELbits   0x000fb7       data     extern C:\MCC18\src\traditional\proc\p18F46J50.asm
                   EECON1   0x000fa6       data     extern C:\MCC18\src\traditional\proc\p18F46J50.asm
               EECON1bits   0x000fa6       data     extern C:\MCC18\src\traditional\proc\p18F46J50.asm
                   EECON2   0x000fa7       data     extern C:\MCC18\src\traditional\proc\p18F46J50.asm
                     FSR0   0x000fe9       data     extern C:\MCC18\src\traditional\proc\p18F46J50.asm
                    FSR0H   0x000fea       data     extern C:\MCC18\src\traditional\proc\p18F46J50.asm
                    FSR0L   0x000fe9       data     extern C:\MCC18\src\traditional\proc\p18F46J50.asm
                     FSR1   0x000fe1       data     extern C:\MCC18\src\traditional\proc\p18F46J50.asm
                    FSR1H   0x000fe2       data     extern C:\MCC18\src\traditional\proc\p18F46J50.asm
                    FSR1L   0x000fe1       data     extern C:\MCC18\src\traditional\proc\p18F46J50.asm
                     FSR2   0x000fd9       data     extern C:\MCC18\src\traditional\proc\p18F46J50.asm
                    FSR2H   0x000fda       data     extern C:\MCC18\src\traditional\proc\p18F46J50.asm
                    FSR2L   0x000fd9       data     extern C:\MCC18\src\traditional\proc\p18F46J50.asm
                  HLVDCON   0x000f85       data     extern C:\MCC18\src\traditional\proc\p18F46J50.asm
              HLVDCONbits   0x000f85       data     extern C:\MCC18\src\traditional\proc\p18F46J50.asm
                    INDF0   0x000fef       data     extern C:\MCC18\src\traditional\proc\p18F46J50.asm
                    INDF1   0x000fe7       data     extern C:\MCC18\src\traditional\proc\p18F46J50.asm
                    INDF2   0x000fdf       data     extern C:\MCC18\src\traditional\proc\p18F46J50.asm
                   INTCON   0x000ff2       data     extern C:\MCC18\src\traditional\proc\p18F46J50.asm
                  INTCON2   0x000ff1       data     extern C:\MCC18\src\traditional\proc\p18F46J50.asm
              INTCON2bits   0x000ff1       data     extern C:\MCC18\src\traditional\proc\p18F46J50.asm
                  INTCON3   0x000ff0       data     extern C:\MCC18\src\traditional\proc\p18F46J50.asm
              INTCON3bits   0x000ff0       data     extern C:\MCC18\src\traditional\proc\p18F46J50.asm
               INTCONbits   0x000ff2       data     extern C:\MCC18\src\traditional\proc\p18F46J50.asm
                     IPR1   0x000f9f       data     extern C:\MCC18\src\traditional\proc\p18F46J50.asm
                 IPR1bits   0x000f9f       data     extern C:\MCC18\src\traditional\proc\p18F46J50.asm
[...]
                TRISCbits   0x000f94       data     extern C:\MCC18\src\traditional\proc\p18F46J50.asm
                    TRISD   0x000f95       data     extern C:\MCC18\src\traditional\proc\p18F46J50.asm
                TRISDbits   0x000f95       data     extern C:\MCC18\src\traditional\proc\p18F46J50.asm
                    TRISE   0x000f96       data     extern C:\MCC18\src\traditional\proc\p18F46J50.asm
                TRISEbits   0x000f96       data     extern C:\MCC18\src\traditional\proc\p18F46J50.asm
               T3GCONbits   0x000f97       data     extern C:\MCC18\src\traditional\proc\p18F46J50.asm
                   T3GCON   0x000f97       data     extern C:\MCC18\src\traditional\proc\p18F46J50.asm
                  RTCVALL   0x000f98       data     extern C:\MCC18\src\traditional\proc\p18F46J50.asm
                  RTCVALH   0x000f99       data     extern C:\MCC18\src\traditional\proc\p18F46J50.asm
                   T1GCON   0x000f9a       data     extern C:\MCC18\src\traditional\proc\p18F46J50.asm
               T1GCONbits   0x000f9a       data     extern C:\MCC18\src\traditional\proc\p18F46J50.asm
                  OSCTUNE   0x000f9b       data     extern C:\MCC18\src\traditional\proc\p18F46J50.asm
              OSCTUNEbits   0x000f9b       data     extern C:\MCC18\src\traditional\proc\p18F46J50.asm
               RCSTA2bits   0x000f9c       data     extern C:\MCC18\src\traditional\proc\p18F46J50.asm
                   RCSTA2   0x000f9c       data     extern C:\MCC18\src\traditional\proc\p18F46J50.asm
                     PIE1   0x000f9d       data     extern C:\MCC18\src\traditional\proc\p18F46J50.asm
                 PIE1bits   0x000f9d       data     extern C:\MCC18\src\traditional\proc\p18F46J50.asm
                     PIR1   0x000f9e       data     extern C:\MCC18\src\traditional\proc\p18F46J50.asm
                 PIR1bits   0x000f9e       data     extern C:\MCC18\src\traditional\proc\p18F46J50.asm
                     IPR1   0x000f9f       data     extern C:\MCC18\src\traditional\proc\p18F46J50.asm
                 IPR1bits   0x000f9f       data     extern C:\MCC18\src\traditional\proc\p18F46J50.asm
                     PIE2   0x000fa0       data     extern C:\MCC18\src\traditional\proc\p18F46J50.asm
                 PIE2bits   0x000fa0       data     extern C:\MCC18\src\traditional\proc\p18F46J50.asm
                 PIR2bits   0x000fa1       data     extern C:\MCC18\src\traditional\proc\p18F46J50.asm
                     PIR2   0x000fa1       data     extern C:\MCC18\src\traditional\proc\p18F46J50.asm
                     IPR2   0x000fa2       data     extern C:\MCC18\src\traditional\proc\p18F46J50.asm
                 IPR2bits   0x000fa2       data     extern C:\MCC18\src\traditional\proc\p18F46J50.asm
                     PIE3   0x000fa3       data     extern C:\MCC18\src\traditional\proc\p18F46J50.asm
                 PIE3bits   0x000fa3       data     extern C:\MCC18\src\traditional\proc\p18F46J50.asm
                 PIR3bits   0x000fa4       data     extern C:\MCC18\src\traditional\proc\p18F46J50.asm
                     PIR3   0x000fa4       data     extern C:\MCC18\src\traditional\proc\p18F46J50.asm
                 IPR3bits   0x000fa5       data     extern C:\MCC18\src\traditional\proc\p18F46J50.asm
                     IPR3   0x000fa5       data     extern C:\MCC18\src\traditional\proc\p18F46J50.asm
               EECON1bits   0x000fa6       data     extern C:\MCC18\src\traditional\proc\p18F46J50.asm
                   EECON1   0x000fa6       data     extern C:\MCC18\src\traditional\proc\p18F46J50.asm
                   EECON2   0x000fa7       data     extern C:\MCC18\src\traditional\proc\p18F46J50.asm
               TXSTA2bits   0x000fa8       data     extern C:\MCC18\src\traditional\proc\p18F46J50.asm
                   TXSTA2   0x000fa8       data     extern C:\MCC18\src\traditional\proc\p18F46J50.asm
                   TXREG2   0x000fa9       data     extern C:\MCC18\src\traditional\proc\p18F46J50.asm
                   RCREG2   0x000faa       data     extern C:\MCC18\src\traditional\proc\p18F46J50.asm
                   SPBRG2   0x000fab       data     extern C:\MCC18\src\traditional\proc\p18F46J50.asm
                    RCSTA   0x000fac       data     extern C:\MCC18\src\traditional\proc\p18F46J50.asm
                   RCSTA1   0x000fac       data     extern C:\MCC18\src\traditional\proc\p18F46J50.asm
               RCSTA1bits   0x000fac       data     extern C:\MCC18\src\traditional\proc\p18F46J50.asm
                RCSTAbits   0x000fac       data     extern C:\MCC18\src\traditional\proc\p18F46J50.asm
                TXSTAbits   0x000fad       data     extern C:\MCC18\src\traditional\proc\p18F46J50.asm
                    TXSTA   0x000fad       data     extern C:\MCC18\src\traditional\proc\p18F46J50.asm
                   TXSTA1   0x000fad       data     extern C:\MCC18\src\traditional\proc\p18F46J50.asm
               TXSTA1bits   0x000fad       data     extern C:\MCC18\src\traditional\proc\p18F46J50.asm
                   TXREG1   0x000fae       data     extern C:\MCC18\src\traditional\proc\p18F46J50.asm
                    TXREG   0x000fae       data     extern C:\MCC18\src\traditional\proc\p18F46J50.asm
                   RCREG1   0x000faf       data     extern C:\MCC18\src\traditional\proc\p18F46J50.asm
                    RCREG   0x000faf       data     extern C:\MCC18\src\traditional\proc\p18F46J50.asm
                   SPBRG1   0x000fb0       data     extern C:\MCC18\src\traditional\proc\p18F46J50.asm
                    SPBRG   0x000fb0       data     extern C:\MCC18\src\traditional\proc\p18F46J50.asm
                 CTMUICON   0x000fb1       data     extern C:\MCC18\src\traditional\proc\p18F46J50.asm
             CTMUICONbits   0x000fb1       data     extern C:\MCC18\src\traditional\proc\p18F46J50.asm
             CTMUCONLbits   0x000fb2       data     extern C:\MCC18\src\traditional\proc\p18F46J50.asm
                 CTMUCONL   0x000fb2       data     extern C:\MCC18\src\traditional\proc\p18F46J50.asm
             CTMUCONHbits   0x000fb3       data     extern C:\MCC18\src\traditional\proc\p18F46J50.asm
                 CTMUCONH   0x000fb3       data     extern C:\MCC18\src\traditional\proc\p18F46J50.asm
                  CCP2CON   0x000fb4       data     extern C:\MCC18\src\traditional\proc\p18F46J50.asm
             ECCP2CONbits   0x000fb4       data     extern C:\MCC18\src\traditional\proc\p18F46J50.asm
              CCP2CONbits   0x000fb4       data     extern C:\MCC18\src\traditional\proc\p18F46J50.asm
                 ECCP2CON   0x000fb4       data     extern C:\MCC18\src\traditional\proc\p18F46J50.asm
                    CCPR2   0x000fb5       data     extern C:\MCC18\src\traditional\proc\p18F46J50.asm
                   CCPR2L   0x000fb5       data     extern C:\MCC18\src\traditional\proc\p18F46J50.asm
                   CCPR2H   0x000fb6       data     extern C:\MCC18\src\traditional\proc\p18F46J50.asm
             ECCP2DELbits   0x000fb7       data     extern C:\MCC18\src\traditional\proc\p18F46J50.asm
                 ECCP2DEL   0x000fb7       data     extern C:\MCC18\src\traditional\proc\p18F46J50.asm
                  PWM2CON   0x000fb7       data     extern C:\MCC18\src\traditional\proc\p18F46J50.asm
              PWM2CONbits   0x000fb7       data     extern C:\MCC18\src\traditional\proc\p18F46J50.asm
              ECCP2ASbits   0x000fb8       data     extern C:\MCC18\src\traditional\proc\p18F46J50.asm
                  ECCP2AS   0x000fb8       data     extern C:\MCC18\src\traditional\proc\p18F46J50.asm
                 PSTR2CON   0x000fb9       data     extern C:\MCC18\src\traditional\proc\p18F46J50.asm
             PSTR2CONbits   0x000fb9       data     extern C:\MCC18\src\traditional\proc\p18F46J50.asm
                  CCP1CON   0x000fba       data     extern C:\MCC18\src\traditional\proc\p18F46J50.asm
             ECCP1CONbits   0x000fba       data     extern C:\MCC18\src\traditional\proc\p18F46J50.asm
                 ECCP1CON   0x000fba       data     extern C:\MCC18\src\traditional\proc\p18F46J50.asm
              CCP1CONbits   0x000fba       data     extern C:\MCC18\src\traditional\proc\p18F46J50.asm
                    CCPR1   0x000fbb       data     extern C:\MCC18\src\traditional\proc\p18F46J50.asm
                   CCPR1L   0x000fbb       data     extern C:\MCC18\src\traditional\proc\p18F46J50.asm
                   CCPR1H   0x000fbc       data     extern C:\MCC18\src\traditional\proc\p18F46J50.asm
             ECCP1DELbits   0x000fbd       data     extern C:\MCC18\src\traditional\proc\p18F46J50.asm
                 ECCP1DEL   0x000fbd       data     extern C:\MCC18\src\traditional\proc\p18F46J50.asm
              PWM1CONbits   0x000fbd       data     extern C:\MCC18\src\traditional\proc\p18F46J50.asm
                  PWM1CON   0x000fbd       data     extern C:\MCC18\src\traditional\proc\p18F46J50.asm
                  ECCP1AS   0x000fbe       data     extern C:\MCC18\src\traditional\proc\p18F46J50.asm
              ECCP1ASbits   0x000fbe       data     extern C:\MCC18\src\traditional\proc\p18F46J50.asm
             PSTR1CONbits   0x000fbf       data     extern C:\MCC18\src\traditional\proc\p18F46J50.asm
                 PSTR1CON   0x000fbf       data     extern C:\MCC18\src\traditional\proc\p18F46J50.asm
               WDTCONbits   0x000fc0       data     extern C:\MCC18\src\traditional\proc\p18F46J50.asm
                   WDTCON   0x000fc0       data     extern C:\MCC18\src\traditional\proc\p18F46J50.asm
               ADCON1bits   0x000fc1       data     extern C:\MCC18\src\traditional\proc\p18F46J50.asm
                   ADCON1   0x000fc1       data     extern C:\MCC18\src\traditional\proc\p18F46J50.asm
                   ADCON0   0x000fc2       data     extern C:\MCC18\src\traditional\proc\p18F46J50.asm
               ADCON0bits   0x000fc2       data     extern C:\MCC18\src\traditional\proc\p18F46J50.asm
                    ADRES   0x000fc3       data     extern C:\MCC18\src\traditional\proc\p18F46J50.asm
                   ADRESL   0x000fc3       data     extern C:\MCC18\src\traditional\proc\p18F46J50.asm
                   ADRESH   0x000fc4       data     extern C:\MCC18\src\traditional\proc\p18F46J50.asm
                 SSP1CON2   0x000fc5       data     extern C:\MCC18\src\traditional\proc\p18F46J50.asm
              SSPCON2bits   0x000fc5       data     extern C:\MCC18\src\traditional\proc\p18F46J50.asm
                  SSPCON2   0x000fc5       data     extern C:\MCC18\src\traditional\proc\p18F46J50.asm
             SSP1CON2bits   0x000fc5       data     extern C:\MCC18\src\traditional\proc\p18F46J50.asm
                 SSP1CON1   0x000fc6       data     extern C:\MCC18\src\traditional\proc\p18F46J50.asm
             SSP1CON1bits   0x000fc6       data     extern C:\MCC18\src\traditional\proc\p18F46J50.asm
              SSPCON1bits   0x000fc6       data     extern C:\MCC18\src\traditional\proc\p18F46J50.asm
                  SSPCON1   0x000fc6       data     extern C:\MCC18\src\traditional\proc\p18F46J50.asm
                 SSP1STAT   0x000fc7       data     extern C:\MCC18\src\traditional\proc\p18F46J50.asm
             SSP1STATbits   0x000fc7       data     extern C:\MCC18\src\traditional\proc\p18F46J50.asm
                  SSPSTAT   0x000fc7       data     extern C:\MCC18\src\traditional\proc\p18F46J50.asm
              SSPSTATbits   0x000fc7       data     extern C:\MCC18\src\traditional\proc\p18F46J50.asm
                   SSPADD   0x000fc8       data     extern C:\MCC18\src\traditional\proc\p18F46J50.asm
               SSPADDbits   0x000fc8       data     extern C:\MCC18\src\traditional\proc\p18F46J50.asm
              SSP1ADDbits   0x000fc8       data     extern C:\MCC18\src\traditional\proc\p18F46J50.asm
                  SSP1ADD   0x000fc8       data     extern C:\MCC18\src\traditional\proc\p18F46J50.asm
                   SSPBUF   0x000fc9       data     extern C:\MCC18\src\traditional\proc\p18F46J50.asm
                  SSP1BUF   0x000fc9       data     extern C:\MCC18\src\traditional\proc\p18F46J50.asm
                    T2CON   0x000fca       data     extern C:\MCC18\src\traditional\proc\p18F46J50.asm
                T2CONbits   0x000fca       data     extern C:\MCC18\src\traditional\proc\p18F46J50.asm
                      PR2   0x000fcb       data     extern C:\MCC18\src\traditional\proc\p18F46J50.asm
                     TMR2   0x000fcc       data     extern C:\MCC18\src\traditional\proc\p18F46J50.asm
                    T1CON   0x000fcd       data     extern C:\MCC18\src\traditional\proc\p18F46J50.asm
                T1CONbits   0x000fcd       data     extern C:\MCC18\src\traditional\proc\p18F46J50.asm
                    TMR1L   0x000fce       data     extern C:\MCC18\src\traditional\proc\p18F46J50.asm
                    TMR1H   0x000fcf       data     extern C:\MCC18\src\traditional\proc\p18F46J50.asm
                     RCON   0x000fd0       data     extern C:\MCC18\src\traditional\proc\p18F46J50.asm
                 RCONbits   0x000fd0       data     extern C:\MCC18\src\traditional\proc\p18F46J50.asm
              CM2CON1bits   0x000fd1       data     extern C:\MCC18\src\traditional\proc\p18F46J50.asm
               CM2CONbits   0x000fd1       data     extern C:\MCC18\src\traditional\proc\p18F46J50.asm
                  CM2CON1   0x000fd1       data     extern C:\MCC18\src\traditional\proc\p18F46J50.asm
                   CM2CON   0x000fd1       data     extern C:\MCC18\src\traditional\proc\p18F46J50.asm
                   CM1CON   0x000fd2       data     extern C:\MCC18\src\traditional\proc\p18F46J50.asm
                  CM1CON1   0x000fd2       data     extern C:\MCC18\src\traditional\proc\p18F46J50.asm
              CM1CON1bits   0x000fd2       data     extern C:\MCC18\src\traditional\proc\p18F46J50.asm
               CM1CONbits   0x000fd2       data     extern C:\MCC18\src\traditional\proc\p18F46J50.asm
                   OSCCON   0x000fd3       data     extern C:\MCC18\src\traditional\proc\p18F46J50.asm
               OSCCONbits   0x000fd3       data     extern C:\MCC18\src\traditional\proc\p18F46J50.asm
                    T0CON   0x000fd5       data     extern C:\MCC18\src\traditional\proc\p18F46J50.asm
                T0CONbits   0x000fd5       data     extern C:\MCC18\src\traditional\proc\p18F46J50.asm
                    TMR0L   0x000fd6       data     extern C:\MCC18\src\traditional\proc\p18F46J50.asm
                    TMR0H   0x000fd7       data     extern C:\MCC18\src\traditional\proc\p18F46J50.asm
                   STATUS   0x000fd8       data     extern C:\MCC18\src\traditional\proc\p18F46J50.asm
               STATUSbits   0x000fd8       data     extern C:\MCC18\src\traditional\proc\p18F46J50.asm
                    FSR2L   0x000fd9       data     extern C:\MCC18\src\traditional\proc\p18F46J50.asm
                     FSR2   0x000fd9       data     extern C:\MCC18\src\traditional\proc\p18F46J50.asm
                    FSR2H   0x000fda       data     extern C:\MCC18\src\traditional\proc\p18F46J50.asm
                   PLUSW2   0x000fdb       data     extern C:\MCC18\src\traditional\proc\p18F46J50.asm
                  PREINC2   0x000fdc       data     extern C:\MCC18\src\traditional\proc\p18F46J50.asm
                 POSTDEC2   0x000fdd       data     extern C:\MCC18\src\traditional\proc\p18F46J50.asm
                 POSTINC2   0x000fde       data     extern C:\MCC18\src\traditional\proc\p18F46J50.asm
                    INDF2   0x000fdf       data     extern C:\MCC18\src\traditional\proc\p18F46J50.asm
                      BSR   0x000fe0       data     extern C:\MCC18\src\traditional\proc\p18F46J50.asm
                    FSR1L   0x000fe1       data     extern C:\MCC18\src\traditional\proc\p18F46J50.asm
                     FSR1   0x000fe1       data     extern C:\MCC18\src\traditional\proc\p18F46J50.asm
                    FSR1H   0x000fe2       data     extern C:\MCC18\src\traditional\proc\p18F46J50.asm
                   PLUSW1   0x000fe3       data     extern C:\MCC18\src\traditional\proc\p18F46J50.asm
                  PREINC1   0x000fe4       data     extern C:\MCC18\src\traditional\proc\p18F46J50.asm
                 POSTDEC1   0x000fe5       data     extern C:\MCC18\src\traditional\proc\p18F46J50.asm
                 POSTINC1   0x000fe6       data     extern C:\MCC18\src\traditional\proc\p18F46J50.asm
                    INDF1   0x000fe7       data     extern C:\MCC18\src\traditional\proc\p18F46J50.asm
                     WREG   0x000fe8       data     extern C:\MCC18\src\traditional\proc\p18F46J50.asm
                     FSR0   0x000fe9       data     extern C:\MCC18\src\traditional\proc\p18F46J50.asm
                    FSR0L   0x000fe9       data     extern C:\MCC18\src\traditional\proc\p18F46J50.asm
                    FSR0H   0x000fea       data     extern C:\MCC18\src\traditional\proc\p18F46J50.asm
                   PLUSW0   0x000feb       data     extern C:\MCC18\src\traditional\proc\p18F46J50.asm
                  PREINC0   0x000fec       data     extern C:\MCC18\src\traditional\proc\p18F46J50.asm
                 POSTDEC0   0x000fed       data     extern C:\MCC18\src\traditional\proc\p18F46J50.asm
                 POSTINC0   0x000fee       data     extern C:\MCC18\src\traditional\proc\p18F46J50.asm
                    INDF0   0x000fef       data     extern C:\MCC18\src\traditional\proc\p18F46J50.asm
              INTCON3bits   0x000ff0       data     extern C:\MCC18\src\traditional\proc\p18F46J50.asm
                  INTCON3   0x000ff0       data     extern C:\MCC18\src\traditional\proc\p18F46J50.asm
                  INTCON2   0x000ff1       data     extern C:\MCC18\src\traditional\proc\p18F46J50.asm
              INTCON2bits   0x000ff1       data     extern C:\MCC18\src\traditional\proc\p18F46J50.asm
                   INTCON   0x000ff2       data     extern C:\MCC18\src\traditional\proc\p18F46J50.asm
               INTCONbits   0x000ff2       data     extern C:\MCC18\src\traditional\proc\p18F46J50.asm
                    PRODL   0x000ff3       data     extern C:\MCC18\src\traditional\proc\p18F46J50.asm
                     PROD   0x000ff3       data     extern C:\MCC18\src\traditional\proc\p18F46J50.asm
                    PRODH   0x000ff4       data     extern C:\MCC18\src\traditional\proc\p18F46J50.asm
                   TABLAT   0x000ff5       data     extern C:\MCC18\src\traditional\proc\p18F46J50.asm
                   TBLPTR   0x000ff6       data     extern C:\MCC18\src\traditional\proc\p18F46J50.asm
                  TBLPTRL   0x000ff6       data     extern C:\MCC18\src\traditional\proc\p18F46J50.asm
                  TBLPTRH   0x000ff7       data     extern C:\MCC18\src\traditional\proc\p18F46J50.asm
                  TBLPTRU   0x000ff8       data     extern C:\MCC18\src\traditional\proc\p18F46J50.asm
                      PCL   0x000ff9       data     extern C:\MCC18\src\traditional\proc\p18F46J50.asm
                       PC   0x000ff9       data     extern C:\MCC18\src\traditional\proc\p18F46J50.asm
                   PCLATH   0x000ffa       data     extern C:\MCC18\src\traditional\proc\p18F46J50.asm
                   PCLATU   0x000ffb       data     extern C:\MCC18\src\traditional\proc\p18F46J50.asm
                   STKPTR   0x000ffc       data     extern C:\MCC18\src\traditional\proc\p18F46J50.asm
               STKPTRbits   0x000ffc       data     extern C:\MCC18\src\traditional\proc\p18F46J50.asm
                      TOS   0x000ffd       data     extern C:\MCC18\src\traditional\proc\p18F46J50.asm
                     TOSL   0x000ffd       data     extern C:\MCC18\src\traditional\proc\p18F46J50.asm
                     TOSH   0x000ffe       data     extern C:\MCC18\src\traditional\proc\p18F46J50.asm
                     TOSU   0x000fff       data     extern C:\MCC18\src\traditional\proc\p18F46J50.asm


