MPLINK 4.31, Linker
Linker Map File - Created Mon Feb 20 13:27:58 2023

                                 Section Info
                  Section       Type    Address   Location Size(Bytes)
                ---------  ---------  ---------  ---------  ---------
               _entry_scn       code   0x000000    program   0x000006
    HIGH_INTERRUPT_VECTOR       code   0x000008    program   0x000006
     LOW_INTERRUPT_VECTOR       code   0x000018    program   0x000006
    REMAPPED_RESET_VECTOR       code   0x00a000    program   0x000006
       .code__user_putc.o       code   0x00a006    program   0x000002
REMAPPED_HIGH_INTERRUPT_VECTOR       code   0x00a008    program   0x000006
           .code___init.o       code   0x00a00e    program   0x000002
         .idata_graph.o_i    romdata   0x00a010    program   0x000002
         .idata_ldexp.o_i    romdata   0x00a010    program   0x000000
        .idata_BMA150.o_i    romdata   0x00a012    program   0x000000
      .idata_fxd1616u.o_i    romdata   0x00a012    program   0x000000
        .idata___init.o_i    romdata   0x00a012    program   0x000000
      .idata_UnpkMath.o_i    romdata   0x00a012    program   0x000000
         .idata_errno.o_i    romdata   0x00a012    program   0x000000
            .code_errno.o       code   0x00a012    program   0x000000
          .idata_fabs.o_i    romdata   0x00a012    program   0x000000
      .idata_PackMath.o_i    romdata   0x00a012    program   0x000000
      .idata_fxd3232u.o_i    romdata   0x00a012    program   0x000000
       .idata_fxm3232.o_i    romdata   0x00a012    program   0x000000
    .idata__user_putc.o_i    romdata   0x00a012    program   0x000000
            .code_c018i.o       code   0x00a012    program   0x000000
         .idata_c018i.o_i    romdata   0x00a012    program   0x000000
REMAPPED_LOW_INTERRUPT_VECTOR       code   0x00a018    program   0x000006
                   .cinit    romdata   0x00a01e    program   0x00003e
          .code_physics.o       code   0x00a05c    program   0x000e06
            .code_graph.o       code   0x00ae62    program   0x000d26
         .code_vfprintf.o       code   0x00bb88    program   0x000c22
             .code_main.o       code   0x00c7aa    program   0x0009ca
                     PROG       code   0x00d174    program   0x0006ca
           .code_sincos.o       code   0x00d83e    program   0x0005aa
             .code_oled.o       code   0x00dde8    program   0x00045e
             .code_sqrt.o       code   0x00e246    program   0x000442
           .code_levels.o       code   0x00e688    program   0x00043c
           .code_BMA150.o       code   0x00eac4    program   0x000274
             .stringtable    romdata   0x00ed38    program   0x000228
           .code_mtouch.o       code   0x00ef60    program   0x0001e4
          .romdata_oled.o    romdata   0x00f144    program   0x0001db
         .romdata_c018i.o    romdata   0x00f31f    program   0x000000
        .romdata_sincos.o    romdata   0x00f31f    program   0x000000
        .idata_sincos.o_i    romdata   0x00f31f    program   0x000000
         .romdata_graph.o    romdata   0x00f31f    program   0x000000
           .idata_sin.o_i    romdata   0x00f31f    program   0x000000
          .romdata_fabs.o    romdata   0x00f31f    program   0x000000
        .romdata___init.o    romdata   0x00f31f    program   0x000000
       .idata_sprintf.o_i    romdata   0x00f31f    program   0x000000
       .romdata_sprintf.o    romdata   0x00f31f    program   0x000000
          .romdata_putc.o    romdata   0x00f31f    program   0x000000
           graph_buffer_i    romdata   0x00f31f    program   0x000000
          .idata_putc.o_i    romdata   0x00f31f    program   0x000000
      .romdata_PackMath.o    romdata   0x00f31f    program   0x000000
        .idata_levels.o_i    romdata   0x00f31f    program   0x000001
          .idata_oled.o_i    romdata   0x00f31f    program   0x000000
        .romdata_levels.o    romdata   0x00f31f    program   0x000000
        .romdata_mtouch.o    romdata   0x00f31f    program   0x000000
        .idata_mtouch.o_i    romdata   0x00f31f    program   0x000000
      .romdata_fxd3232u.o    romdata   0x00f31f    program   0x000000
      .idata_vfprintf.o_i    romdata   0x00f31f    program   0x000000
            .code_ldexp.o       code   0x00f320    program   0x000138
         .code_UnpkMath.o       code   0x00f458    program   0x00011c
         .code_PackMath.o       code   0x00f574    program   0x00011a
       .code_soft_start.o       code   0x00f68e    program   0x0000f0
          .code_sprintf.o       code   0x00f77e    program   0x0000ac
               _cinit_scn       code   0x00f82a    program   0x00009e
             .code_putc.o       code   0x00f8c8    program   0x000084
          .code_fxm3232.o       code   0x00f94c    program   0x000070
                   STRING       code   0x00f9bc    program   0x000066
             .code_fabs.o       code   0x00fa22    program   0x000066
              .code_sin.o       code   0x00fa88    program   0x000050
         .code_fxd3232u.o       code   0x00fad8    program   0x000048
         .code_fxd1616u.o       code   0x00fb20    program   0x00002c
                    CTYPE       code   0x00fb4c    program   0x000024
             _startup_scn       code   0x00fb70    program   0x00001c
                    STDIO       code   0x00fb8c    program   0x00001c
      .romdata_vfprintf.o    romdata   0x00fba8    program   0x000011
       .romdata_fxm3232.o    romdata   0x00fbb9    program   0x000000
       .romdata_physics.o    romdata   0x00fbb9    program   0x000000
    .idata_soft_start.o_i    romdata   0x00fbb9    program   0x000001
          .romdata_main.o    romdata   0x00fbb9    program   0x000000
    .romdata_soft_start.o    romdata   0x00fbb9    program   0x000000
    .romdata__user_putc.o    romdata   0x00fbb9    program   0x000000
         .romdata_ldexp.o    romdata   0x00fbb9    program   0x000000
        .romdata_BMA150.o    romdata   0x00fbb9    program   0x000000
      .romdata_fxd1616u.o    romdata   0x00fbb9    program   0x000000
          .romdata_sqrt.o    romdata   0x00fbb9    program   0x000000
          .idata_sqrt.o_i    romdata   0x00fbb9    program   0x000000
      .romdata_UnpkMath.o    romdata   0x00fbb9    program   0x000000
           .romdata_sin.o    romdata   0x00fbb9    program   0x000000
         .romdata_errno.o    romdata   0x00fbb9    program   0x000000
                    .code       code   0x00fbba    program   0x00000e
       .idata_physics.o_i    romdata   0x00fbc8    program   0x00000d
          .idata_main.o_i    romdata   0x00fbd5    program   0x000016
      .config_fff8_main.o    romdata   0x00fff8    program   0x000001
      .config_fff9_main.o    romdata   0x00fff9    program   0x000001
      .config_fffa_main.o    romdata   0x00fffa    program   0x000001
      .config_fffb_main.o    romdata   0x00fffb    program   0x000001
      .config_fffc_main.o    romdata   0x00fffc    program   0x000001
      .config_fffd_main.o    romdata   0x00fffd    program   0x000001
      .config_fffe_main.o    romdata   0x00fffe    program   0x000001
      .config_ffff_main.o    romdata   0x00ffff    program   0x000001
                 .tmpdata      udata   0x000000       data   0x000035
                MATH_DATA      udata   0x000035       data   0x000014
         .udata_physics.o      udata   0x000060       data   0x00002e
            .idata_main.o      idata   0x00008e       data   0x000016
            .udata_oled.o      udata   0x0000a4       data   0x00000b
            .udata_main.o      udata   0x0000af       data   0x00000b
           .udata_c018i.o      udata   0x0000ba       data   0x00000a
          .udata_BMA150.o      udata   0x0000c4       data   0x000006
           .udata_errno.o      udata   0x0000ca       data   0x000002
           .idata_graph.o      idata   0x0000cc       data   0x000002
          .idata_levels.o      idata   0x0000ce       data   0x000001
            .idata_sqrt.o      idata   0x0000cf       data   0x000000
            .udata_sqrt.o      udata   0x0000cf       data   0x000000
         .idata_sprintf.o      idata   0x0000cf       data   0x000000
         .udata_sprintf.o      udata   0x0000cf       data   0x000000
            .idata_fabs.o      idata   0x0000cf       data   0x000000
            .udata_fabs.o      udata   0x0000cf       data   0x000000
           .idata_errno.o      idata   0x0000cf       data   0x000000
        .idata_UnpkMath.o      idata   0x0000cf       data   0x000000
        .udata_UnpkMath.o      udata   0x0000cf       data   0x000000
          .idata_sincos.o      idata   0x0000cf       data   0x000000
          .udata_sincos.o      udata   0x0000cf       data   0x000000
             .idata_sin.o      idata   0x0000cf       data   0x000000
        .udata_PackMath.o      udata   0x0000cf       data   0x000000
        .idata_PackMath.o      idata   0x0000cf       data   0x000000
           .udata_ldexp.o      udata   0x0000cf       data   0x000000
           .idata_ldexp.o      idata   0x0000cf       data   0x000000
        .udata_vfprintf.o      udata   0x0000cf       data   0x000000
        .idata_vfprintf.o      idata   0x0000cf       data   0x000000
        .udata_fxd3232u.o      udata   0x0000cf       data   0x000000
        .idata_fxd3232u.o      idata   0x0000cf       data   0x000000
         .udata_fxm3232.o      udata   0x0000cf       data   0x000000
         .idata_fxm3232.o      idata   0x0000cf       data   0x000000
            .udata_putc.o      udata   0x0000cf       data   0x000000
            .idata_putc.o      idata   0x0000cf       data   0x000000
      .udata__user_putc.o      udata   0x0000cf       data   0x000000
      .idata__user_putc.o      idata   0x0000cf       data   0x000000
            .idata_oled.o      idata   0x0000cf       data   0x000000
          .idata_mtouch.o      idata   0x0000cf       data   0x000000
          .idata_BMA150.o      idata   0x0000cf       data   0x000000
      .udata_soft_start.o      udata   0x0000cf       data   0x000000
           .idata_c018i.o      idata   0x0000cf       data   0x000000
        .udata_fxd1616u.o      udata   0x0000cf       data   0x000000
        .idata_fxd1616u.o      idata   0x0000cf       data   0x000000
          .udata___init.o      udata   0x0000cf       data   0x000000
          .idata___init.o      idata   0x0000cf       data   0x000000
             .udata_sin.o      udata   0x0000cf       data   0x000000
          .udata_levels.o      udata   0x000100       data   0x0000ee
         .idata_physics.o      idata   0x0001ee       data   0x00000d
          .udata_mtouch.o      udata   0x0001fb       data   0x000004
      .idata_soft_start.o      idata   0x0001ff       data   0x000001
             graph_buffer      idata   0x000500       data   0x000000
           .udata_graph.o      udata   0x000500       data   0x000400
                   .stack      udata   0x000d00       data   0x000100
              SFR_BANKED0      udata   0x000ec6       data   0x00000e
              SFR_BANKED1      udata   0x000ed7       data   0x000008
              SFR_BANKED2      udata   0x000ee7       data   0x000004
              SFR_BANKED3      udata   0x000eec       data   0x000003
              SFR_BANKED4      udata   0x000ef2       data   0x000002
              SFR_BANKED5      udata   0x000ef6       data   0x000002
              SFR_BANKED6      udata   0x000efb       data   0x000005
              SFR_BANKED7      udata   0x000f26       data   0x000014
              SFR_BANKED8      udata   0x000f3c       data   0x000007
              SFR_BANKED9      udata   0x000f48       data   0x000008
             SFR_BANKED10      udata   0x000f52       data   0x00000e
            SFR_UNBANKED0      udata   0x000f60       data   0x0000a0



                              Program Memory Usage 
                               Start         End      
                           ---------   ---------      
                            0x000000    0x000005      
                            0x000008    0x00000d      
                            0x000018    0x00001d      
                            0x00a000    0x00a011      
                            0x00a018    0x00fbea      
                            0x00fff8    0x00ffff      
            23551 out of 64523 program addresses used, program memory utilization is 36%



                              Symbols - Sorted by Name
                     Name    Address   Location    Storage File                     
                ---------  ---------  ---------  --------- ---------                
          AppPowerDisable   0x00f6da    program     extern C:\Users\Ambin\OneDrive\Documenten\Labirynth\soft_start.c
           AppPowerEnable   0x00f68e    program     extern C:\Users\Ambin\OneDrive\Documenten\Labirynth\soft_start.c
            AppPowerReady   0x00f6e6    program     extern C:\Users\Ambin\OneDrive\Documenten\Labirynth\soft_start.c
          BMA150_ReadByte   0x00ec8a    program     extern C:\Users\Ambin\OneDrive\Documenten\Labirynth\BMA150.c
         BMA150_WriteByte   0x00eba8    program     extern C:\Users\Ambin\OneDrive\Documenten\Labirynth\BMA150.c
             CalibrateAcc   0x00c816    program     extern C:\Users\Ambin\OneDrive\Documenten\Labirynth\main.c
       CheckButtonPressed   0x00cf06    program     extern C:\Users\Ambin\OneDrive\Documenten\Labirynth\main.c
                   D1616S   0x00d490    program     static C:\MCC18\src\traditional\math\fxd1616s.asm
                D1616SNEG   0x00d49e    program     static C:\MCC18\src\traditional\math\fxd1616s.asm
                 D1616SOK   0x00d49a    program     static C:\MCC18\src\traditional\math\fxd1616s.asm
                  D1616SX   0x00d4b0    program     static C:\MCC18\src\traditional\math\fxd1616s.asm
                  DA1616S   0x00d480    program     static C:\MCC18\src\traditional\math\fxd1616s.asm
                  DelayMs   0x00dde8    program     extern C:\Users\Ambin\OneDrive\Documenten\Labirynth\oled.c
         DemoIntroduction   0x00ca72    program     extern C:\Users\Ambin\OneDrive\Documenten\Labirynth\main.c
                 DrawBall   0x00b248    program     extern C:\Users\Ambin\OneDrive\Documenten\Labirynth\graph.c
                 DrawFood   0x00b1c8    program     extern C:\Users\Ambin\OneDrive\Documenten\Labirynth\graph.c
                 DrawHole   0x00b082    program     extern C:\Users\Ambin\OneDrive\Documenten\Labirynth\graph.c
              DrawHorWall   0x00b67e    program     extern C:\Users\Ambin\OneDrive\Documenten\Labirynth\graph.c
                DrawScene   0x00b78a    program     extern C:\Users\Ambin\OneDrive\Documenten\Labirynth\graph.c
              DrawTrigger   0x00b4fc    program     extern C:\Users\Ambin\OneDrive\Documenten\Labirynth\graph.c
              DrawVerWall   0x00b6fe    program     extern C:\Users\Ambin\OneDrive\Documenten\Labirynth\graph.c
                 DrawWall   0x00b774    program     extern C:\Users\Ambin\OneDrive\Documenten\Labirynth\graph.c
                 FLO0832S   0x00d178    program     extern C:\MCC18\src\traditional\math\cast08FP.asm
                 FLO0832U   0x00d174    program     extern C:\MCC18\src\traditional\math\cast08FP.asm
                 FLO1632S   0x00d19a    program     extern C:\MCC18\src\traditional\math\cast16FP.asm
                 FLO1632U   0x00d196    program     extern C:\MCC18\src\traditional\math\cast16FP.asm
                 FLO3232S   0x00d740    program     extern C:\MCC18\src\traditional\math\cast32FP.asm
                 FLO3232U   0x00d73c    program     extern C:\MCC18\src\traditional\math\cast32FP.asm
                    FPA32   0x00d1c2    program     extern C:\MCC18\src\traditional\math\addFP.asm
                    FPD32   0x00d2ee    program     extern C:\MCC18\src\traditional\math\divFP.asm
                    FPM32   0x00d394    program     extern C:\MCC18\src\traditional\math\mulFP.asm
                    FPS32   0x00d1c0    program     extern C:\MCC18\src\traditional\math\addFP.asm
                 FXD1616S   0x00d46e    program     extern C:\MCC18\src\traditional\math\fxd1616s.asm
                 FXD1616U   0x00fb20    program     extern C:\MCC18\src\traditional\math\fxd1616u.c
                 FXD3232U   0x00fad8    program     extern C:\MCC18\src\traditional\math\fxd3232u.c
                 FXM1616S   0x00d4ba    program     extern C:\MCC18\src\traditional\math\fxm1616s.asm
                  FXM3232   0x00f94c    program     extern C:\MCC18\src\traditional\math\fxm3232.c
                     Fill   0x00b03c    program     extern C:\Users\Ambin\OneDrive\Documenten\Labirynth\graph.c
              FillDisplay   0x00dee2    program     extern C:\Users\Ambin\OneDrive\Documenten\Labirynth\oled.c
            FlushGraphics   0x00af94    program     extern C:\Users\Ambin\OneDrive\Documenten\Labirynth\graph.c
         GeneratePhysWall   0x00ae62    program     extern C:\Users\Ambin\OneDrive\Documenten\Labirynth\graph.c
       GetScrollDirection   0x00c90c    program     extern C:\Users\Ambin\OneDrive\Documenten\Labirynth\main.c
           GetScrollState   0x00c7d2    program     extern C:\Users\Ambin\OneDrive\Documenten\Labirynth\main.c
                 High_ISR   0x000008    program     extern C:\Users\Ambin\OneDrive\Documenten\Labirynth\main.c
                  INT3208   0x00d514    program     extern C:\MCC18\src\traditional\math\castFP08.asm
                  INT3216   0x00d772    program     extern C:\MCC18\src\traditional\math\castFP16.asm
                  INT3232   0x00d7d0    program     extern C:\MCC18\src\traditional\math\castFP32.asm
                  InitADC   0x00ef78    program     extern C:\Users\Ambin\OneDrive\Documenten\Labirynth\mtouch.c
               InitBma150   0x00eac4    program     extern C:\Users\Ambin\OneDrive\Documenten\Labirynth\BMA150.c
                 InitCTMU   0x00ef60    program     extern C:\Users\Ambin\OneDrive\Documenten\Labirynth\mtouch.c
              InitPhysics   0x00a69e    program     extern C:\Users\Ambin\OneDrive\Documenten\Labirynth\physics.c
         InitializeSystem   0x00cf68    program     static C:\Users\Ambin\OneDrive\Documenten\Labirynth\main.c
                  Low_ISR   0x000018    program     extern C:\Users\Ambin\OneDrive\Documenten\Labirynth\main.c
                ProcessIO   0x00cfcc    program     extern C:\Users\Ambin\OneDrive\Documenten\Labirynth\main.c
             ReadAccState   0x00a17a    program     extern C:\Users\Ambin\OneDrive\Documenten\Labirynth\physics.c
        Remapped_High_ISR   0x00a008    program     extern C:\Users\Ambin\OneDrive\Documenten\Labirynth\main.c
         Remapped_Low_ISR   0x00a018    program     extern C:\Users\Ambin\OneDrive\Documenten\Labirynth\main.c
              ResetDevice   0x00de30    program     extern C:\Users\Ambin\OneDrive\Documenten\Labirynth\oled.c
              SelectLevel   0x00c98a    program     extern C:\Users\Ambin\OneDrive\Documenten\Labirynth\main.c
              SpiPinRemap   0x00eb84    program     extern C:\Users\Ambin\OneDrive\Documenten\Labirynth\BMA150.c
                     Step   0x00a1fc    program     extern C:\Users\Ambin\OneDrive\Documenten\Labirynth\physics.c
                  TAGTB32   0x00d562    program     extern C:\MCC18\src\traditional\math\gtFP.asm
                  TALTB32   0x00d574    program     extern C:\MCC18\src\traditional\math\ltFP.asm
               TSIGN1616A   0x00d506    program     static C:\MCC18\src\traditional\math\fxm1616s.asm
                 UserInit   0x00cfa6    program     extern C:\Users\Ambin\OneDrive\Documenten\Labirynth\main.c
             WriteCommand   0x00ded6    program     extern C:\Users\Ambin\OneDrive\Documenten\Labirynth\oled.c
                WriteData   0x00dedc    program     extern C:\Users\Ambin\OneDrive\Documenten\Labirynth\oled.c
  YourHighPriorityISRCode   0x00c7aa    program     extern C:\Users\Ambin\OneDrive\Documenten\Labirynth\main.c
   YourLowPriorityISRCode   0x00c7b0    program     extern C:\Users\Ambin\OneDrive\Documenten\Labirynth\main.c
                   _2jEnd   0x00fa0c    program     static C:\MCC18\src\traditional\stdclib\slenpgm.asm
                _PackMath   0x00f574    program     extern C:\MCC18\src\traditional\stdclib\PackMath.c
                _UnpkMath   0x00f458    program     extern C:\MCC18\src\traditional\stdclib\UnpkMath.c
              __FpCompare   0x00d586    program     extern C:\MCC18\src\traditional\math\compFP.asm
                 __FpExit   0x00d63c    program     extern C:\MCC18\src\traditional\math\packFP.asm
                 __FpPack   0x00d668    program     extern C:\MCC18\src\traditional\math\packFP.asm
            __FpReturnNaN   0x00d630    program     extern C:\MCC18\src\traditional\math\packFP.asm
         __FpReturnNegInf   0x00d642    program     extern C:\MCC18\src\traditional\math\packFP.asm
        __FpReturnNegZero   0x00d65a    program     extern C:\MCC18\src\traditional\math\packFP.asm
         __FpReturnPosInf   0x00d648    program     extern C:\MCC18\src\traditional\math\packFP.asm
        __FpReturnPosZero   0x00d662    program     extern C:\MCC18\src\traditional\math\packFP.asm
        __FpReturnSignInf   0x00d63e    program     extern C:\MCC18\src\traditional\math\packFP.asm
       __FpReturnSignZero   0x00d656    program     extern C:\MCC18\src\traditional\math\packFP.asm
              __FpReturnW   0x00d6c0    program     extern C:\MCC18\src\traditional\math\packFP.asm
              __FpUnPackA   0x00d6e0    program     extern C:\MCC18\src\traditional\math\UnpackFP.asm
              __FpUnPackB   0x00d710    program     extern C:\MCC18\src\traditional\math\UnpackFP.asm
       ___case_0_lbl00048   0x00caae    program     static                          
       ___case_0_lbl00069   0x00cdfe    program     static                          
       ___case_1_lbl00050   0x00cb76    program     static                          
       ___case_1_lbl00070   0x00ce08    program     static                          
       ___case_2_lbl00071   0x00ce2e    program     static                          
       ___case_3_lbl00072   0x00ce4c    program     static                          
       ___case_4_lbl00051   0x00cb84    program     static                          
       ___case_5_lbl00053   0x00cc40    program     static                          
       ___case_6_lbl00054   0x00cc4c    program     static                          
       ___case_7_lbl00074   0x00ce52    program     static                          
       ___case_8_lbl00075   0x00ce56    program     static                          
       ___case_9_lbl00076   0x00ceec    program     static                          
      ___default_lbl00077   0x00cef0    program     static                          
         ___else_lbl00009   0x00ec72    program     static                          
         ___else_lbl00059   0x00cc6c    program     static                          
         ___else_lbl00061   0x00ccd2    program     static                          
         ___else_lbl00063   0x00cd0e    program     static                          
         ___else_lbl00065   0x00cd4c    program     static                          
         ___else_lbl00067   0x00cd8a    program     static                          
           ___if_lbl00001   0x00eb0a    program     static                          
           ___if_lbl00005   0x00ebd0    program     static                          
           ___if_lbl00008   0x00ec7a    program     static                          
           ___if_lbl00049   0x00cb82    program     static                          
           ___if_lbl00052   0x00cc4a    program     static                          
           ___if_lbl00055   0x00cc6a    program     static                          
           ___if_lbl00056   0x00cc7e    program     static                          
           ___if_lbl00057   0x00cc7e    program     static                          
           ___if_lbl00058   0x00cc7e    program     static                          
           ___if_lbl00060   0x00ccec    program     static                          
           ___if_lbl00062   0x00cd28    program     static                          
           ___if_lbl00064   0x00cd66    program     static                          
           ___if_lbl00066   0x00cda4    program     static                          
           ___if_lbl00073   0x00ce50    program     static                          
       ___return_lbl00000   0x00a004    program     static                          
       ___return_lbl00000   0x00fb1e    program     static                          
       ___return_lbl00000   0x000004    program     static                          
       ___return_lbl00000   0x00f9ba    program     static                          
       ___return_lbl00000   0x00fb4a    program     static                          
       ___return_lbl00000   0x00eb70    program     static                          
       ___return_lbl00001   0x00fb8a    program     static                          
       ___return_lbl00001   0x00a00c    program     static                          
       ___return_lbl00002   0x00f8c6    program     static                          
       ___return_lbl00002   0x00a01c    program     static                          
       ___return_lbl00003   0x00f06e    program     static                          
       ___return_lbl00003   0x00ec80    program     static                          
       ___return_lbl00003   0x00000c    program     static                          
       ___return_lbl00004   0x00001c    program     static                          
       ___return_lbl00012   0x00ed30    program     static                          
       ___return_lbl00046   0x00cef2    program     static                          
   ___switchexit_lbl00047   0x00cef2    program     static                          
   ___switchexit_lbl00068   0x00ce50    program     static                          
        ___while_lbl00004   0x00f050    program     static                          
        ___while_lbl00005   0x00f054    program     static                          
        ___while_lbl00006   0x00ebda    program     static                          
        ___while_lbl00007   0x00ebde    program     static                          
        ___while_lbl00010   0x00ec7a    program     static                          
        ___while_lbl00011   0x00ec7e    program     static                          
        ___while_lbl00013   0x00ec9e    program     static                          
        ___while_lbl00014   0x00eca2    program     static                          
        ___while_lbl00015   0x00ed26    program     static                          
        ___while_lbl00016   0x00ed2a    program     static                          
               __config_0   0x00fff8    program     static C:\Users\Ambin\OneDrive\Documenten\Labirynth\main.c
               __config_1   0x00fff9    program     static C:\Users\Ambin\OneDrive\Documenten\Labirynth\main.c
               __config_2   0x00fffa    program     static C:\Users\Ambin\OneDrive\Documenten\Labirynth\main.c
               __config_3   0x00fffb    program     static C:\Users\Ambin\OneDrive\Documenten\Labirynth\main.c
               __config_4   0x00fffc    program     static C:\Users\Ambin\OneDrive\Documenten\Labirynth\main.c
               __config_5   0x00fffd    program     static C:\Users\Ambin\OneDrive\Documenten\Labirynth\main.c
               __config_6   0x00fffe    program     static C:\Users\Ambin\OneDrive\Documenten\Labirynth\main.c
               __config_7   0x00ffff    program     static C:\Users\Ambin\OneDrive\Documenten\Labirynth\main.c
                   __init   0x00a00e    program     extern C:\MCC18\src\traditional\stdclib\__init.c
                   __pa_0   0x00dc2c    program     static C:\MCC18\src\traditional\stdclib\sincos.c
                   __pa_0   0x00f0f8    program     static C:\Users\Ambin\OneDrive\Documenten\Labirynth\mtouch.c
                   __pa_0   0x00e0ca    program     static C:\Users\Ambin\OneDrive\Documenten\Labirynth\oled.c
                   __pa_0   0x00b8ee    program     static C:\Users\Ambin\OneDrive\Documenten\Labirynth\graph.c
                   __pa_0   0x00f566    program     static C:\MCC18\src\traditional\stdclib\UnpkMath.c
                   __pa_0   0x00e5e4    program     static C:\MCC18\src\traditional\stdclib\sqrt.c
                   __pa_0   0x00ea90    program     static C:\Users\Ambin\OneDrive\Documenten\Labirynth\levels.c
                   __pa_0   0x00f63c    program     static C:\MCC18\src\traditional\stdclib\PackMath.c
                   __pa_0   0x00d04a    program     static C:\Users\Ambin\OneDrive\Documenten\Labirynth\main.c
                   __pa_0   0x00a718    program     static C:\Users\Ambin\OneDrive\Documenten\Labirynth\physics.c
                   __pa_0   0x00f44e    program     static C:\MCC18\src\traditional\stdclib\ldexp.c
                   __pa_0   0x00c4c8    program     static C:\MCC18\src\traditional\stdclib\vfprintf.c
                   __pa_1   0x00ea9e    program     static C:\Users\Ambin\OneDrive\Documenten\Labirynth\levels.c
                   __pa_1   0x00a806    program     static C:\Users\Ambin\OneDrive\Documenten\Labirynth\physics.c
                   __pa_1   0x00dc44    program     static C:\MCC18\src\traditional\stdclib\sincos.c
                   __pa_1   0x00f108    program     static C:\Users\Ambin\OneDrive\Documenten\Labirynth\mtouch.c
                   __pa_1   0x00e0e6    program     static C:\Users\Ambin\OneDrive\Documenten\Labirynth\oled.c
                   __pa_1   0x00b908    program     static C:\Users\Ambin\OneDrive\Documenten\Labirynth\graph.c
                   __pa_1   0x00e5ee    program     static C:\MCC18\src\traditional\stdclib\sqrt.c
                   __pa_1   0x00f64c    program     static C:\MCC18\src\traditional\stdclib\PackMath.c
                   __pa_1   0x00d06a    program     static C:\Users\Ambin\OneDrive\Documenten\Labirynth\main.c
                   __pa_1   0x00c4d0    program     static C:\MCC18\src\traditional\stdclib\vfprintf.c
                  __pa_10   0x00e16e    program     static C:\Users\Ambin\OneDrive\Documenten\Labirynth\oled.c
                  __pa_10   0x00a978    program     static C:\Users\Ambin\OneDrive\Documenten\Labirynth\physics.c
                  __pa_10   0x00dd00    program     static C:\MCC18\src\traditional\stdclib\sincos.c
                  __pa_10   0x00c584    program     static C:\MCC18\src\traditional\stdclib\vfprintf.c
                  __pa_10   0x00b966    program     static C:\Users\Ambin\OneDrive\Documenten\Labirynth\graph.c
                  __pa_10   0x00d11c    program     static C:\Users\Ambin\OneDrive\Documenten\Labirynth\main.c
                  __pa_11   0x00dd12    program     static C:\MCC18\src\traditional\stdclib\sincos.c
                  __pa_11   0x00c592    program     static C:\MCC18\src\traditional\stdclib\vfprintf.c
                  __pa_11   0x00b97a    program     static C:\Users\Ambin\OneDrive\Documenten\Labirynth\graph.c
                  __pa_11   0x00d126    program     static C:\Users\Ambin\OneDrive\Documenten\Labirynth\main.c
                  __pa_11   0x00a9a2    program     static C:\Users\Ambin\OneDrive\Documenten\Labirynth\physics.c
                  __pa_11   0x00e17e    program     static C:\Users\Ambin\OneDrive\Documenten\Labirynth\oled.c
                  __pa_12   0x00b986    program     static C:\Users\Ambin\OneDrive\Documenten\Labirynth\graph.c
                  __pa_12   0x00c5a8    program     static C:\MCC18\src\traditional\stdclib\vfprintf.c
                  __pa_12   0x00dd20    program     static C:\MCC18\src\traditional\stdclib\sincos.c
                  __pa_12   0x00a9b4    program     static C:\Users\Ambin\OneDrive\Documenten\Labirynth\physics.c
                  __pa_12   0x00d134    program     static C:\Users\Ambin\OneDrive\Documenten\Labirynth\main.c
                  __pa_12   0x00e192    program     static C:\Users\Ambin\OneDrive\Documenten\Labirynth\oled.c
                  __pa_13   0x00d142    program     static C:\Users\Ambin\OneDrive\Documenten\Labirynth\main.c
                  __pa_13   0x00e19a    program     static C:\Users\Ambin\OneDrive\Documenten\Labirynth\oled.c
                  __pa_13   0x00b98e    program     static C:\Users\Ambin\OneDrive\Documenten\Labirynth\graph.c
                  __pa_13   0x00a9c6    program     static C:\Users\Ambin\OneDrive\Documenten\Labirynth\physics.c
                  __pa_13   0x00dd26    program     static C:\MCC18\src\traditional\stdclib\sincos.c
                  __pa_13   0x00c5c2    program     static C:\MCC18\src\traditional\stdclib\vfprintf.c
                  __pa_14   0x00d150    program     static C:\Users\Ambin\OneDrive\Documenten\Labirynth\main.c
                  __pa_14   0x00c5da    program     static C:\MCC18\src\traditional\stdclib\vfprintf.c
                  __pa_14   0x00e1a8    program     static C:\Users\Ambin\OneDrive\Documenten\Labirynth\oled.c
                  __pa_14   0x00a9d8    program     static C:\Users\Ambin\OneDrive\Documenten\Labirynth\physics.c
                  __pa_14   0x00dd40    program     static C:\MCC18\src\traditional\stdclib\sincos.c
                  __pa_14   0x00b99c    program     static C:\Users\Ambin\OneDrive\Documenten\Labirynth\graph.c
                  __pa_15   0x00d15a    program     static C:\Users\Ambin\OneDrive\Documenten\Labirynth\main.c
                  __pa_15   0x00a9ea    program     static C:\Users\Ambin\OneDrive\Documenten\Labirynth\physics.c
                  __pa_15   0x00b9aa    program     static C:\Users\Ambin\OneDrive\Documenten\Labirynth\graph.c
                  __pa_15   0x00dd52    program     static C:\MCC18\src\traditional\stdclib\sincos.c
                  __pa_15   0x00e1b2    program     static C:\Users\Ambin\OneDrive\Documenten\Labirynth\oled.c
                  __pa_15   0x00c5ea    program     static C:\MCC18\src\traditional\stdclib\vfprintf.c
                  __pa_16   0x00a9f0    program     static C:\Users\Ambin\OneDrive\Documenten\Labirynth\physics.c
                  __pa_16   0x00d164    program     static C:\Users\Ambin\OneDrive\Documenten\Labirynth\main.c
                  __pa_16   0x00dd76    program     static C:\MCC18\src\traditional\stdclib\sincos.c
                  __pa_16   0x00b9b4    program     static C:\Users\Ambin\OneDrive\Documenten\Labirynth\graph.c
                  __pa_16   0x00c600    program     static C:\MCC18\src\traditional\stdclib\vfprintf.c
                  __pa_16   0x00e1fc    program     static C:\Users\Ambin\OneDrive\Documenten\Labirynth\oled.c
                  __pa_17   0x00a9f6    program     static C:\Users\Ambin\OneDrive\Documenten\Labirynth\physics.c
                  __pa_17   0x00dd88    program     static C:\MCC18\src\traditional\stdclib\sincos.c
                  __pa_17   0x00e208    program     static C:\Users\Ambin\OneDrive\Documenten\Labirynth\oled.c
                  __pa_17   0x00b9be    program     static C:\Users\Ambin\OneDrive\Documenten\Labirynth\graph.c
                  __pa_17   0x00c612    program     static C:\MCC18\src\traditional\stdclib\vfprintf.c
                  __pa_18   0x00e210    program     static C:\Users\Ambin\OneDrive\Documenten\Labirynth\oled.c
                  __pa_18   0x00b9c8    program     static C:\Users\Ambin\OneDrive\Documenten\Labirynth\graph.c
                  __pa_18   0x00dd96    program     static C:\MCC18\src\traditional\stdclib\sincos.c
                  __pa_18   0x00a9fe    program     static C:\Users\Ambin\OneDrive\Documenten\Labirynth\physics.c
                  __pa_18   0x00c624    program     static C:\MCC18\src\traditional\stdclib\vfprintf.c
                  __pa_19   0x00e218    program     static C:\Users\Ambin\OneDrive\Documenten\Labirynth\oled.c
                  __pa_19   0x00aa0c    program     static C:\Users\Ambin\OneDrive\Documenten\Labirynth\physics.c
                  __pa_19   0x00dda8    program     static C:\MCC18\src\traditional\stdclib\sincos.c
                  __pa_19   0x00b9d0    program     static C:\Users\Ambin\OneDrive\Documenten\Labirynth\graph.c
                  __pa_19   0x00c62e    program     static C:\MCC18\src\traditional\stdclib\vfprintf.c
                   __pa_2   0x00f11c    program     static C:\Users\Ambin\OneDrive\Documenten\Labirynth\mtouch.c
                   __pa_2   0x00eaaa    program     static C:\Users\Ambin\OneDrive\Documenten\Labirynth\levels.c
                   __pa_2   0x00e0ec    program     static C:\Users\Ambin\OneDrive\Documenten\Labirynth\oled.c
                   __pa_2   0x00c4da    program     static C:\MCC18\src\traditional\stdclib\vfprintf.c
                   __pa_2   0x00b912    program     static C:\Users\Ambin\OneDrive\Documenten\Labirynth\graph.c
                   __pa_2   0x00dc60    program     static C:\MCC18\src\traditional\stdclib\sincos.c
                   __pa_2   0x00a822    program     static C:\Users\Ambin\OneDrive\Documenten\Labirynth\physics.c
                   __pa_2   0x00d08e    program     static C:\Users\Ambin\OneDrive\Documenten\Labirynth\main.c
                   __pa_2   0x00e608    program     static C:\MCC18\src\traditional\stdclib\sqrt.c
                   __pa_2   0x00f65a    program     static C:\MCC18\src\traditional\stdclib\PackMath.c
                  __pa_20   0x00b9d6    program     static C:\Users\Ambin\OneDrive\Documenten\Labirynth\graph.c
                  __pa_20   0x00aa18    program     static C:\Users\Ambin\OneDrive\Documenten\Labirynth\physics.c
                  __pa_20   0x00ddb8    program     static C:\MCC18\src\traditional\stdclib\sincos.c
                  __pa_20   0x00e220    program     static C:\Users\Ambin\OneDrive\Documenten\Labirynth\oled.c
                  __pa_20   0x00c63e    program     static C:\MCC18\src\traditional\stdclib\vfprintf.c
                  __pa_21   0x00aa2a    program     static C:\Users\Ambin\OneDrive\Documenten\Labirynth\physics.c
                  __pa_21   0x00c64e    program     static C:\MCC18\src\traditional\stdclib\vfprintf.c
                  __pa_21   0x00e22a    program     static C:\Users\Ambin\OneDrive\Documenten\Labirynth\oled.c
                  __pa_21   0x00ddc4    program     static C:\MCC18\src\traditional\stdclib\sincos.c
                  __pa_21   0x00b9de    program     static C:\Users\Ambin\OneDrive\Documenten\Labirynth\graph.c
                  __pa_22   0x00c65e    program     static C:\MCC18\src\traditional\stdclib\vfprintf.c
                  __pa_22   0x00e236    program     static C:\Users\Ambin\OneDrive\Documenten\Labirynth\oled.c
                  __pa_22   0x00ddce    program     static C:\MCC18\src\traditional\stdclib\sincos.c
                  __pa_22   0x00b9e6    program     static C:\Users\Ambin\OneDrive\Documenten\Labirynth\graph.c
                  __pa_22   0x00aa3c    program     static C:\Users\Ambin\OneDrive\Documenten\Labirynth\physics.c
                  __pa_23   0x00e240    program     static C:\Users\Ambin\OneDrive\Documenten\Labirynth\oled.c
                  __pa_23   0x00aa4e    program     static C:\Users\Ambin\OneDrive\Documenten\Labirynth\physics.c
                  __pa_23   0x00b9ee    program     static C:\Users\Ambin\OneDrive\Documenten\Labirynth\graph.c
                  __pa_23   0x00ddd6    program     static C:\MCC18\src\traditional\stdclib\sincos.c
                  __pa_23   0x00c66a    program     static C:\MCC18\src\traditional\stdclib\vfprintf.c
                  __pa_24   0x00aa66    program     static C:\Users\Ambin\OneDrive\Documenten\Labirynth\physics.c
                  __pa_24   0x00b9f6    program     static C:\Users\Ambin\OneDrive\Documenten\Labirynth\graph.c
                  __pa_24   0x00dddc    program     static C:\MCC18\src\traditional\stdclib\sincos.c
                  __pa_24   0x00c678    program     static C:\MCC18\src\traditional\stdclib\vfprintf.c
                  __pa_25   0x00b9fe    program     static C:\Users\Ambin\OneDrive\Documenten\Labirynth\graph.c
                  __pa_25   0x00aa76    program     static C:\Users\Ambin\OneDrive\Documenten\Labirynth\physics.c
                  __pa_25   0x00c680    program     static C:\MCC18\src\traditional\stdclib\vfprintf.c
                  __pa_26   0x00aa7c    program     static C:\Users\Ambin\OneDrive\Documenten\Labirynth\physics.c
                  __pa_26   0x00c68a    program     static C:\MCC18\src\traditional\stdclib\vfprintf.c
                  __pa_26   0x00ba06    program     static C:\Users\Ambin\OneDrive\Documenten\Labirynth\graph.c
                  __pa_27   0x00c694    program     static C:\MCC18\src\traditional\stdclib\vfprintf.c
                  __pa_27   0x00aa8c    program     static C:\Users\Ambin\OneDrive\Documenten\Labirynth\physics.c
                  __pa_27   0x00ba0e    program     static C:\Users\Ambin\OneDrive\Documenten\Labirynth\graph.c
                  __pa_28   0x00ba14    program     static C:\Users\Ambin\OneDrive\Documenten\Labirynth\graph.c
                  __pa_28   0x00aa98    program     static C:\Users\Ambin\OneDrive\Documenten\Labirynth\physics.c
                  __pa_28   0x00c69c    program     static C:\MCC18\src\traditional\stdclib\vfprintf.c
                  __pa_29   0x00ba1a    program     static C:\Users\Ambin\OneDrive\Documenten\Labirynth\graph.c
                  __pa_29   0x00c6aa    program     static C:\MCC18\src\traditional\stdclib\vfprintf.c
                  __pa_29   0x00aaa4    program     static C:\Users\Ambin\OneDrive\Documenten\Labirynth\physics.c
                   __pa_3   0x00b918    program     static C:\Users\Ambin\OneDrive\Documenten\Labirynth\graph.c
                   __pa_3   0x00e622    program     static C:\MCC18\src\traditional\stdclib\sqrt.c
                   __pa_3   0x00f130    program     static C:\Users\Ambin\OneDrive\Documenten\Labirynth\mtouch.c
                   __pa_3   0x00e0f8    program     static C:\Users\Ambin\OneDrive\Documenten\Labirynth\oled.c
                   __pa_3   0x00eab8    program     static C:\Users\Ambin\OneDrive\Documenten\Labirynth\levels.c
                   __pa_3   0x00dc7a    program     static C:\MCC18\src\traditional\stdclib\sincos.c
                   __pa_3   0x00c4e4    program     static C:\MCC18\src\traditional\stdclib\vfprintf.c
                   __pa_3   0x00f664    program     static C:\MCC18\src\traditional\stdclib\PackMath.c
                   __pa_3   0x00a8ca    program     static C:\Users\Ambin\OneDrive\Documenten\Labirynth\physics.c
                   __pa_3   0x00d0a4    program     static C:\Users\Ambin\OneDrive\Documenten\Labirynth\main.c
                  __pa_30   0x00ba20    program     static C:\Users\Ambin\OneDrive\Documenten\Labirynth\graph.c
                  __pa_30   0x00aab6    program     static C:\Users\Ambin\OneDrive\Documenten\Labirynth\physics.c
                  __pa_30   0x00c6c6    program     static C:\MCC18\src\traditional\stdclib\vfprintf.c
                  __pa_31   0x00aabc    program     static C:\Users\Ambin\OneDrive\Documenten\Labirynth\physics.c
                  __pa_31   0x00ba28    program     static C:\Users\Ambin\OneDrive\Documenten\Labirynth\graph.c
                  __pa_31   0x00c6e0    program     static C:\MCC18\src\traditional\stdclib\vfprintf.c
                  __pa_32   0x00aac2    program     static C:\Users\Ambin\OneDrive\Documenten\Labirynth\physics.c
                  __pa_32   0x00c6fa    program     static C:\MCC18\src\traditional\stdclib\vfprintf.c
                  __pa_32   0x00ba2e    program     static C:\Users\Ambin\OneDrive\Documenten\Labirynth\graph.c
                  __pa_33   0x00aac8    program     static C:\Users\Ambin\OneDrive\Documenten\Labirynth\physics.c
                  __pa_33   0x00c712    program     static C:\MCC18\src\traditional\stdclib\vfprintf.c
                  __pa_33   0x00ba34    program     static C:\Users\Ambin\OneDrive\Documenten\Labirynth\graph.c
                  __pa_34   0x00c71c    program     static C:\MCC18\src\traditional\stdclib\vfprintf.c
                  __pa_34   0x00ba3a    program     static C:\Users\Ambin\OneDrive\Documenten\Labirynth\graph.c
                  __pa_34   0x00aace    program     static C:\Users\Ambin\OneDrive\Documenten\Labirynth\physics.c
                  __pa_35   0x00ba40    program     static C:\Users\Ambin\OneDrive\Documenten\Labirynth\graph.c
                  __pa_35   0x00aad6    program     static C:\Users\Ambin\OneDrive\Documenten\Labirynth\physics.c
                  __pa_35   0x00c72a    program     static C:\MCC18\src\traditional\stdclib\vfprintf.c
                  __pa_36   0x00c732    program     static C:\MCC18\src\traditional\stdclib\vfprintf.c
                  __pa_36   0x00ba46    program     static C:\Users\Ambin\OneDrive\Documenten\Labirynth\graph.c
                  __pa_36   0x00aae4    program     static C:\Users\Ambin\OneDrive\Documenten\Labirynth\physics.c
                  __pa_37   0x00aaea    program     static C:\Users\Ambin\OneDrive\Documenten\Labirynth\physics.c
                  __pa_37   0x00ba50    program     static C:\Users\Ambin\OneDrive\Documenten\Labirynth\graph.c
                  __pa_37   0x00c73c    program     static C:\MCC18\src\traditional\stdclib\vfprintf.c
                  __pa_38   0x00ba5a    program     static C:\Users\Ambin\OneDrive\Documenten\Labirynth\graph.c
                  __pa_38   0x00aafc    program     static C:\Users\Ambin\OneDrive\Documenten\Labirynth\physics.c
                  __pa_38   0x00c74c    program     static C:\MCC18\src\traditional\stdclib\vfprintf.c
                  __pa_39   0x00c75a    program     static C:\MCC18\src\traditional\stdclib\vfprintf.c
                  __pa_39   0x00ba6c    program     static C:\Users\Ambin\OneDrive\Documenten\Labirynth\graph.c
                  __pa_39   0x00ab08    program     static C:\Users\Ambin\OneDrive\Documenten\Labirynth\physics.c
                   __pa_4   0x00c4fc    program     static C:\MCC18\src\traditional\stdclib\vfprintf.c
                   __pa_4   0x00e112    program     static C:\Users\Ambin\OneDrive\Documenten\Labirynth\oled.c
                   __pa_4   0x00dc84    program     static C:\MCC18\src\traditional\stdclib\sincos.c
                   __pa_4   0x00f672    program     static C:\MCC18\src\traditional\stdclib\PackMath.c
                   __pa_4   0x00e634    program     static C:\MCC18\src\traditional\stdclib\sqrt.c
                   __pa_4   0x00d0c2    program     static C:\Users\Ambin\OneDrive\Documenten\Labirynth\main.c
                   __pa_4   0x00b920    program     static C:\Users\Ambin\OneDrive\Documenten\Labirynth\graph.c
                   __pa_4   0x00a8e4    program     static C:\Users\Ambin\OneDrive\Documenten\Labirynth\physics.c
                  __pa_40   0x00ba7a    program     static C:\Users\Ambin\OneDrive\Documenten\Labirynth\graph.c
                  __pa_40   0x00c766    program     static C:\MCC18\src\traditional\stdclib\vfprintf.c
                  __pa_40   0x00ab14    program     static C:\Users\Ambin\OneDrive\Documenten\Labirynth\physics.c
                  __pa_41   0x00ab20    program     static C:\Users\Ambin\OneDrive\Documenten\Labirynth\physics.c
                  __pa_41   0x00ba82    program     static C:\Users\Ambin\OneDrive\Documenten\Labirynth\graph.c
                  __pa_41   0x00c772    program     static C:\MCC18\src\traditional\stdclib\vfprintf.c
                  __pa_42   0x00ba86    program     static C:\Users\Ambin\OneDrive\Documenten\Labirynth\graph.c
                  __pa_42   0x00ab2c    program     static C:\Users\Ambin\OneDrive\Documenten\Labirynth\physics.c
                  __pa_42   0x00c77a    program     static C:\MCC18\src\traditional\stdclib\vfprintf.c
                  __pa_43   0x00ba90    program     static C:\Users\Ambin\OneDrive\Documenten\Labirynth\graph.c
                  __pa_43   0x00c784    program     static C:\MCC18\src\traditional\stdclib\vfprintf.c
                  __pa_43   0x00ab3e    program     static C:\Users\Ambin\OneDrive\Documenten\Labirynth\physics.c
                  __pa_44   0x00c78a    program     static C:\MCC18\src\traditional\stdclib\vfprintf.c
                  __pa_44   0x00ab50    program     static C:\Users\Ambin\OneDrive\Documenten\Labirynth\physics.c
                  __pa_44   0x00ba9c    program     static C:\Users\Ambin\OneDrive\Documenten\Labirynth\graph.c
                  __pa_45   0x00ab62    program     static C:\Users\Ambin\OneDrive\Documenten\Labirynth\physics.c
                  __pa_45   0x00c794    program     static C:\MCC18\src\traditional\stdclib\vfprintf.c
                  __pa_45   0x00baa6    program     static C:\Users\Ambin\OneDrive\Documenten\Labirynth\graph.c
                  __pa_46   0x00ab74    program     static C:\Users\Ambin\OneDrive\Documenten\Labirynth\physics.c
                  __pa_46   0x00c7a0    program     static C:\MCC18\src\traditional\stdclib\vfprintf.c
                  __pa_46   0x00bab0    program     static C:\Users\Ambin\OneDrive\Documenten\Labirynth\graph.c
                  __pa_47   0x00ab80    program     static C:\Users\Ambin\OneDrive\Documenten\Labirynth\physics.c
                  __pa_47   0x00bab6    program     static C:\Users\Ambin\OneDrive\Documenten\Labirynth\graph.c
                  __pa_48   0x00ab84    program     static C:\Users\Ambin\OneDrive\Documenten\Labirynth\physics.c
                  __pa_48   0x00babe    program     static C:\Users\Ambin\OneDrive\Documenten\Labirynth\graph.c
                  __pa_49   0x00ab8c    program     static C:\Users\Ambin\OneDrive\Documenten\Labirynth\physics.c
                  __pa_49   0x00bac6    program     static C:\Users\Ambin\OneDrive\Documenten\Labirynth\graph.c
                   __pa_5   0x00e11a    program     static C:\Users\Ambin\OneDrive\Documenten\Labirynth\oled.c
                   __pa_5   0x00b928    program     static C:\Users\Ambin\OneDrive\Documenten\Labirynth\graph.c
                   __pa_5   0x00c510    program     static C:\MCC18\src\traditional\stdclib\vfprintf.c
                   __pa_5   0x00f67a    program     static C:\MCC18\src\traditional\stdclib\PackMath.c
                   __pa_5   0x00a8ea    program     static C:\Users\Ambin\OneDrive\Documenten\Labirynth\physics.c
                   __pa_5   0x00d0d2    program     static C:\Users\Ambin\OneDrive\Documenten\Labirynth\main.c
                   __pa_5   0x00e646    program     static C:\MCC18\src\traditional\stdclib\sqrt.c
                   __pa_5   0x00dc9a    program     static C:\MCC18\src\traditional\stdclib\sincos.c
                  __pa_50   0x00ab94    program     static C:\Users\Ambin\OneDrive\Documenten\Labirynth\physics.c
                  __pa_50   0x00bacc    program     static C:\Users\Ambin\OneDrive\Documenten\Labirynth\graph.c
                  __pa_51   0x00aba6    program     static C:\Users\Ambin\OneDrive\Documenten\Labirynth\physics.c
                  __pa_51   0x00bad2    program     static C:\Users\Ambin\OneDrive\Documenten\Labirynth\graph.c
                  __pa_52   0x00abc8    program     static C:\Users\Ambin\OneDrive\Documenten\Labirynth\physics.c
                  __pa_52   0x00bad8    program     static C:\Users\Ambin\OneDrive\Documenten\Labirynth\graph.c
                  __pa_53   0x00bae0    program     static C:\Users\Ambin\OneDrive\Documenten\Labirynth\graph.c
                  __pa_53   0x00abea    program     static C:\Users\Ambin\OneDrive\Documenten\Labirynth\physics.c
                  __pa_54   0x00bae6    program     static C:\Users\Ambin\OneDrive\Documenten\Labirynth\graph.c
                  __pa_54   0x00abfc    program     static C:\Users\Ambin\OneDrive\Documenten\Labirynth\physics.c
                  __pa_55   0x00ac16    program     static C:\Users\Ambin\OneDrive\Documenten\Labirynth\physics.c
                  __pa_55   0x00baee    program     static C:\Users\Ambin\OneDrive\Documenten\Labirynth\graph.c
                  __pa_56   0x00baf6    program     static C:\Users\Ambin\OneDrive\Documenten\Labirynth\graph.c
                  __pa_56   0x00ac28    program     static C:\Users\Ambin\OneDrive\Documenten\Labirynth\physics.c
                  __pa_57   0x00bafc    program     static C:\Users\Ambin\OneDrive\Documenten\Labirynth\graph.c
                  __pa_57   0x00ac3a    program     static C:\Users\Ambin\OneDrive\Documenten\Labirynth\physics.c
                  __pa_58   0x00bb02    program     static C:\Users\Ambin\OneDrive\Documenten\Labirynth\graph.c
                  __pa_58   0x00ac4c    program     static C:\Users\Ambin\OneDrive\Documenten\Labirynth\physics.c
                  __pa_59   0x00bb0a    program     static C:\Users\Ambin\OneDrive\Documenten\Labirynth\graph.c
                  __pa_59   0x00ac5e    program     static C:\Users\Ambin\OneDrive\Documenten\Labirynth\physics.c
                   __pa_6   0x00e658    program     static C:\MCC18\src\traditional\stdclib\sqrt.c
                   __pa_6   0x00d0e0    program     static C:\Users\Ambin\OneDrive\Documenten\Labirynth\main.c
                   __pa_6   0x00f682    program     static C:\MCC18\src\traditional\stdclib\PackMath.c
                   __pa_6   0x00a928    program     static C:\Users\Ambin\OneDrive\Documenten\Labirynth\physics.c
                   __pa_6   0x00b936    program     static C:\Users\Ambin\OneDrive\Documenten\Labirynth\graph.c
                   __pa_6   0x00c52c    program     static C:\MCC18\src\traditional\stdclib\vfprintf.c
                   __pa_6   0x00e12c    program     static C:\Users\Ambin\OneDrive\Documenten\Labirynth\oled.c
                   __pa_6   0x00dcb0    program     static C:\MCC18\src\traditional\stdclib\sincos.c
                  __pa_60   0x00ac70    program     static C:\Users\Ambin\OneDrive\Documenten\Labirynth\physics.c
                  __pa_60   0x00bb10    program     static C:\Users\Ambin\OneDrive\Documenten\Labirynth\graph.c
                  __pa_61   0x00ac82    program     static C:\Users\Ambin\OneDrive\Documenten\Labirynth\physics.c
                  __pa_61   0x00bb16    program     static C:\Users\Ambin\OneDrive\Documenten\Labirynth\graph.c
                  __pa_62   0x00acaa    program     static C:\Users\Ambin\OneDrive\Documenten\Labirynth\physics.c
                  __pa_62   0x00bb1e    program     static C:\Users\Ambin\OneDrive\Documenten\Labirynth\graph.c
                  __pa_63   0x00acb4    program     static C:\Users\Ambin\OneDrive\Documenten\Labirynth\physics.c
                  __pa_63   0x00bb26    program     static C:\Users\Ambin\OneDrive\Documenten\Labirynth\graph.c
                  __pa_64   0x00acbe    program     static C:\Users\Ambin\OneDrive\Documenten\Labirynth\physics.c
                  __pa_64   0x00bb2e    program     static C:\Users\Ambin\OneDrive\Documenten\Labirynth\graph.c
                  __pa_65   0x00bb34    program     static C:\Users\Ambin\OneDrive\Documenten\Labirynth\graph.c
                  __pa_65   0x00acd0    program     static C:\Users\Ambin\OneDrive\Documenten\Labirynth\physics.c
                  __pa_66   0x00bb3a    program     static C:\Users\Ambin\OneDrive\Documenten\Labirynth\graph.c
                  __pa_66   0x00ace0    program     static C:\Users\Ambin\OneDrive\Documenten\Labirynth\physics.c
                  __pa_67   0x00bb44    program     static C:\Users\Ambin\OneDrive\Documenten\Labirynth\graph.c
                  __pa_67   0x00ace8    program     static C:\Users\Ambin\OneDrive\Documenten\Labirynth\physics.c
                  __pa_68   0x00bb50    program     static C:\Users\Ambin\OneDrive\Documenten\Labirynth\graph.c
                  __pa_68   0x00ad06    program     static C:\Users\Ambin\OneDrive\Documenten\Labirynth\physics.c
                  __pa_69   0x00bb56    program     static C:\Users\Ambin\OneDrive\Documenten\Labirynth\graph.c
                  __pa_69   0x00ad0c    program     static C:\Users\Ambin\OneDrive\Documenten\Labirynth\physics.c
                   __pa_7   0x00c536    program     static C:\MCC18\src\traditional\stdclib\vfprintf.c
                   __pa_7   0x00dcc2    program     static C:\MCC18\src\traditional\stdclib\sincos.c
                   __pa_7   0x00e666    program     static C:\MCC18\src\traditional\stdclib\sqrt.c
                   __pa_7   0x00d0f2    program     static C:\Users\Ambin\OneDrive\Documenten\Labirynth\main.c
                   __pa_7   0x00a942    program     static C:\Users\Ambin\OneDrive\Documenten\Labirynth\physics.c
                   __pa_7   0x00b940    program     static C:\Users\Ambin\OneDrive\Documenten\Labirynth\graph.c
                   __pa_7   0x00e13c    program     static C:\Users\Ambin\OneDrive\Documenten\Labirynth\oled.c
                  __pa_70   0x00ad1e    program     static C:\Users\Ambin\OneDrive\Documenten\Labirynth\physics.c
                  __pa_70   0x00bb5c    program     static C:\Users\Ambin\OneDrive\Documenten\Labirynth\graph.c
                  __pa_71   0x00ad38    program     static C:\Users\Ambin\OneDrive\Documenten\Labirynth\physics.c
                  __pa_71   0x00bb62    program     static C:\Users\Ambin\OneDrive\Documenten\Labirynth\graph.c
                  __pa_72   0x00ad4c    program     static C:\Users\Ambin\OneDrive\Documenten\Labirynth\physics.c
                  __pa_72   0x00bb6a    program     static C:\Users\Ambin\OneDrive\Documenten\Labirynth\graph.c
                  __pa_73   0x00ad54    program     static C:\Users\Ambin\OneDrive\Documenten\Labirynth\physics.c
                  __pa_73   0x00bb70    program     static C:\Users\Ambin\OneDrive\Documenten\Labirynth\graph.c
                  __pa_74   0x00ad66    program     static C:\Users\Ambin\OneDrive\Documenten\Labirynth\physics.c
                  __pa_74   0x00bb76    program     static C:\Users\Ambin\OneDrive\Documenten\Labirynth\graph.c
                  __pa_75   0x00bb7c    program     static C:\Users\Ambin\OneDrive\Documenten\Labirynth\graph.c
                  __pa_75   0x00ad6e    program     static C:\Users\Ambin\OneDrive\Documenten\Labirynth\physics.c
                  __pa_76   0x00bb82    program     static C:\Users\Ambin\OneDrive\Documenten\Labirynth\graph.c
                  __pa_76   0x00ad80    program     static C:\Users\Ambin\OneDrive\Documenten\Labirynth\physics.c
                  __pa_77   0x00ad92    program     static C:\Users\Ambin\OneDrive\Documenten\Labirynth\physics.c
                  __pa_78   0x00ada4    program     static C:\Users\Ambin\OneDrive\Documenten\Labirynth\physics.c
                  __pa_79   0x00adb6    program     static C:\Users\Ambin\OneDrive\Documenten\Labirynth\physics.c
                   __pa_8   0x00a95c    program     static C:\Users\Ambin\OneDrive\Documenten\Labirynth\physics.c
                   __pa_8   0x00d0fc    program     static C:\Users\Ambin\OneDrive\Documenten\Labirynth\main.c
                   __pa_8   0x00e66e    program     static C:\MCC18\src\traditional\stdclib\sqrt.c
                   __pa_8   0x00dcdc    program     static C:\MCC18\src\traditional\stdclib\sincos.c
                   __pa_8   0x00b94a    program     static C:\Users\Ambin\OneDrive\Documenten\Labirynth\graph.c
                   __pa_8   0x00e146    program     static C:\Users\Ambin\OneDrive\Documenten\Labirynth\oled.c
                   __pa_8   0x00c542    program     static C:\MCC18\src\traditional\stdclib\vfprintf.c
                  __pa_80   0x00adc8    program     static C:\Users\Ambin\OneDrive\Documenten\Labirynth\physics.c
                  __pa_81   0x00adda    program     static C:\Users\Ambin\OneDrive\Documenten\Labirynth\physics.c
                  __pa_82   0x00ade4    program     static C:\Users\Ambin\OneDrive\Documenten\Labirynth\physics.c
                  __pa_83   0x00adec    program     static C:\Users\Ambin\OneDrive\Documenten\Labirynth\physics.c
                  __pa_84   0x00adfa    program     static C:\Users\Ambin\OneDrive\Documenten\Labirynth\physics.c
                  __pa_85   0x00ae06    program     static C:\Users\Ambin\OneDrive\Documenten\Labirynth\physics.c
                  __pa_86   0x00ae12    program     static C:\Users\Ambin\OneDrive\Documenten\Labirynth\physics.c
                  __pa_87   0x00ae28    program     static C:\Users\Ambin\OneDrive\Documenten\Labirynth\physics.c
                  __pa_88   0x00ae36    program     static C:\Users\Ambin\OneDrive\Documenten\Labirynth\physics.c
                  __pa_89   0x00ae3e    program     static C:\Users\Ambin\OneDrive\Documenten\Labirynth\physics.c
                   __pa_9   0x00e154    program     static C:\Users\Ambin\OneDrive\Documenten\Labirynth\oled.c
                   __pa_9   0x00b952    program     static C:\Users\Ambin\OneDrive\Documenten\Labirynth\graph.c
                   __pa_9   0x00c564    program     static C:\MCC18\src\traditional\stdclib\vfprintf.c
                   __pa_9   0x00d112    program     static C:\Users\Ambin\OneDrive\Documenten\Labirynth\main.c
                   __pa_9   0x00e678    program     static C:\MCC18\src\traditional\stdclib\sqrt.c
                   __pa_9   0x00a962    program     static C:\Users\Ambin\OneDrive\Documenten\Labirynth\physics.c
                   __pa_9   0x00dcf6    program     static C:\MCC18\src\traditional\stdclib\sincos.c
                  __pa_90   0x00ae46    program     static C:\Users\Ambin\OneDrive\Documenten\Labirynth\physics.c
                  __pa_91   0x00ae52    program     static C:\Users\Ambin\OneDrive\Documenten\Labirynth\physics.c
                  __pa_92   0x00ae5c    program     static C:\Users\Ambin\OneDrive\Documenten\Labirynth\physics.c
               __string_0   0x00ef4a    program     static C:\Users\Ambin\OneDrive\Documenten\Labirynth\main.c
               __string_1   0x00ef34    program     static C:\Users\Ambin\OneDrive\Documenten\Labirynth\main.c
              __string_10   0x00ee6c    program     static C:\Users\Ambin\OneDrive\Documenten\Labirynth\main.c
              __string_11   0x00ee56    program     static C:\Users\Ambin\OneDrive\Documenten\Labirynth\main.c
              __string_12   0x00ee40    program     static C:\Users\Ambin\OneDrive\Documenten\Labirynth\main.c
              __string_13   0x00ee2a    program     static C:\Users\Ambin\OneDrive\Documenten\Labirynth\main.c
              __string_14   0x00ee14    program     static C:\Users\Ambin\OneDrive\Documenten\Labirynth\main.c
              __string_15   0x00edfe    program     static C:\Users\Ambin\OneDrive\Documenten\Labirynth\main.c
              __string_16   0x00ede8    program     static C:\Users\Ambin\OneDrive\Documenten\Labirynth\main.c
              __string_17   0x00edd2    program     static C:\Users\Ambin\OneDrive\Documenten\Labirynth\main.c
              __string_18   0x00edbc    program     static C:\Users\Ambin\OneDrive\Documenten\Labirynth\main.c
              __string_19   0x00eda6    program     static C:\Users\Ambin\OneDrive\Documenten\Labirynth\main.c
               __string_2   0x00ef1d    program     static C:\Users\Ambin\OneDrive\Documenten\Labirynth\main.c
              __string_20   0x00ed90    program     static C:\Users\Ambin\OneDrive\Documenten\Labirynth\main.c
              __string_21   0x00ed7a    program     static C:\Users\Ambin\OneDrive\Documenten\Labirynth\main.c
              __string_22   0x00ed64    program     static C:\Users\Ambin\OneDrive\Documenten\Labirynth\main.c
              __string_23   0x00ed4e    program     static C:\Users\Ambin\OneDrive\Documenten\Labirynth\main.c
              __string_24   0x00ed38    program     static C:\Users\Ambin\OneDrive\Documenten\Labirynth\main.c
               __string_3   0x00ef06    program     static C:\Users\Ambin\OneDrive\Documenten\Labirynth\main.c
               __string_4   0x00eef0    program     static C:\Users\Ambin\OneDrive\Documenten\Labirynth\main.c
               __string_5   0x00eeda    program     static C:\Users\Ambin\OneDrive\Documenten\Labirynth\main.c
               __string_6   0x00eec4    program     static C:\Users\Ambin\OneDrive\Documenten\Labirynth\main.c
               __string_7   0x00eead    program     static C:\Users\Ambin\OneDrive\Documenten\Labirynth\main.c
               __string_8   0x00ee99    program     static C:\Users\Ambin\OneDrive\Documenten\Labirynth\main.c
               __string_9   0x00ee82    program     static C:\Users\Ambin\OneDrive\Documenten\Labirynth\main.c
               __tmplbl_0   0x00ebc4    program     static                          
               __tmplbl_0   0x00b94a    program     static                          
               __tmplbl_1   0x00ebbc    program     static                          
               __tmplbl_1   0x00b94a    program     static                          
              __tmplbl_14   0x00ad38    program     static                          
              __tmplbl_15   0x00ad38    program     static                          
              __tmplbl_16   0x00ade4    program     static                          
              __tmplbl_17   0x00ade4    program     static                          
               __tmplbl_2   0x00b94a    program     static                          
               __tmplbl_3   0x00b94a    program     static                          
               __tmplbl_4   0x00ba82    program     static                          
              __tmplbl_42   0x00c65e    program     static                          
              __tmplbl_43   0x00c4a6    program     static                          
              __tmplbl_44   0x00c48c    program     static                          
               __tmplbl_5   0x00ba82    program     static                          
              __tmplbl_85   0x00bbde    program     static                          
            __zero_memory   0x00fbba    program     extern C:\MCC18\src\traditional\proc\p18F46J50.asm
                _do_cinit   0x00f82a    program     extern C:\MCC18\src\traditional\startup\c018i.c
                   _entry   0x000000    program     extern C:\MCC18\src\traditional\startup\c018i.c
                   _false   0x00fb1a    program     static                          
       _generatePhysWalls   0x00e688    program     extern C:\Users\Ambin\OneDrive\Documenten\Labirynth\levels.c
                   _reset   0x00a000    program     extern C:\Users\Ambin\OneDrive\Documenten\Labirynth\main.c
                  _sincos   0x00d83e    program     extern C:\MCC18\src\traditional\stdclib\sincos.c
                 _startup   0x00fb70    program     extern C:\MCC18\src\traditional\startup\c018i.c
              _usart_putc   0x00fb8c    program     extern C:\MCC18\src\pmc_common\USART\_usartpc.asm
               _user_putc   0x00a006    program     extern C:\MCC18\src\traditional\stdclib\_user_putc.c
                checkWall   0x00a090    program     extern C:\Users\Ambin\OneDrive\Documenten\Labirynth\physics.c
               clear_loop   0x00fbc0    program     static C:\MCC18\src\traditional\proc\p18F46J50.asm
                copy_loop   0x00f89c    program     static                          
            copy_one_byte   0x00f8a2    program     static                          
                     done   0x00f8c6    program     static                          
             done_copying   0x00f8b0    program     static                          
                 drawRect   0x00af36    program     extern C:\Users\Ambin\OneDrive\Documenten\Labirynth\graph.c
                  endloop   0x00fb46    program     static                          
                     fabs   0x00fa22    program     extern C:\MCC18\src\traditional\stdclib\fabs.c
                g_pucFont   0x00f144    program     extern C:\Users\Ambin\OneDrive\Documenten\Labirynth\oled.c
                  isdigit   0x00fb4c    program     extern C:\MCC18\src\traditional\stdclib\isdigit.asm
                 jANotInf   0x00d1ea    program     static C:\MCC18\src\traditional\math\addFP.asm
                 jANotInf   0x00d3b2    program     static C:\MCC18\src\traditional\math\mulFP.asm
                 jANotInf   0x00d30c    program     static C:\MCC18\src\traditional\math\divFP.asm
                 jANotNeg   0x00d27e    program     static C:\MCC18\src\traditional\math\addFP.asm
                jANotZero   0x00d320    program     static C:\MCC18\src\traditional\math\divFP.asm
              jAandWsetup   0x00d24e    program     static C:\MCC18\src\traditional\math\addFP.asm
                  jAisNeg   0x00d602    program     static C:\MCC18\src\traditional\math\compFP.asm
                 jAltBexp   0x00d23c    program     static C:\MCC18\src\traditional\math\addFP.asm
                jBANotInf   0x00d1e0    program     static C:\MCC18\src\traditional\math\addFP.asm
                 jBNotInf   0x00d1f8    program     static C:\MCC18\src\traditional\math\addFP.asm
              jBothFinite   0x00d3c0    program     static C:\MCC18\src\traditional\math\mulFP.asm
             jBothNotZero   0x00d3cc    program     static C:\MCC18\src\traditional\math\mulFP.asm
             jBothNotZero   0x00d5a4    program     static C:\MCC18\src\traditional\math\compFP.asm
            jDifOrPosSign   0x00d20c    program     static C:\MCC18\src\traditional\math\addFP.asm
                      jEQ   0x00d5c0    program     static C:\MCC18\src\traditional\math\compFP.asm
                     jEnd   0x00fa0e    program     static C:\MCC18\src\traditional\stdclib\slenpgm.asm
                     jEnd   0x00f9d6    program     static C:\MCC18\src\traditional\stdclib\strlen.asm
                    jExch   0x00d5cc    program     static C:\MCC18\src\traditional\math\compFP.asm
                    jExit   0x00d83c    program     static C:\MCC18\src\traditional\math\castFP32.asm
                    jExit   0x00d7ce    program     static C:\MCC18\src\traditional\math\castFP16.asm
                    jExit   0x00d560    program     static C:\MCC18\src\traditional\math\castFP08.asm
                   jExpEQ   0x00d612    program     static C:\MCC18\src\traditional\math\compFP.asm
                   jFinal   0x00d5f6    program     static C:\MCC18\src\traditional\math\compFP.asm
               jFinalSign   0x00d2e6    program     static C:\MCC18\src\traditional\math\addFP.asm
                jHaveZero   0x00d3c8    program     static C:\MCC18\src\traditional\math\mulFP.asm
                jI2F08Beg   0x00d182    program     static C:\MCC18\src\traditional\math\cast08FP.asm
                jI2F16Beg   0x00d1aa    program     static C:\MCC18\src\traditional\math\cast16FP.asm
                jI2F32Beg   0x00d758    program     static C:\MCC18\src\traditional\math\cast32FP.asm
                    jLoop   0x00f9cc    program     static C:\MCC18\src\traditional\stdclib\strlen.asm
                    jLoop   0x00d7ae    program     static C:\MCC18\src\traditional\math\castFP16.asm
                    jLoop   0x00d348    program     static C:\MCC18\src\traditional\math\divFP.asm
                    jLoop   0x00f9f6    program     static C:\MCC18\src\traditional\stdclib\slenpgm.asm
                    jLoop   0x00d810    program     static C:\MCC18\src\traditional\math\castFP32.asm
                    jLoop   0x00d548    program     static C:\MCC18\src\traditional\math\castFP08.asm
                jLoopExit   0x00d7be    program     static C:\MCC18\src\traditional\math\castFP16.asm
                jLoopExit   0x00d556    program     static C:\MCC18\src\traditional\math\castFP08.asm
                jLoopExit   0x00d824    program     static C:\MCC18\src\traditional\math\castFP32.asm
                   jMatch   0x00fb6c    program     static C:\MCC18\src\traditional\stdclib\isdigit.asm
                     jMax   0x00d7e0    program     static C:\MCC18\src\traditional\math\castFP32.asm
                     jMax   0x00d524    program     static C:\MCC18\src\traditional\math\castFP08.asm
                     jMax   0x00d782    program     static C:\MCC18\src\traditional\math\castFP16.asm
                  jMaxNeg   0x00d7f2    program     static C:\MCC18\src\traditional\math\castFP32.asm
                  jMaxNeg   0x00d790    program     static C:\MCC18\src\traditional\math\castFP16.asm
                  jMaxNeg   0x00d52e    program     static C:\MCC18\src\traditional\math\castFP08.asm
                  jMaxPos   0x00d786    program     static C:\MCC18\src\traditional\math\castFP16.asm
                  jMaxPos   0x00d7e4    program     static C:\MCC18\src\traditional\math\castFP32.asm
                  jMaxPos   0x00d528    program     static C:\MCC18\src\traditional\math\castFP08.asm
                      jNE   0x00d5c4    program     static C:\MCC18\src\traditional\math\compFP.asm
                    jNext   0x00d36e    program     static C:\MCC18\src\traditional\math\divFP.asm
                jNoAdjust   0x00d36c    program     static C:\MCC18\src\traditional\math\divFP.asm
                  jNoExch   0x00d5ec    program     static C:\MCC18\src\traditional\math\compFP.asm
                 jNoMatch   0x00fb6e    program     static C:\MCC18\src\traditional\stdclib\isdigit.asm
             jNotBothZero   0x00d210    program     static C:\MCC18\src\traditional\math\addFP.asm
                  jNotInf   0x00d79e    program     static C:\MCC18\src\traditional\math\castFP16.asm
                  jNotInf   0x00d7fe    program     static C:\MCC18\src\traditional\math\castFP32.asm
                  jNotInf   0x00d538    program     static C:\MCC18\src\traditional\math\castFP08.asm
                  jPkLoop   0x00d676    program     static C:\MCC18\src\traditional\math\packFP.asm
             jPkRoundDone   0x00d6c0    program     static C:\MCC18\src\traditional\math\packFP.asm
               jPkRoundIt   0x00d6a8    program     static C:\MCC18\src\traditional\math\packFP.asm
             jPkShiftDone   0x00d692    program     static C:\MCC18\src\traditional\math\packFP.asm
           jReturnPosInf0   0x00d64c    program     static C:\MCC18\src\traditional\math\packFP.asm
                  jRotate   0x00d61e    program     static C:\MCC18\src\traditional\math\compFP.asm
                   jShift   0x00d608    program     static C:\MCC18\src\traditional\math\compFP.asm
               jShiftDone   0x00d2a6    program     static C:\MCC18\src\traditional\math\addFP.asm
               jShiftLoop   0x00d298    program     static C:\MCC18\src\traditional\math\addFP.asm
                jSignDone   0x00d2d6    program     static C:\MCC18\src\traditional\math\addFP.asm
              jSignedZero   0x00d316    program     static C:\MCC18\src\traditional\math\divFP.asm
                 jSignsEQ   0x00d5a8    program     static C:\MCC18\src\traditional\math\compFP.asm
                  jUnpkA1   0x00d6ea    program     static C:\MCC18\src\traditional\math\UnpackFP.asm
                  jUnpkA2   0x00d702    program     static C:\MCC18\src\traditional\math\UnpackFP.asm
                 jUnpkANZ   0x00d6f8    program     static C:\MCC18\src\traditional\math\UnpackFP.asm
                  jUnpkB1   0x00d71a    program     static C:\MCC18\src\traditional\math\UnpackFP.asm
                  jUnpkB2   0x00d732    program     static C:\MCC18\src\traditional\math\UnpackFP.asm
                 jUnpkBNZ   0x00d728    program     static C:\MCC18\src\traditional\math\UnpackFP.asm
                 jUnpkNaN   0x00d70c    program     static C:\MCC18\src\traditional\math\UnpackFP.asm
                 jWNotNeg   0x00d292    program     static C:\MCC18\src\traditional\math\addFP.asm
                   jWr123   0x00d7ea    program     static C:\MCC18\src\traditional\math\castFP32.asm
                  jWrZ123   0x00d7fa    program     static C:\MCC18\src\traditional\math\castFP32.asm
                    jZero   0x00d534    program     static C:\MCC18\src\traditional\math\castFP08.asm
                    jZero   0x00d7f8    program     static C:\MCC18\src\traditional\math\castFP32.asm
                    jZero   0x00d798    program     static C:\MCC18\src\traditional\math\castFP16.asm
               jZero1and2   0x00d650    program     static C:\MCC18\src\traditional\math\packFP.asm
                    ldexp   0x00f320    program     extern C:\MCC18\src\traditional\stdclib\ldexp.c
                   level0   0x00e78c    program     extern C:\Users\Ambin\OneDrive\Documenten\Labirynth\levels.c
                   level1   0x00e798    program     extern C:\Users\Ambin\OneDrive\Documenten\Labirynth\levels.c
                   level2   0x00e7fe    program     extern C:\Users\Ambin\OneDrive\Documenten\Labirynth\levels.c
                   level3   0x00e8b2    program     extern C:\Users\Ambin\OneDrive\Documenten\Labirynth\levels.c
                   level4   0x00e972    program     extern C:\Users\Ambin\OneDrive\Documenten\Labirynth\levels.c
                   level5   0x00e9be    program     extern C:\Users\Ambin\OneDrive\Documenten\Labirynth\levels.c
                     loop   0x00fb80    program     static                          
                     loop   0x00fae6    program     static                          
                     loop   0x00fb9c    program     static C:\MCC18\src\pmc_common\USART\_usartpc.asm
                     loop   0x00fb2a    program     static                          
          mTouchCalibrate   0x00f082    program     extern C:\Users\Ambin\OneDrive\Documenten\Labirynth\mtouch.c
               mTouchInit   0x00efac    program     extern C:\Users\Ambin\OneDrive\Documenten\Labirynth\mtouch.c
         mTouchReadButton   0x00efb2    program     extern C:\Users\Ambin\OneDrive\Documenten\Labirynth\mtouch.c
                     main   0x00c7ca    program     extern C:\Users\Ambin\OneDrive\Documenten\Labirynth\main.c
             oledPutImage   0x00e032    program     extern C:\Users\Ambin\OneDrive\Documenten\Labirynth\oled.c
         oledPutNegString   0x00e014    program     extern C:\Users\Ambin\OneDrive\Documenten\Labirynth\oled.c
      oledPutROMNegString   0x00dfd8    program     extern C:\Users\Ambin\OneDrive\Documenten\Labirynth\oled.c
         oledPutROMString   0x00dfba    program     extern C:\Users\Ambin\OneDrive\Documenten\Labirynth\oled.c
            oledPutString   0x00dff6    program     extern C:\Users\Ambin\OneDrive\Documenten\Labirynth\oled.c
          oledWriteChar1x   0x00df32    program     extern C:\Users\Ambin\OneDrive\Documenten\Labirynth\oled.c
       oledWriteNegChar1x   0x00df76    program     extern C:\Users\Ambin\OneDrive\Documenten\Labirynth\oled.c
                     putc   0x00f8c8    program     extern C:\MCC18\src\traditional\stdclib\putc.c
                resetBall   0x00e6f6    program     extern C:\Users\Ambin\OneDrive\Documenten\Labirynth\levels.c
                 s_digits   0x00fba8    program     static C:\MCC18\src\traditional\stdclib\vfprintf.c
            s_put_n_chars   0x00bb88    program     static C:\MCC18\src\traditional\stdclib\vfprintf.c
                      sin   0x00fa88    program     extern C:\MCC18\src\traditional\stdclib\sin.c
                  sprintf   0x00f77e    program     extern C:\MCC18\src\traditional\stdclib\sprintf.c
                     sqrt   0x00e246    program     extern C:\MCC18\src\traditional\stdclib\sqrt.c
                   strlen   0x00f9bc    program     extern C:\MCC18\src\traditional\stdclib\strlen.asm
                strlenpgm   0x00f9d8    program     extern C:\MCC18\src\traditional\stdclib\slenpgm.asm
                     test   0x00f844    program     static                          
                 vfprintf   0x00bbb4    program     extern C:\MCC18\src\traditional\stdclib\vfprintf.c
             wallLineDown   0x00a076    program     extern C:\Users\Ambin\OneDrive\Documenten\Labirynth\physics.c
[...]
                    TRISC   0x000f94       data     extern C:\MCC18\src\traditional\proc\p18F46J50.asm
                    TRISD   0x000f95       data     extern C:\MCC18\src\traditional\proc\p18F46J50.asm
                TRISDbits   0x000f95       data     extern C:\MCC18\src\traditional\proc\p18F46J50.asm
                    TRISE   0x000f96       data     extern C:\MCC18\src\traditional\proc\p18F46J50.asm
                TRISEbits   0x000f96       data     extern C:\MCC18\src\traditional\proc\p18F46J50.asm
               T3GCONbits   0x000f97       data     extern C:\MCC18\src\traditional\proc\p18F46J50.asm
                   T3GCON   0x000f97       data     extern C:\MCC18\src\traditional\proc\p18F46J50.asm
                  RTCVALL   0x000f98       data     extern C:\MCC18\src\traditional\proc\p18F46J50.asm
                  RTCVALH   0x000f99       data     extern C:\MCC18\src\traditional\proc\p18F46J50.asm
                   T1GCON   0x000f9a       data     extern C:\MCC18\src\traditional\proc\p18F46J50.asm
               T1GCONbits   0x000f9a       data     extern C:\MCC18\src\traditional\proc\p18F46J50.asm
              OSCTUNEbits   0x000f9b       data     extern C:\MCC18\src\traditional\proc\p18F46J50.asm
                  OSCTUNE   0x000f9b       data     extern C:\MCC18\src\traditional\proc\p18F46J50.asm
               RCSTA2bits   0x000f9c       data     extern C:\MCC18\src\traditional\proc\p18F46J50.asm
                   RCSTA2   0x000f9c       data     extern C:\MCC18\src\traditional\proc\p18F46J50.asm
                 PIE1bits   0x000f9d       data     extern C:\MCC18\src\traditional\proc\p18F46J50.asm
                     PIE1   0x000f9d       data     extern C:\MCC18\src\traditional\proc\p18F46J50.asm
                     PIR1   0x000f9e       data     extern C:\MCC18\src\traditional\proc\p18F46J50.asm
                 PIR1bits   0x000f9e       data     extern C:\MCC18\src\traditional\proc\p18F46J50.asm
                     IPR1   0x000f9f       data     extern C:\MCC18\src\traditional\proc\p18F46J50.asm
                 IPR1bits   0x000f9f       data     extern C:\MCC18\src\traditional\proc\p18F46J50.asm
                 PIE2bits   0x000fa0       data     extern C:\MCC18\src\traditional\proc\p18F46J50.asm
                     PIE2   0x000fa0       data     extern C:\MCC18\src\traditional\proc\p18F46J50.asm
                     PIR2   0x000fa1       data     extern C:\MCC18\src\traditional\proc\p18F46J50.asm
                 PIR2bits   0x000fa1       data     extern C:\MCC18\src\traditional\proc\p18F46J50.asm
                 IPR2bits   0x000fa2       data     extern C:\MCC18\src\traditional\proc\p18F46J50.asm
                     IPR2   0x000fa2       data     extern C:\MCC18\src\traditional\proc\p18F46J50.asm
                     PIE3   0x000fa3       data     extern C:\MCC18\src\traditional\proc\p18F46J50.asm
                 PIE3bits   0x000fa3       data     extern C:\MCC18\src\traditional\proc\p18F46J50.asm
                     PIR3   0x000fa4       data     extern C:\MCC18\src\traditional\proc\p18F46J50.asm
                 PIR3bits   0x000fa4       data     extern C:\MCC18\src\traditional\proc\p18F46J50.asm
                 IPR3bits   0x000fa5       data     extern C:\MCC18\src\traditional\proc\p18F46J50.asm
                     IPR3   0x000fa5       data     extern C:\MCC18\src\traditional\proc\p18F46J50.asm
                   EECON1   0x000fa6       data     extern C:\MCC18\src\traditional\proc\p18F46J50.asm
               EECON1bits   0x000fa6       data     extern C:\MCC18\src\traditional\proc\p18F46J50.asm
                   EECON2   0x000fa7       data     extern C:\MCC18\src\traditional\proc\p18F46J50.asm
               TXSTA2bits   0x000fa8       data     extern C:\MCC18\src\traditional\proc\p18F46J50.asm
                   TXSTA2   0x000fa8       data     extern C:\MCC18\src\traditional\proc\p18F46J50.asm
                   TXREG2   0x000fa9       data     extern C:\MCC18\src\traditional\proc\p18F46J50.asm
                   RCREG2   0x000faa       data     extern C:\MCC18\src\traditional\proc\p18F46J50.asm
                   SPBRG2   0x000fab       data     extern C:\MCC18\src\traditional\proc\p18F46J50.asm
                RCSTAbits   0x000fac       data     extern C:\MCC18\src\traditional\proc\p18F46J50.asm
               RCSTA1bits   0x000fac       data     extern C:\MCC18\src\traditional\proc\p18F46J50.asm
                   RCSTA1   0x000fac       data     extern C:\MCC18\src\traditional\proc\p18F46J50.asm
                    RCSTA   0x000fac       data     extern C:\MCC18\src\traditional\proc\p18F46J50.asm
                   TXSTA1   0x000fad       data     extern C:\MCC18\src\traditional\proc\p18F46J50.asm
                    TXSTA   0x000fad       data     extern C:\MCC18\src\traditional\proc\p18F46J50.asm
               TXSTA1bits   0x000fad       data     extern C:\MCC18\src\traditional\proc\p18F46J50.asm
                TXSTAbits   0x000fad       data     extern C:\MCC18\src\traditional\proc\p18F46J50.asm
                   TXREG1   0x000fae       data     extern C:\MCC18\src\traditional\proc\p18F46J50.asm
                    TXREG   0x000fae       data     extern C:\MCC18\src\traditional\proc\p18F46J50.asm
                    RCREG   0x000faf       data     extern C:\MCC18\src\traditional\proc\p18F46J50.asm
                   RCREG1   0x000faf       data     extern C:\MCC18\src\traditional\proc\p18F46J50.asm
                   SPBRG1   0x000fb0       data     extern C:\MCC18\src\traditional\proc\p18F46J50.asm
                    SPBRG   0x000fb0       data     extern C:\MCC18\src\traditional\proc\p18F46J50.asm
             CTMUICONbits   0x000fb1       data     extern C:\MCC18\src\traditional\proc\p18F46J50.asm
                 CTMUICON   0x000fb1       data     extern C:\MCC18\src\traditional\proc\p18F46J50.asm
             CTMUCONLbits   0x000fb2       data     extern C:\MCC18\src\traditional\proc\p18F46J50.asm
                 CTMUCONL   0x000fb2       data     extern C:\MCC18\src\traditional\proc\p18F46J50.asm
                 CTMUCONH   0x000fb3       data     extern C:\MCC18\src\traditional\proc\p18F46J50.asm
             CTMUCONHbits   0x000fb3       data     extern C:\MCC18\src\traditional\proc\p18F46J50.asm
              CCP2CONbits   0x000fb4       data     extern C:\MCC18\src\traditional\proc\p18F46J50.asm
             ECCP2CONbits   0x000fb4       data     extern C:\MCC18\src\traditional\proc\p18F46J50.asm
                 ECCP2CON   0x000fb4       data     extern C:\MCC18\src\traditional\proc\p18F46J50.asm
                  CCP2CON   0x000fb4       data     extern C:\MCC18\src\traditional\proc\p18F46J50.asm
                    CCPR2   0x000fb5       data     extern C:\MCC18\src\traditional\proc\p18F46J50.asm
                   CCPR2L   0x000fb5       data     extern C:\MCC18\src\traditional\proc\p18F46J50.asm
                   CCPR2H   0x000fb6       data     extern C:\MCC18\src\traditional\proc\p18F46J50.asm
              PWM2CONbits   0x000fb7       data     extern C:\MCC18\src\traditional\proc\p18F46J50.asm
                  PWM2CON   0x000fb7       data     extern C:\MCC18\src\traditional\proc\p18F46J50.asm
                 ECCP2DEL   0x000fb7       data     extern C:\MCC18\src\traditional\proc\p18F46J50.asm
             ECCP2DELbits   0x000fb7       data     extern C:\MCC18\src\traditional\proc\p18F46J50.asm
                  ECCP2AS   0x000fb8       data     extern C:\MCC18\src\traditional\proc\p18F46J50.asm
              ECCP2ASbits   0x000fb8       data     extern C:\MCC18\src\traditional\proc\p18F46J50.asm
             PSTR2CONbits   0x000fb9       data     extern C:\MCC18\src\traditional\proc\p18F46J50.asm
                 PSTR2CON   0x000fb9       data     extern C:\MCC18\src\traditional\proc\p18F46J50.asm
              CCP1CONbits   0x000fba       data     extern C:\MCC18\src\traditional\proc\p18F46J50.asm
                  CCP1CON   0x000fba       data     extern C:\MCC18\src\traditional\proc\p18F46J50.asm
             ECCP1CONbits   0x000fba       data     extern C:\MCC18\src\traditional\proc\p18F46J50.asm
                 ECCP1CON   0x000fba       data     extern C:\MCC18\src\traditional\proc\p18F46J50.asm
                   CCPR1L   0x000fbb       data     extern C:\MCC18\src\traditional\proc\p18F46J50.asm
                    CCPR1   0x000fbb       data     extern C:\MCC18\src\traditional\proc\p18F46J50.asm
                   CCPR1H   0x000fbc       data     extern C:\MCC18\src\traditional\proc\p18F46J50.asm
                  PWM1CON   0x000fbd       data     extern C:\MCC18\src\traditional\proc\p18F46J50.asm
              PWM1CONbits   0x000fbd       data     extern C:\MCC18\src\traditional\proc\p18F46J50.asm
                 ECCP1DEL   0x000fbd       data     extern C:\MCC18\src\traditional\proc\p18F46J50.asm
             ECCP1DELbits   0x000fbd       data     extern C:\MCC18\src\traditional\proc\p18F46J50.asm
              ECCP1ASbits   0x000fbe       data     extern C:\MCC18\src\traditional\proc\p18F46J50.asm
                  ECCP1AS   0x000fbe       data     extern C:\MCC18\src\traditional\proc\p18F46J50.asm
             PSTR1CONbits   0x000fbf       data     extern C:\MCC18\src\traditional\proc\p18F46J50.asm
                 PSTR1CON   0x000fbf       data     extern C:\MCC18\src\traditional\proc\p18F46J50.asm
               WDTCONbits   0x000fc0       data     extern C:\MCC18\src\traditional\proc\p18F46J50.asm
                   WDTCON   0x000fc0       data     extern C:\MCC18\src\traditional\proc\p18F46J50.asm
                   ADCON1   0x000fc1       data     extern C:\MCC18\src\traditional\proc\p18F46J50.asm
               ADCON1bits   0x000fc1       data     extern C:\MCC18\src\traditional\proc\p18F46J50.asm
               ADCON0bits   0x000fc2       data     extern C:\MCC18\src\traditional\proc\p18F46J50.asm
                   ADCON0   0x000fc2       data     extern C:\MCC18\src\traditional\proc\p18F46J50.asm
                    ADRES   0x000fc3       data     extern C:\MCC18\src\traditional\proc\p18F46J50.asm
                   ADRESL   0x000fc3       data     extern C:\MCC18\src\traditional\proc\p18F46J50.asm
                   ADRESH   0x000fc4       data     extern C:\MCC18\src\traditional\proc\p18F46J50.asm
                  SSPCON2   0x000fc5       data     extern C:\MCC18\src\traditional\proc\p18F46J50.asm
              SSPCON2bits   0x000fc5       data     extern C:\MCC18\src\traditional\proc\p18F46J50.asm
             SSP1CON2bits   0x000fc5       data     extern C:\MCC18\src\traditional\proc\p18F46J50.asm
                 SSP1CON2   0x000fc5       data     extern C:\MCC18\src\traditional\proc\p18F46J50.asm
                  SSPCON1   0x000fc6       data     extern C:\MCC18\src\traditional\proc\p18F46J50.asm
              SSPCON1bits   0x000fc6       data     extern C:\MCC18\src\traditional\proc\p18F46J50.asm
             SSP1CON1bits   0x000fc6       data     extern C:\MCC18\src\traditional\proc\p18F46J50.asm
                 SSP1CON1   0x000fc6       data     extern C:\MCC18\src\traditional\proc\p18F46J50.asm
              SSPSTATbits   0x000fc7       data     extern C:\MCC18\src\traditional\proc\p18F46J50.asm
                 SSP1STAT   0x000fc7       data     extern C:\MCC18\src\traditional\proc\p18F46J50.asm
             SSP1STATbits   0x000fc7       data     extern C:\MCC18\src\traditional\proc\p18F46J50.asm
                  SSPSTAT   0x000fc7       data     extern C:\MCC18\src\traditional\proc\p18F46J50.asm
              SSP1ADDbits   0x000fc8       data     extern C:\MCC18\src\traditional\proc\p18F46J50.asm
                   SSPADD   0x000fc8       data     extern C:\MCC18\src\traditional\proc\p18F46J50.asm
               SSPADDbits   0x000fc8       data     extern C:\MCC18\src\traditional\proc\p18F46J50.asm
                  SSP1ADD   0x000fc8       data     extern C:\MCC18\src\traditional\proc\p18F46J50.asm
                   SSPBUF   0x000fc9       data     extern C:\MCC18\src\traditional\proc\p18F46J50.asm
                  SSP1BUF   0x000fc9       data     extern C:\MCC18\src\traditional\proc\p18F46J50.asm
                    T2CON   0x000fca       data     extern C:\MCC18\src\traditional\proc\p18F46J50.asm
                T2CONbits   0x000fca       data     extern C:\MCC18\src\traditional\proc\p18F46J50.asm
                      PR2   0x000fcb       data     extern C:\MCC18\src\traditional\proc\p18F46J50.asm
                     TMR2   0x000fcc       data     extern C:\MCC18\src\traditional\proc\p18F46J50.asm
                    T1CON   0x000fcd       data     extern C:\MCC18\src\traditional\proc\p18F46J50.asm
                T1CONbits   0x000fcd       data     extern C:\MCC18\src\traditional\proc\p18F46J50.asm
                    TMR1L   0x000fce       data     extern C:\MCC18\src\traditional\proc\p18F46J50.asm
                    TMR1H   0x000fcf       data     extern C:\MCC18\src\traditional\proc\p18F46J50.asm
                 RCONbits   0x000fd0       data     extern C:\MCC18\src\traditional\proc\p18F46J50.asm
                     RCON   0x000fd0       data     extern C:\MCC18\src\traditional\proc\p18F46J50.asm
                   CM2CON   0x000fd1       data     extern C:\MCC18\src\traditional\proc\p18F46J50.asm
                  CM2CON1   0x000fd1       data     extern C:\MCC18\src\traditional\proc\p18F46J50.asm
              CM2CON1bits   0x000fd1       data     extern C:\MCC18\src\traditional\proc\p18F46J50.asm
               CM2CONbits   0x000fd1       data     extern C:\MCC18\src\traditional\proc\p18F46J50.asm
               CM1CONbits   0x000fd2       data     extern C:\MCC18\src\traditional\proc\p18F46J50.asm
              CM1CON1bits   0x000fd2       data     extern C:\MCC18\src\traditional\proc\p18F46J50.asm
                  CM1CON1   0x000fd2       data     extern C:\MCC18\src\traditional\proc\p18F46J50.asm
                   CM1CON   0x000fd2       data     extern C:\MCC18\src\traditional\proc\p18F46J50.asm
               OSCCONbits   0x000fd3       data     extern C:\MCC18\src\traditional\proc\p18F46J50.asm
                   OSCCON   0x000fd3       data     extern C:\MCC18\src\traditional\proc\p18F46J50.asm
                T0CONbits   0x000fd5       data     extern C:\MCC18\src\traditional\proc\p18F46J50.asm
                    T0CON   0x000fd5       data     extern C:\MCC18\src\traditional\proc\p18F46J50.asm
                    TMR0L   0x000fd6       data     extern C:\MCC18\src\traditional\proc\p18F46J50.asm
                    TMR0H   0x000fd7       data     extern C:\MCC18\src\traditional\proc\p18F46J50.asm
                   STATUS   0x000fd8       data     extern C:\MCC18\src\traditional\proc\p18F46J50.asm
               STATUSbits   0x000fd8       data     extern C:\MCC18\src\traditional\proc\p18F46J50.asm
                    FSR2L   0x000fd9       data     extern C:\MCC18\src\traditional\proc\p18F46J50.asm
                     FSR2   0x000fd9       data     extern C:\MCC18\src\traditional\proc\p18F46J50.asm
                    FSR2H   0x000fda       data     extern C:\MCC18\src\traditional\proc\p18F46J50.asm
                   PLUSW2   0x000fdb       data     extern C:\MCC18\src\traditional\proc\p18F46J50.asm
                  PREINC2   0x000fdc       data     extern C:\MCC18\src\traditional\proc\p18F46J50.asm
                 POSTDEC2   0x000fdd       data     extern C:\MCC18\src\traditional\proc\p18F46J50.asm
                 POSTINC2   0x000fde       data     extern C:\MCC18\src\traditional\proc\p18F46J50.asm
                    INDF2   0x000fdf       data     extern C:\MCC18\src\traditional\proc\p18F46J50.asm
                      BSR   0x000fe0       data     extern C:\MCC18\src\traditional\proc\p18F46J50.asm
                    FSR1L   0x000fe1       data     extern C:\MCC18\src\traditional\proc\p18F46J50.asm
                     FSR1   0x000fe1       data     extern C:\MCC18\src\traditional\proc\p18F46J50.asm
                    FSR1H   0x000fe2       data     extern C:\MCC18\src\traditional\proc\p18F46J50.asm
                   PLUSW1   0x000fe3       data     extern C:\MCC18\src\traditional\proc\p18F46J50.asm
                  PREINC1   0x000fe4       data     extern C:\MCC18\src\traditional\proc\p18F46J50.asm
                 POSTDEC1   0x000fe5       data     extern C:\MCC18\src\traditional\proc\p18F46J50.asm
                 POSTINC1   0x000fe6       data     extern C:\MCC18\src\traditional\proc\p18F46J50.asm
                    INDF1   0x000fe7       data     extern C:\MCC18\src\traditional\proc\p18F46J50.asm
                     WREG   0x000fe8       data     extern C:\MCC18\src\traditional\proc\p18F46J50.asm
                    FSR0L   0x000fe9       data     extern C:\MCC18\src\traditional\proc\p18F46J50.asm
                     FSR0   0x000fe9       data     extern C:\MCC18\src\traditional\proc\p18F46J50.asm
                    FSR0H   0x000fea       data     extern C:\MCC18\src\traditional\proc\p18F46J50.asm
                   PLUSW0   0x000feb       data     extern C:\MCC18\src\traditional\proc\p18F46J50.asm
                  PREINC0   0x000fec       data     extern C:\MCC18\src\traditional\proc\p18F46J50.asm
                 POSTDEC0   0x000fed       data     extern C:\MCC18\src\traditional\proc\p18F46J50.asm
                 POSTINC0   0x000fee       data     extern C:\MCC18\src\traditional\proc\p18F46J50.asm
                    INDF0   0x000fef       data     extern C:\MCC18\src\traditional\proc\p18F46J50.asm
                  INTCON3   0x000ff0       data     extern C:\MCC18\src\traditional\proc\p18F46J50.asm
              INTCON3bits   0x000ff0       data     extern C:\MCC18\src\traditional\proc\p18F46J50.asm
                  INTCON2   0x000ff1       data     extern C:\MCC18\src\traditional\proc\p18F46J50.asm
              INTCON2bits   0x000ff1       data     extern C:\MCC18\src\traditional\proc\p18F46J50.asm
                   INTCON   0x000ff2       data     extern C:\MCC18\src\traditional\proc\p18F46J50.asm
               INTCONbits   0x000ff2       data     extern C:\MCC18\src\traditional\proc\p18F46J50.asm
                     PROD   0x000ff3       data     extern C:\MCC18\src\traditional\proc\p18F46J50.asm
                    PRODL   0x000ff3       data     extern C:\MCC18\src\traditional\proc\p18F46J50.asm
                    PRODH   0x000ff4       data     extern C:\MCC18\src\traditional\proc\p18F46J50.asm
                   TABLAT   0x000ff5       data     extern C:\MCC18\src\traditional\proc\p18F46J50.asm
                  TBLPTRL   0x000ff6       data     extern C:\MCC18\src\traditional\proc\p18F46J50.asm
                   TBLPTR   0x000ff6       data     extern C:\MCC18\src\traditional\proc\p18F46J50.asm
                  TBLPTRH   0x000ff7       data     extern C:\MCC18\src\traditional\proc\p18F46J50.asm
                  TBLPTRU   0x000ff8       data     extern C:\MCC18\src\traditional\proc\p18F46J50.asm
                      PCL   0x000ff9       data     extern C:\MCC18\src\traditional\proc\p18F46J50.asm
                       PC   0x000ff9       data     extern C:\MCC18\src\traditional\proc\p18F46J50.asm
                   PCLATH   0x000ffa       data     extern C:\MCC18\src\traditional\proc\p18F46J50.asm
                   PCLATU   0x000ffb       data     extern C:\MCC18\src\traditional\proc\p18F46J50.asm
               STKPTRbits   0x000ffc       data     extern C:\MCC18\src\traditional\proc\p18F46J50.asm
                   STKPTR   0x000ffc       data     extern C:\MCC18\src\traditional\proc\p18F46J50.asm
                     TOSL   0x000ffd       data     extern C:\MCC18\src\traditional\proc\p18F46J50.asm
                      TOS   0x000ffd       data     extern C:\MCC18\src\traditional\proc\p18F46J50.asm
                     TOSH   0x000ffe       data     extern C:\MCC18\src\traditional\proc\p18F46J50.asm
                     TOSU   0x000fff       data     extern C:\MCC18\src\traditional\proc\p18F46J50.asm


