MPLINK 4.31, Linker
Linker Map File - Created Tue Feb 21 10:34:28 2023

                                 Section Info
                  Section       Type    Address   Location Size(Bytes)
                ---------  ---------  ---------  ---------  ---------
               _entry_scn       code   0x000000    program   0x000006
    HIGH_INTERRUPT_VECTOR       code   0x000008    program   0x000006
     LOW_INTERRUPT_VECTOR       code   0x000018    program   0x000006
    REMAPPED_RESET_VECTOR       code   0x00a000    program   0x000006
       .code__user_putc.o       code   0x00a006    program   0x000002
REMAPPED_HIGH_INTERRUPT_VECTOR       code   0x00a008    program   0x000006
           .code___init.o       code   0x00a00e    program   0x000002
         .idata_graph.o_i    romdata   0x00a010    program   0x000002
         .idata_ldexp.o_i    romdata   0x00a010    program   0x000000
        .idata_BMA150.o_i    romdata   0x00a012    program   0x000000
      .idata_fxd1616u.o_i    romdata   0x00a012    program   0x000000
        .idata___init.o_i    romdata   0x00a012    program   0x000000
      .idata_UnpkMath.o_i    romdata   0x00a012    program   0x000000
         .idata_errno.o_i    romdata   0x00a012    program   0x000000
            .code_errno.o       code   0x00a012    program   0x000000
          .idata_fabs.o_i    romdata   0x00a012    program   0x000000
      .idata_PackMath.o_i    romdata   0x00a012    program   0x000000
      .idata_fxd3232u.o_i    romdata   0x00a012    program   0x000000
       .idata_fxm3232.o_i    romdata   0x00a012    program   0x000000
    .idata__user_putc.o_i    romdata   0x00a012    program   0x000000
            .code_c018i.o       code   0x00a012    program   0x000000
         .idata_c018i.o_i    romdata   0x00a012    program   0x000000
REMAPPED_LOW_INTERRUPT_VECTOR       code   0x00a018    program   0x000006
                   .cinit    romdata   0x00a01e    program   0x00003e
          .code_physics.o       code   0x00a05c    program   0x000dfc
         .code_vfprintf.o       code   0x00ae58    program   0x000c22
             .code_main.o       code   0x00ba7a    program   0x0009ca
            .code_graph.o       code   0x00c444    program   0x000920
                     PROG       code   0x00cd64    program   0x0006ca
           .code_sincos.o       code   0x00d42e    program   0x0005aa
             .code_oled.o       code   0x00d9d8    program   0x00045e
             .code_sqrt.o       code   0x00de36    program   0x000442
           .code_levels.o       code   0x00e278    program   0x00043c
           .code_BMA150.o       code   0x00e6b4    program   0x000274
             .stringtable    romdata   0x00e928    program   0x000228
           .code_mtouch.o       code   0x00eb50    program   0x0001e4
          .romdata_oled.o    romdata   0x00ed34    program   0x0001db
         .romdata_c018i.o    romdata   0x00ef0f    program   0x000000
        .romdata_sincos.o    romdata   0x00ef0f    program   0x000000
        .idata_sincos.o_i    romdata   0x00ef0f    program   0x000000
         .romdata_graph.o    romdata   0x00ef0f    program   0x000000
           .idata_sin.o_i    romdata   0x00ef0f    program   0x000000
          .romdata_fabs.o    romdata   0x00ef0f    program   0x000000
        .romdata___init.o    romdata   0x00ef0f    program   0x000000
       .idata_sprintf.o_i    romdata   0x00ef0f    program   0x000000
       .romdata_sprintf.o    romdata   0x00ef0f    program   0x000000
          .romdata_putc.o    romdata   0x00ef0f    program   0x000000
           graph_buffer_i    romdata   0x00ef0f    program   0x000000
          .idata_putc.o_i    romdata   0x00ef0f    program   0x000000
      .romdata_PackMath.o    romdata   0x00ef0f    program   0x000000
        .idata_levels.o_i    romdata   0x00ef0f    program   0x000001
          .idata_oled.o_i    romdata   0x00ef0f    program   0x000000
        .romdata_levels.o    romdata   0x00ef0f    program   0x000000
        .romdata_mtouch.o    romdata   0x00ef0f    program   0x000000
        .idata_mtouch.o_i    romdata   0x00ef0f    program   0x000000
      .romdata_fxd3232u.o    romdata   0x00ef0f    program   0x000000
      .idata_vfprintf.o_i    romdata   0x00ef0f    program   0x000000
            .code_ldexp.o       code   0x00ef10    program   0x000138
         .code_UnpkMath.o       code   0x00f048    program   0x00011c
         .code_PackMath.o       code   0x00f164    program   0x00011a
       .code_soft_start.o       code   0x00f27e    program   0x0000f0
          .code_sprintf.o       code   0x00f36e    program   0x0000ac
               _cinit_scn       code   0x00f41a    program   0x00009e
             .code_putc.o       code   0x00f4b8    program   0x000084
          .code_fxm3232.o       code   0x00f53c    program   0x000070
                   STRING       code   0x00f5ac    program   0x000066
             .code_fabs.o       code   0x00f612    program   0x000066
              .code_sin.o       code   0x00f678    program   0x000050
         .code_fxd3232u.o       code   0x00f6c8    program   0x000048
         .code_fxd1616u.o       code   0x00f710    program   0x00002c
                    CTYPE       code   0x00f73c    program   0x000024
             _startup_scn       code   0x00f760    program   0x00001c
                    STDIO       code   0x00f77c    program   0x00001c
      .romdata_vfprintf.o    romdata   0x00f798    program   0x000011
       .romdata_fxm3232.o    romdata   0x00f7a9    program   0x000000
       .romdata_physics.o    romdata   0x00f7a9    program   0x000000
    .idata_soft_start.o_i    romdata   0x00f7a9    program   0x000001
          .romdata_main.o    romdata   0x00f7a9    program   0x000000
    .romdata_soft_start.o    romdata   0x00f7a9    program   0x000000
    .romdata__user_putc.o    romdata   0x00f7a9    program   0x000000
         .romdata_ldexp.o    romdata   0x00f7a9    program   0x000000
        .romdata_BMA150.o    romdata   0x00f7a9    program   0x000000
      .romdata_fxd1616u.o    romdata   0x00f7a9    program   0x000000
          .romdata_sqrt.o    romdata   0x00f7a9    program   0x000000
          .idata_sqrt.o_i    romdata   0x00f7a9    program   0x000000
      .romdata_UnpkMath.o    romdata   0x00f7a9    program   0x000000
           .romdata_sin.o    romdata   0x00f7a9    program   0x000000
         .romdata_errno.o    romdata   0x00f7a9    program   0x000000
                    .code       code   0x00f7aa    program   0x00000e
       .idata_physics.o_i    romdata   0x00f7b8    program   0x00000d
          .idata_main.o_i    romdata   0x00f7c5    program   0x000016
      .config_fff8_main.o    romdata   0x00fff8    program   0x000001
      .config_fff9_main.o    romdata   0x00fff9    program   0x000001
      .config_fffa_main.o    romdata   0x00fffa    program   0x000001
      .config_fffb_main.o    romdata   0x00fffb    program   0x000001
      .config_fffc_main.o    romdata   0x00fffc    program   0x000001
      .config_fffd_main.o    romdata   0x00fffd    program   0x000001
      .config_fffe_main.o    romdata   0x00fffe    program   0x000001
      .config_ffff_main.o    romdata   0x00ffff    program   0x000001
                 .tmpdata      udata   0x000000       data   0x000035
                MATH_DATA      udata   0x000035       data   0x000014
         .udata_physics.o      udata   0x000060       data   0x000036
            .idata_main.o      idata   0x000096       data   0x000016
            .udata_oled.o      udata   0x0000ac       data   0x00000b
            .udata_main.o      udata   0x0000b7       data   0x00000b
           .udata_c018i.o      udata   0x0000c2       data   0x00000a
          .udata_BMA150.o      udata   0x0000cc       data   0x000006
           .udata_errno.o      udata   0x0000d2       data   0x000002
           .idata_graph.o      idata   0x0000d4       data   0x000002
          .idata_levels.o      idata   0x0000d6       data   0x000001
            .idata_sqrt.o      idata   0x0000d7       data   0x000000
            .udata_sqrt.o      udata   0x0000d7       data   0x000000
         .idata_sprintf.o      idata   0x0000d7       data   0x000000
         .udata_sprintf.o      udata   0x0000d7       data   0x000000
            .idata_fabs.o      idata   0x0000d7       data   0x000000
            .udata_fabs.o      udata   0x0000d7       data   0x000000
           .idata_errno.o      idata   0x0000d7       data   0x000000
        .idata_UnpkMath.o      idata   0x0000d7       data   0x000000
        .udata_UnpkMath.o      udata   0x0000d7       data   0x000000
          .idata_sincos.o      idata   0x0000d7       data   0x000000
          .udata_sincos.o      udata   0x0000d7       data   0x000000
             .idata_sin.o      idata   0x0000d7       data   0x000000
        .udata_PackMath.o      udata   0x0000d7       data   0x000000
        .idata_PackMath.o      idata   0x0000d7       data   0x000000
           .udata_ldexp.o      udata   0x0000d7       data   0x000000
           .idata_ldexp.o      idata   0x0000d7       data   0x000000
        .udata_vfprintf.o      udata   0x0000d7       data   0x000000
        .idata_vfprintf.o      idata   0x0000d7       data   0x000000
        .udata_fxd3232u.o      udata   0x0000d7       data   0x000000
        .idata_fxd3232u.o      idata   0x0000d7       data   0x000000
         .udata_fxm3232.o      udata   0x0000d7       data   0x000000
         .idata_fxm3232.o      idata   0x0000d7       data   0x000000
            .udata_putc.o      udata   0x0000d7       data   0x000000
            .idata_putc.o      idata   0x0000d7       data   0x000000
      .udata__user_putc.o      udata   0x0000d7       data   0x000000
      .idata__user_putc.o      idata   0x0000d7       data   0x000000
            .idata_oled.o      idata   0x0000d7       data   0x000000
          .idata_mtouch.o      idata   0x0000d7       data   0x000000
          .idata_BMA150.o      idata   0x0000d7       data   0x000000
      .udata_soft_start.o      udata   0x0000d7       data   0x000000
           .idata_c018i.o      idata   0x0000d7       data   0x000000
        .udata_fxd1616u.o      udata   0x0000d7       data   0x000000
        .idata_fxd1616u.o      idata   0x0000d7       data   0x000000
          .udata___init.o      udata   0x0000d7       data   0x000000
          .idata___init.o      idata   0x0000d7       data   0x000000
             .udata_sin.o      udata   0x0000d7       data   0x000000
          .udata_levels.o      udata   0x000100       data   0x0000ee
         .idata_physics.o      idata   0x0001ee       data   0x00000d
          .udata_mtouch.o      udata   0x0001fb       data   0x000004
      .idata_soft_start.o      idata   0x0001ff       data   0x000001
             graph_buffer      idata   0x000500       data   0x000000
           .udata_graph.o      udata   0x000500       data   0x000400
                   .stack      udata   0x000d00       data   0x000100
              SFR_BANKED0      udata   0x000ec6       data   0x00000e
              SFR_BANKED1      udata   0x000ed7       data   0x000008
              SFR_BANKED2      udata   0x000ee7       data   0x000004
              SFR_BANKED3      udata   0x000eec       data   0x000003
              SFR_BANKED4      udata   0x000ef2       data   0x000002
              SFR_BANKED5      udata   0x000ef6       data   0x000002
              SFR_BANKED6      udata   0x000efb       data   0x000005
              SFR_BANKED7      udata   0x000f26       data   0x000014
              SFR_BANKED8      udata   0x000f3c       data   0x000007
              SFR_BANKED9      udata   0x000f48       data   0x000008
             SFR_BANKED10      udata   0x000f52       data   0x00000e
            SFR_UNBANKED0      udata   0x000f60       data   0x0000a0



                              Program Memory Usage 
                               Start         End      
                           ---------   ---------      
                            0x000000    0x000005      
                            0x000008    0x00000d      
                            0x000018    0x00001d      
                            0x00a000    0x00a011      
                            0x00a018    0x00f7da      
                            0x00fff8    0x00ffff      
            22511 out of 64523 program addresses used, program memory utilization is 34%



                              Symbols - Sorted by Name
                     Name    Address   Location    Storage File                     
                ---------  ---------  ---------  --------- ---------                
          AppPowerDisable   0x00f2ca    program     extern C:\Users\Ambin\OneDrive\Documenten\Labirynth\soft_start.c
           AppPowerEnable   0x00f27e    program     extern C:\Users\Ambin\OneDrive\Documenten\Labirynth\soft_start.c
            AppPowerReady   0x00f2d6    program     extern C:\Users\Ambin\OneDrive\Documenten\Labirynth\soft_start.c
          BMA150_ReadByte   0x00e87a    program     extern C:\Users\Ambin\OneDrive\Documenten\Labirynth\BMA150.c
         BMA150_WriteByte   0x00e798    program     extern C:\Users\Ambin\OneDrive\Documenten\Labirynth\BMA150.c
             CalibrateAcc   0x00bae6    program     extern C:\Users\Ambin\OneDrive\Documenten\Labirynth\main.c
       CheckButtonPressed   0x00c1d6    program     extern C:\Users\Ambin\OneDrive\Documenten\Labirynth\main.c
                   D1616S   0x00d080    program     static C:\MCC18\src\traditional\math\fxd1616s.asm
                D1616SNEG   0x00d08e    program     static C:\MCC18\src\traditional\math\fxd1616s.asm
                 D1616SOK   0x00d08a    program     static C:\MCC18\src\traditional\math\fxd1616s.asm
                  D1616SX   0x00d0a0    program     static C:\MCC18\src\traditional\math\fxd1616s.asm
                  DA1616S   0x00d070    program     static C:\MCC18\src\traditional\math\fxd1616s.asm
                  DelayMs   0x00d9d8    program     extern C:\Users\Ambin\OneDrive\Documenten\Labirynth\oled.c
         DemoIntroduction   0x00bd42    program     extern C:\Users\Ambin\OneDrive\Documenten\Labirynth\main.c
                    DrawB   0x00ca3a    program     extern C:\Users\Ambin\OneDrive\Documenten\Labirynth\graph.c
              DrawDiamond   0x00c9da    program     extern C:\Users\Ambin\OneDrive\Documenten\Labirynth\graph.c
                 DrawFood   0x00c5d2    program     extern C:\Users\Ambin\OneDrive\Documenten\Labirynth\graph.c
                DrawScene   0x00cb0e    program     extern C:\Users\Ambin\OneDrive\Documenten\Labirynth\graph.c
                DrawSnake   0x00c714    program     extern C:\Users\Ambin\OneDrive\Documenten\Labirynth\graph.c
               DrawSquare   0x00c944    program     extern C:\Users\Ambin\OneDrive\Documenten\Labirynth\graph.c
                 FLO0832S   0x00cd68    program     extern C:\MCC18\src\traditional\math\cast08FP.asm
                 FLO0832U   0x00cd64    program     extern C:\MCC18\src\traditional\math\cast08FP.asm
                 FLO1632S   0x00cd8a    program     extern C:\MCC18\src\traditional\math\cast16FP.asm
                 FLO1632U   0x00cd86    program     extern C:\MCC18\src\traditional\math\cast16FP.asm
                 FLO3232S   0x00d330    program     extern C:\MCC18\src\traditional\math\cast32FP.asm
                 FLO3232U   0x00d32c    program     extern C:\MCC18\src\traditional\math\cast32FP.asm
                    FPA32   0x00cdb2    program     extern C:\MCC18\src\traditional\math\addFP.asm
                    FPD32   0x00cede    program     extern C:\MCC18\src\traditional\math\divFP.asm
                    FPM32   0x00cf84    program     extern C:\MCC18\src\traditional\math\mulFP.asm
                    FPS32   0x00cdb0    program     extern C:\MCC18\src\traditional\math\addFP.asm
                 FXD1616S   0x00d05e    program     extern C:\MCC18\src\traditional\math\fxd1616s.asm
                 FXD1616U   0x00f710    program     extern C:\MCC18\src\traditional\math\fxd1616u.c
                 FXD3232U   0x00f6c8    program     extern C:\MCC18\src\traditional\math\fxd3232u.c
                 FXM1616S   0x00d0aa    program     extern C:\MCC18\src\traditional\math\fxm1616s.asm
                  FXM3232   0x00f53c    program     extern C:\MCC18\src\traditional\math\fxm3232.c
                     Fill   0x00c58e    program     extern C:\Users\Ambin\OneDrive\Documenten\Labirynth\graph.c
              FillDisplay   0x00dad2    program     extern C:\Users\Ambin\OneDrive\Documenten\Labirynth\oled.c
            FlushGraphics   0x00c4fa    program     extern C:\Users\Ambin\OneDrive\Documenten\Labirynth\graph.c
         GeneratePhysWall   0x00c444    program     extern C:\Users\Ambin\OneDrive\Documenten\Labirynth\graph.c
       GetScrollDirection   0x00bbdc    program     extern C:\Users\Ambin\OneDrive\Documenten\Labirynth\main.c
           GetScrollState   0x00baa2    program     extern C:\Users\Ambin\OneDrive\Documenten\Labirynth\main.c
                 High_ISR   0x000008    program     extern C:\Users\Ambin\OneDrive\Documenten\Labirynth\main.c
                  INT3208   0x00d104    program     extern C:\MCC18\src\traditional\math\castFP08.asm
                  INT3216   0x00d362    program     extern C:\MCC18\src\traditional\math\castFP16.asm
                  INT3232   0x00d3c0    program     extern C:\MCC18\src\traditional\math\castFP32.asm
                  InitADC   0x00eb68    program     extern C:\Users\Ambin\OneDrive\Documenten\Labirynth\mtouch.c
               InitBma150   0x00e6b4    program     extern C:\Users\Ambin\OneDrive\Documenten\Labirynth\BMA150.c
                 InitCTMU   0x00eb50    program     extern C:\Users\Ambin\OneDrive\Documenten\Labirynth\mtouch.c
              InitPhysics   0x00a69c    program     extern C:\Users\Ambin\OneDrive\Documenten\Labirynth\physics.c
         InitializeSystem   0x00c238    program     static C:\Users\Ambin\OneDrive\Documenten\Labirynth\main.c
                  Low_ISR   0x000018    program     extern C:\Users\Ambin\OneDrive\Documenten\Labirynth\main.c
                ProcessIO   0x00c29c    program     extern C:\Users\Ambin\OneDrive\Documenten\Labirynth\main.c
             ReadAccState   0x00a17a    program     extern C:\Users\Ambin\OneDrive\Documenten\Labirynth\physics.c
        Remapped_High_ISR   0x00a008    program     extern C:\Users\Ambin\OneDrive\Documenten\Labirynth\main.c
         Remapped_Low_ISR   0x00a018    program     extern C:\Users\Ambin\OneDrive\Documenten\Labirynth\main.c
              ResetDevice   0x00da20    program     extern C:\Users\Ambin\OneDrive\Documenten\Labirynth\oled.c
              SelectLevel   0x00bc5a    program     extern C:\Users\Ambin\OneDrive\Documenten\Labirynth\main.c
              SpiPinRemap   0x00e774    program     extern C:\Users\Ambin\OneDrive\Documenten\Labirynth\BMA150.c
                     Step   0x00a1fc    program     extern C:\Users\Ambin\OneDrive\Documenten\Labirynth\physics.c
                  TAGTB32   0x00d152    program     extern C:\MCC18\src\traditional\math\gtFP.asm
                  TALTB32   0x00d164    program     extern C:\MCC18\src\traditional\math\ltFP.asm
               TSIGN1616A   0x00d0f6    program     static C:\MCC18\src\traditional\math\fxm1616s.asm
                 UserInit   0x00c276    program     extern C:\Users\Ambin\OneDrive\Documenten\Labirynth\main.c
             WriteCommand   0x00dac6    program     extern C:\Users\Ambin\OneDrive\Documenten\Labirynth\oled.c
                WriteData   0x00dacc    program     extern C:\Users\Ambin\OneDrive\Documenten\Labirynth\oled.c
  YourHighPriorityISRCode   0x00ba7a    program     extern C:\Users\Ambin\OneDrive\Documenten\Labirynth\main.c
   YourLowPriorityISRCode   0x00ba80    program     extern C:\Users\Ambin\OneDrive\Documenten\Labirynth\main.c
                   _2jEnd   0x00f5fc    program     static C:\MCC18\src\traditional\stdclib\slenpgm.asm
                _PackMath   0x00f164    program     extern C:\MCC18\src\traditional\stdclib\PackMath.c
                _UnpkMath   0x00f048    program     extern C:\MCC18\src\traditional\stdclib\UnpkMath.c
              __FpCompare   0x00d176    program     extern C:\MCC18\src\traditional\math\compFP.asm
                 __FpExit   0x00d22c    program     extern C:\MCC18\src\traditional\math\packFP.asm
                 __FpPack   0x00d258    program     extern C:\MCC18\src\traditional\math\packFP.asm
            __FpReturnNaN   0x00d220    program     extern C:\MCC18\src\traditional\math\packFP.asm
         __FpReturnNegInf   0x00d232    program     extern C:\MCC18\src\traditional\math\packFP.asm
        __FpReturnNegZero   0x00d24a    program     extern C:\MCC18\src\traditional\math\packFP.asm
         __FpReturnPosInf   0x00d238    program     extern C:\MCC18\src\traditional\math\packFP.asm
        __FpReturnPosZero   0x00d252    program     extern C:\MCC18\src\traditional\math\packFP.asm
        __FpReturnSignInf   0x00d22e    program     extern C:\MCC18\src\traditional\math\packFP.asm
       __FpReturnSignZero   0x00d246    program     extern C:\MCC18\src\traditional\math\packFP.asm
              __FpReturnW   0x00d2b0    program     extern C:\MCC18\src\traditional\math\packFP.asm
              __FpUnPackA   0x00d2d0    program     extern C:\MCC18\src\traditional\math\UnpackFP.asm
              __FpUnPackB   0x00d300    program     extern C:\MCC18\src\traditional\math\UnpackFP.asm
       ___case_0_lbl00048   0x00bd7e    program     static                          
       ___case_0_lbl00069   0x00c0ce    program     static                          
       ___case_1_lbl00050   0x00be46    program     static                          
       ___case_1_lbl00070   0x00c0d8    program     static                          
       ___case_2_lbl00071   0x00c0fe    program     static                          
       ___case_3_lbl00072   0x00c11c    program     static                          
       ___case_4_lbl00051   0x00be54    program     static                          
       ___case_5_lbl00053   0x00bf10    program     static                          
       ___case_6_lbl00054   0x00bf1c    program     static                          
       ___case_7_lbl00074   0x00c122    program     static                          
       ___case_8_lbl00075   0x00c126    program     static                          
       ___case_9_lbl00076   0x00c1bc    program     static                          
      ___default_lbl00077   0x00c1c0    program     static                          
         ___else_lbl00009   0x00e862    program     static                          
         ___else_lbl00059   0x00bf3c    program     static                          
         ___else_lbl00061   0x00bfa2    program     static                          
         ___else_lbl00063   0x00bfde    program     static                          
         ___else_lbl00065   0x00c01c    program     static                          
         ___else_lbl00067   0x00c05a    program     static                          
           ___if_lbl00001   0x00e6fa    program     static                          
           ___if_lbl00005   0x00e7c0    program     static                          
           ___if_lbl00008   0x00e86a    program     static                          
           ___if_lbl00049   0x00be52    program     static                          
           ___if_lbl00052   0x00bf1a    program     static                          
           ___if_lbl00055   0x00bf3a    program     static                          
           ___if_lbl00056   0x00bf4e    program     static                          
           ___if_lbl00057   0x00bf4e    program     static                          
           ___if_lbl00058   0x00bf4e    program     static                          
           ___if_lbl00060   0x00bfbc    program     static                          
           ___if_lbl00062   0x00bff8    program     static                          
           ___if_lbl00064   0x00c036    program     static                          
           ___if_lbl00066   0x00c074    program     static                          
           ___if_lbl00073   0x00c120    program     static                          
       ___return_lbl00000   0x00f70e    program     static                          
       ___return_lbl00000   0x000004    program     static                          
       ___return_lbl00000   0x00e760    program     static                          
       ___return_lbl00000   0x00f5aa    program     static                          
       ___return_lbl00000   0x00a004    program     static                          
       ___return_lbl00000   0x00f73a    program     static                          
       ___return_lbl00001   0x00f77a    program     static                          
       ___return_lbl00001   0x00a00c    program     static                          
       ___return_lbl00002   0x00f4b6    program     static                          
       ___return_lbl00002   0x00a01c    program     static                          
       ___return_lbl00003   0x00ec5e    program     static                          
       ___return_lbl00003   0x00e870    program     static                          
       ___return_lbl00003   0x00000c    program     static                          
       ___return_lbl00004   0x00001c    program     static                          
       ___return_lbl00012   0x00e920    program     static                          
       ___return_lbl00046   0x00c1c2    program     static                          
   ___switchexit_lbl00047   0x00c1c2    program     static                          
   ___switchexit_lbl00068   0x00c120    program     static                          
        ___while_lbl00004   0x00ec40    program     static                          
        ___while_lbl00005   0x00ec44    program     static                          
        ___while_lbl00006   0x00e7ca    program     static                          
        ___while_lbl00007   0x00e7ce    program     static                          
        ___while_lbl00010   0x00e86a    program     static                          
        ___while_lbl00011   0x00e86e    program     static                          
        ___while_lbl00013   0x00e88e    program     static                          
        ___while_lbl00014   0x00e892    program     static                          
        ___while_lbl00015   0x00e916    program     static                          
        ___while_lbl00016   0x00e91a    program     static                          
               __config_0   0x00fff8    program     static C:\Users\Ambin\OneDrive\Documenten\Labirynth\main.c
               __config_1   0x00fff9    program     static C:\Users\Ambin\OneDrive\Documenten\Labirynth\main.c
               __config_2   0x00fffa    program     static C:\Users\Ambin\OneDrive\Documenten\Labirynth\main.c
               __config_3   0x00fffb    program     static C:\Users\Ambin\OneDrive\Documenten\Labirynth\main.c
               __config_4   0x00fffc    program     static C:\Users\Ambin\OneDrive\Documenten\Labirynth\main.c
               __config_5   0x00fffd    program     static C:\Users\Ambin\OneDrive\Documenten\Labirynth\main.c
               __config_6   0x00fffe    program     static C:\Users\Ambin\OneDrive\Documenten\Labirynth\main.c
               __config_7   0x00ffff    program     static C:\Users\Ambin\OneDrive\Documenten\Labirynth\main.c
                   __init   0x00a00e    program     extern C:\MCC18\src\traditional\stdclib\__init.c
                   __pa_0   0x00b798    program     static C:\MCC18\src\traditional\stdclib\vfprintf.c
                   __pa_0   0x00f03e    program     static C:\MCC18\src\traditional\stdclib\ldexp.c
                   __pa_0   0x00ece8    program     static C:\Users\Ambin\OneDrive\Documenten\Labirynth\mtouch.c
                   __pa_0   0x00dcba    program     static C:\Users\Ambin\OneDrive\Documenten\Labirynth\oled.c
                   __pa_0   0x00d81c    program     static C:\MCC18\src\traditional\stdclib\sincos.c
                   __pa_0   0x00f156    program     static C:\MCC18\src\traditional\stdclib\UnpkMath.c
                   __pa_0   0x00cb3a    program     static C:\Users\Ambin\OneDrive\Documenten\Labirynth\graph.c
                   __pa_0   0x00e1d4    program     static C:\MCC18\src\traditional\stdclib\sqrt.c
                   __pa_0   0x00e680    program     static C:\Users\Ambin\OneDrive\Documenten\Labirynth\levels.c
                   __pa_0   0x00a70e    program     static C:\Users\Ambin\OneDrive\Documenten\Labirynth\physics.c
                   __pa_0   0x00c31a    program     static C:\Users\Ambin\OneDrive\Documenten\Labirynth\main.c
                   __pa_0   0x00f22c    program     static C:\MCC18\src\traditional\stdclib\PackMath.c
                   __pa_1   0x00d834    program     static C:\MCC18\src\traditional\stdclib\sincos.c
                   __pa_1   0x00e68e    program     static C:\Users\Ambin\OneDrive\Documenten\Labirynth\levels.c
                   __pa_1   0x00a7fc    program     static C:\Users\Ambin\OneDrive\Documenten\Labirynth\physics.c
                   __pa_1   0x00b7a0    program     static C:\MCC18\src\traditional\stdclib\vfprintf.c
                   __pa_1   0x00c33a    program     static C:\Users\Ambin\OneDrive\Documenten\Labirynth\main.c
                   __pa_1   0x00f23c    program     static C:\MCC18\src\traditional\stdclib\PackMath.c
                   __pa_1   0x00e1de    program     static C:\MCC18\src\traditional\stdclib\sqrt.c
                   __pa_1   0x00cb40    program     static C:\Users\Ambin\OneDrive\Documenten\Labirynth\graph.c
                   __pa_1   0x00dcd6    program     static C:\Users\Ambin\OneDrive\Documenten\Labirynth\oled.c
                   __pa_1   0x00ecf8    program     static C:\Users\Ambin\OneDrive\Documenten\Labirynth\mtouch.c
                  __pa_10   0x00cb96    program     static C:\Users\Ambin\OneDrive\Documenten\Labirynth\graph.c
                  __pa_10   0x00b854    program     static C:\MCC18\src\traditional\stdclib\vfprintf.c
                  __pa_10   0x00d8f0    program     static C:\MCC18\src\traditional\stdclib\sincos.c
                  __pa_10   0x00a96e    program     static C:\Users\Ambin\OneDrive\Documenten\Labirynth\physics.c
                  __pa_10   0x00dd5e    program     static C:\Users\Ambin\OneDrive\Documenten\Labirynth\oled.c
                  __pa_10   0x00c3ec    program     static C:\Users\Ambin\OneDrive\Documenten\Labirynth\main.c
                  __pa_11   0x00b862    program     static C:\MCC18\src\traditional\stdclib\vfprintf.c
                  __pa_11   0x00dd6e    program     static C:\Users\Ambin\OneDrive\Documenten\Labirynth\oled.c
                  __pa_11   0x00a998    program     static C:\Users\Ambin\OneDrive\Documenten\Labirynth\physics.c
                  __pa_11   0x00d902    program     static C:\MCC18\src\traditional\stdclib\sincos.c
                  __pa_11   0x00c3f6    program     static C:\Users\Ambin\OneDrive\Documenten\Labirynth\main.c
                  __pa_11   0x00cba4    program     static C:\Users\Ambin\OneDrive\Documenten\Labirynth\graph.c
                  __pa_12   0x00c404    program     static C:\Users\Ambin\OneDrive\Documenten\Labirynth\main.c
                  __pa_12   0x00d910    program     static C:\MCC18\src\traditional\stdclib\sincos.c
                  __pa_12   0x00dd82    program     static C:\Users\Ambin\OneDrive\Documenten\Labirynth\oled.c
                  __pa_12   0x00cbae    program     static C:\Users\Ambin\OneDrive\Documenten\Labirynth\graph.c
                  __pa_12   0x00b878    program     static C:\MCC18\src\traditional\stdclib\vfprintf.c
                  __pa_12   0x00a9aa    program     static C:\Users\Ambin\OneDrive\Documenten\Labirynth\physics.c
                  __pa_13   0x00b892    program     static C:\MCC18\src\traditional\stdclib\vfprintf.c
                  __pa_13   0x00cbb8    program     static C:\Users\Ambin\OneDrive\Documenten\Labirynth\graph.c
                  __pa_13   0x00dd8a    program     static C:\Users\Ambin\OneDrive\Documenten\Labirynth\oled.c
                  __pa_13   0x00a9bc    program     static C:\Users\Ambin\OneDrive\Documenten\Labirynth\physics.c
                  __pa_13   0x00c412    program     static C:\Users\Ambin\OneDrive\Documenten\Labirynth\main.c
                  __pa_13   0x00d916    program     static C:\MCC18\src\traditional\stdclib\sincos.c
                  __pa_14   0x00c420    program     static C:\Users\Ambin\OneDrive\Documenten\Labirynth\main.c
                  __pa_14   0x00dd98    program     static C:\Users\Ambin\OneDrive\Documenten\Labirynth\oled.c
                  __pa_14   0x00a9ce    program     static C:\Users\Ambin\OneDrive\Documenten\Labirynth\physics.c
                  __pa_14   0x00cbc0    program     static C:\Users\Ambin\OneDrive\Documenten\Labirynth\graph.c
                  __pa_14   0x00b8aa    program     static C:\MCC18\src\traditional\stdclib\vfprintf.c
                  __pa_14   0x00d930    program     static C:\MCC18\src\traditional\stdclib\sincos.c
                  __pa_15   0x00a9e0    program     static C:\Users\Ambin\OneDrive\Documenten\Labirynth\physics.c
                  __pa_15   0x00cbce    program     static C:\Users\Ambin\OneDrive\Documenten\Labirynth\graph.c
                  __pa_15   0x00d942    program     static C:\MCC18\src\traditional\stdclib\sincos.c
                  __pa_15   0x00dda2    program     static C:\Users\Ambin\OneDrive\Documenten\Labirynth\oled.c
                  __pa_15   0x00c42a    program     static C:\Users\Ambin\OneDrive\Documenten\Labirynth\main.c
                  __pa_15   0x00b8ba    program     static C:\MCC18\src\traditional\stdclib\vfprintf.c
                  __pa_16   0x00d966    program     static C:\MCC18\src\traditional\stdclib\sincos.c
                  __pa_16   0x00ddec    program     static C:\Users\Ambin\OneDrive\Documenten\Labirynth\oled.c
                  __pa_16   0x00b8d0    program     static C:\MCC18\src\traditional\stdclib\vfprintf.c
                  __pa_16   0x00a9e6    program     static C:\Users\Ambin\OneDrive\Documenten\Labirynth\physics.c
                  __pa_16   0x00c434    program     static C:\Users\Ambin\OneDrive\Documenten\Labirynth\main.c
                  __pa_16   0x00cbd6    program     static C:\Users\Ambin\OneDrive\Documenten\Labirynth\graph.c
                  __pa_17   0x00cbdc    program     static C:\Users\Ambin\OneDrive\Documenten\Labirynth\graph.c
                  __pa_17   0x00d978    program     static C:\MCC18\src\traditional\stdclib\sincos.c
                  __pa_17   0x00b8e2    program     static C:\MCC18\src\traditional\stdclib\vfprintf.c
                  __pa_17   0x00a9ec    program     static C:\Users\Ambin\OneDrive\Documenten\Labirynth\physics.c
                  __pa_17   0x00ddf8    program     static C:\Users\Ambin\OneDrive\Documenten\Labirynth\oled.c
                  __pa_18   0x00d986    program     static C:\MCC18\src\traditional\stdclib\sincos.c
                  __pa_18   0x00a9f4    program     static C:\Users\Ambin\OneDrive\Documenten\Labirynth\physics.c
                  __pa_18   0x00cbe2    program     static C:\Users\Ambin\OneDrive\Documenten\Labirynth\graph.c
                  __pa_18   0x00b8f4    program     static C:\MCC18\src\traditional\stdclib\vfprintf.c
                  __pa_18   0x00de00    program     static C:\Users\Ambin\OneDrive\Documenten\Labirynth\oled.c
                  __pa_19   0x00b8fe    program     static C:\MCC18\src\traditional\stdclib\vfprintf.c
                  __pa_19   0x00d998    program     static C:\MCC18\src\traditional\stdclib\sincos.c
                  __pa_19   0x00de08    program     static C:\Users\Ambin\OneDrive\Documenten\Labirynth\oled.c
                  __pa_19   0x00cbea    program     static C:\Users\Ambin\OneDrive\Documenten\Labirynth\graph.c
                  __pa_19   0x00aa02    program     static C:\Users\Ambin\OneDrive\Documenten\Labirynth\physics.c
                   __pa_2   0x00cb4a    program     static C:\Users\Ambin\OneDrive\Documenten\Labirynth\graph.c
                   __pa_2   0x00b7aa    program     static C:\MCC18\src\traditional\stdclib\vfprintf.c
                   __pa_2   0x00e69a    program     static C:\Users\Ambin\OneDrive\Documenten\Labirynth\levels.c
                   __pa_2   0x00ed0c    program     static C:\Users\Ambin\OneDrive\Documenten\Labirynth\mtouch.c
                   __pa_2   0x00c35e    program     static C:\Users\Ambin\OneDrive\Documenten\Labirynth\main.c
                   __pa_2   0x00f24a    program     static C:\MCC18\src\traditional\stdclib\PackMath.c
                   __pa_2   0x00e1f8    program     static C:\MCC18\src\traditional\stdclib\sqrt.c
                   __pa_2   0x00dcdc    program     static C:\Users\Ambin\OneDrive\Documenten\Labirynth\oled.c
                   __pa_2   0x00d850    program     static C:\MCC18\src\traditional\stdclib\sincos.c
                   __pa_2   0x00a818    program     static C:\Users\Ambin\OneDrive\Documenten\Labirynth\physics.c
                  __pa_20   0x00b90e    program     static C:\MCC18\src\traditional\stdclib\vfprintf.c
                  __pa_20   0x00d9a8    program     static C:\MCC18\src\traditional\stdclib\sincos.c
                  __pa_20   0x00aa0e    program     static C:\Users\Ambin\OneDrive\Documenten\Labirynth\physics.c
                  __pa_20   0x00cbf0    program     static C:\Users\Ambin\OneDrive\Documenten\Labirynth\graph.c
                  __pa_20   0x00de10    program     static C:\Users\Ambin\OneDrive\Documenten\Labirynth\oled.c
                  __pa_21   0x00d9b4    program     static C:\MCC18\src\traditional\stdclib\sincos.c
                  __pa_21   0x00aa20    program     static C:\Users\Ambin\OneDrive\Documenten\Labirynth\physics.c
                  __pa_21   0x00cbf6    program     static C:\Users\Ambin\OneDrive\Documenten\Labirynth\graph.c
                  __pa_21   0x00de1a    program     static C:\Users\Ambin\OneDrive\Documenten\Labirynth\oled.c
                  __pa_21   0x00b91e    program     static C:\MCC18\src\traditional\stdclib\vfprintf.c
                  __pa_22   0x00de26    program     static C:\Users\Ambin\OneDrive\Documenten\Labirynth\oled.c
                  __pa_22   0x00cbfc    program     static C:\Users\Ambin\OneDrive\Documenten\Labirynth\graph.c
                  __pa_22   0x00b92e    program     static C:\MCC18\src\traditional\stdclib\vfprintf.c
                  __pa_22   0x00aa32    program     static C:\Users\Ambin\OneDrive\Documenten\Labirynth\physics.c
                  __pa_22   0x00d9be    program     static C:\MCC18\src\traditional\stdclib\sincos.c
                  __pa_23   0x00de30    program     static C:\Users\Ambin\OneDrive\Documenten\Labirynth\oled.c
                  __pa_23   0x00b93a    program     static C:\MCC18\src\traditional\stdclib\vfprintf.c
                  __pa_23   0x00cc04    program     static C:\Users\Ambin\OneDrive\Documenten\Labirynth\graph.c
                  __pa_23   0x00aa44    program     static C:\Users\Ambin\OneDrive\Documenten\Labirynth\physics.c
                  __pa_23   0x00d9c6    program     static C:\MCC18\src\traditional\stdclib\sincos.c
                  __pa_24   0x00aa5c    program     static C:\Users\Ambin\OneDrive\Documenten\Labirynth\physics.c
                  __pa_24   0x00cc1e    program     static C:\Users\Ambin\OneDrive\Documenten\Labirynth\graph.c
                  __pa_24   0x00b948    program     static C:\MCC18\src\traditional\stdclib\vfprintf.c
                  __pa_24   0x00d9cc    program     static C:\MCC18\src\traditional\stdclib\sincos.c
                  __pa_25   0x00cc26    program     static C:\Users\Ambin\OneDrive\Documenten\Labirynth\graph.c
                  __pa_25   0x00aa6c    program     static C:\Users\Ambin\OneDrive\Documenten\Labirynth\physics.c
                  __pa_25   0x00b950    program     static C:\MCC18\src\traditional\stdclib\vfprintf.c
                  __pa_26   0x00aa72    program     static C:\Users\Ambin\OneDrive\Documenten\Labirynth\physics.c
                  __pa_26   0x00cc2c    program     static C:\Users\Ambin\OneDrive\Documenten\Labirynth\graph.c
                  __pa_26   0x00b95a    program     static C:\MCC18\src\traditional\stdclib\vfprintf.c
                  __pa_27   0x00cc32    program     static C:\Users\Ambin\OneDrive\Documenten\Labirynth\graph.c
                  __pa_27   0x00aa82    program     static C:\Users\Ambin\OneDrive\Documenten\Labirynth\physics.c
                  __pa_27   0x00b964    program     static C:\MCC18\src\traditional\stdclib\vfprintf.c
                  __pa_28   0x00cc3c    program     static C:\Users\Ambin\OneDrive\Documenten\Labirynth\graph.c
                  __pa_28   0x00aa8e    program     static C:\Users\Ambin\OneDrive\Documenten\Labirynth\physics.c
                  __pa_28   0x00b96c    program     static C:\MCC18\src\traditional\stdclib\vfprintf.c
                  __pa_29   0x00cc44    program     static C:\Users\Ambin\OneDrive\Documenten\Labirynth\graph.c
                  __pa_29   0x00aa9a    program     static C:\Users\Ambin\OneDrive\Documenten\Labirynth\physics.c
                  __pa_29   0x00b97a    program     static C:\MCC18\src\traditional\stdclib\vfprintf.c
                   __pa_3   0x00cb50    program     static C:\Users\Ambin\OneDrive\Documenten\Labirynth\graph.c
                   __pa_3   0x00b7b4    program     static C:\MCC18\src\traditional\stdclib\vfprintf.c
                   __pa_3   0x00e212    program     static C:\MCC18\src\traditional\stdclib\sqrt.c
                   __pa_3   0x00d86a    program     static C:\MCC18\src\traditional\stdclib\sincos.c
                   __pa_3   0x00ed20    program     static C:\Users\Ambin\OneDrive\Documenten\Labirynth\mtouch.c
                   __pa_3   0x00e6a8    program     static C:\Users\Ambin\OneDrive\Documenten\Labirynth\levels.c
                   __pa_3   0x00a8c0    program     static C:\Users\Ambin\OneDrive\Documenten\Labirynth\physics.c
                   __pa_3   0x00f254    program     static C:\MCC18\src\traditional\stdclib\PackMath.c
                   __pa_3   0x00dce8    program     static C:\Users\Ambin\OneDrive\Documenten\Labirynth\oled.c
                   __pa_3   0x00c374    program     static C:\Users\Ambin\OneDrive\Documenten\Labirynth\main.c
                  __pa_30   0x00cc4c    program     static C:\Users\Ambin\OneDrive\Documenten\Labirynth\graph.c
                  __pa_30   0x00b996    program     static C:\MCC18\src\traditional\stdclib\vfprintf.c
                  __pa_30   0x00aaac    program     static C:\Users\Ambin\OneDrive\Documenten\Labirynth\physics.c
                  __pa_31   0x00b9b0    program     static C:\MCC18\src\traditional\stdclib\vfprintf.c
                  __pa_31   0x00cc54    program     static C:\Users\Ambin\OneDrive\Documenten\Labirynth\graph.c
                  __pa_31   0x00aab2    program     static C:\Users\Ambin\OneDrive\Documenten\Labirynth\physics.c
                  __pa_32   0x00cc5a    program     static C:\Users\Ambin\OneDrive\Documenten\Labirynth\graph.c
                  __pa_32   0x00b9ca    program     static C:\MCC18\src\traditional\stdclib\vfprintf.c
                  __pa_32   0x00aab8    program     static C:\Users\Ambin\OneDrive\Documenten\Labirynth\physics.c
                  __pa_33   0x00b9e2    program     static C:\MCC18\src\traditional\stdclib\vfprintf.c
                  __pa_33   0x00cc62    program     static C:\Users\Ambin\OneDrive\Documenten\Labirynth\graph.c
                  __pa_33   0x00aabe    program     static C:\Users\Ambin\OneDrive\Documenten\Labirynth\physics.c
                  __pa_34   0x00cc68    program     static C:\Users\Ambin\OneDrive\Documenten\Labirynth\graph.c
                  __pa_34   0x00b9ec    program     static C:\MCC18\src\traditional\stdclib\vfprintf.c
                  __pa_34   0x00aac4    program     static C:\Users\Ambin\OneDrive\Documenten\Labirynth\physics.c
                  __pa_35   0x00cc72    program     static C:\Users\Ambin\OneDrive\Documenten\Labirynth\graph.c
                  __pa_35   0x00b9fa    program     static C:\MCC18\src\traditional\stdclib\vfprintf.c
                  __pa_35   0x00aacc    program     static C:\Users\Ambin\OneDrive\Documenten\Labirynth\physics.c
                  __pa_36   0x00aada    program     static C:\Users\Ambin\OneDrive\Documenten\Labirynth\physics.c
                  __pa_36   0x00cc7a    program     static C:\Users\Ambin\OneDrive\Documenten\Labirynth\graph.c
                  __pa_36   0x00ba02    program     static C:\MCC18\src\traditional\stdclib\vfprintf.c
                  __pa_37   0x00ba0c    program     static C:\MCC18\src\traditional\stdclib\vfprintf.c
                  __pa_37   0x00aae0    program     static C:\Users\Ambin\OneDrive\Documenten\Labirynth\physics.c
                  __pa_37   0x00cc80    program     static C:\Users\Ambin\OneDrive\Documenten\Labirynth\graph.c
                  __pa_38   0x00aaf2    program     static C:\Users\Ambin\OneDrive\Documenten\Labirynth\physics.c
                  __pa_38   0x00cc88    program     static C:\Users\Ambin\OneDrive\Documenten\Labirynth\graph.c
                  __pa_38   0x00ba1c    program     static C:\MCC18\src\traditional\stdclib\vfprintf.c
                  __pa_39   0x00aafe    program     static C:\Users\Ambin\OneDrive\Documenten\Labirynth\physics.c
                  __pa_39   0x00ba2a    program     static C:\MCC18\src\traditional\stdclib\vfprintf.c
                  __pa_39   0x00cc92    program     static C:\Users\Ambin\OneDrive\Documenten\Labirynth\graph.c
                   __pa_4   0x00dd02    program     static C:\Users\Ambin\OneDrive\Documenten\Labirynth\oled.c
                   __pa_4   0x00a8da    program     static C:\Users\Ambin\OneDrive\Documenten\Labirynth\physics.c
                   __pa_4   0x00d874    program     static C:\MCC18\src\traditional\stdclib\sincos.c
                   __pa_4   0x00b7cc    program     static C:\MCC18\src\traditional\stdclib\vfprintf.c
                   __pa_4   0x00cb58    program     static C:\Users\Ambin\OneDrive\Documenten\Labirynth\graph.c
                   __pa_4   0x00e224    program     static C:\MCC18\src\traditional\stdclib\sqrt.c
                   __pa_4   0x00c392    program     static C:\Users\Ambin\OneDrive\Documenten\Labirynth\main.c
                   __pa_4   0x00f262    program     static C:\MCC18\src\traditional\stdclib\PackMath.c
                  __pa_40   0x00cc9e    program     static C:\Users\Ambin\OneDrive\Documenten\Labirynth\graph.c
                  __pa_40   0x00ba36    program     static C:\MCC18\src\traditional\stdclib\vfprintf.c
                  __pa_40   0x00ab0a    program     static C:\Users\Ambin\OneDrive\Documenten\Labirynth\physics.c
                  __pa_41   0x00cca8    program     static C:\Users\Ambin\OneDrive\Documenten\Labirynth\graph.c
                  __pa_41   0x00ba42    program     static C:\MCC18\src\traditional\stdclib\vfprintf.c
                  __pa_41   0x00ab16    program     static C:\Users\Ambin\OneDrive\Documenten\Labirynth\physics.c
                  __pa_42   0x00ccb2    program     static C:\Users\Ambin\OneDrive\Documenten\Labirynth\graph.c
                  __pa_42   0x00ab22    program     static C:\Users\Ambin\OneDrive\Documenten\Labirynth\physics.c
                  __pa_42   0x00ba4a    program     static C:\MCC18\src\traditional\stdclib\vfprintf.c
                  __pa_43   0x00ba54    program     static C:\MCC18\src\traditional\stdclib\vfprintf.c
                  __pa_43   0x00ccb8    program     static C:\Users\Ambin\OneDrive\Documenten\Labirynth\graph.c
                  __pa_43   0x00ab34    program     static C:\Users\Ambin\OneDrive\Documenten\Labirynth\physics.c
                  __pa_44   0x00ab46    program     static C:\Users\Ambin\OneDrive\Documenten\Labirynth\physics.c
                  __pa_44   0x00ba5a    program     static C:\MCC18\src\traditional\stdclib\vfprintf.c
                  __pa_44   0x00ccbe    program     static C:\Users\Ambin\OneDrive\Documenten\Labirynth\graph.c
                  __pa_45   0x00ccc6    program     static C:\Users\Ambin\OneDrive\Documenten\Labirynth\graph.c
                  __pa_45   0x00ba64    program     static C:\MCC18\src\traditional\stdclib\vfprintf.c
                  __pa_45   0x00ab58    program     static C:\Users\Ambin\OneDrive\Documenten\Labirynth\physics.c
                  __pa_46   0x00cccc    program     static C:\Users\Ambin\OneDrive\Documenten\Labirynth\graph.c
                  __pa_46   0x00ab6a    program     static C:\Users\Ambin\OneDrive\Documenten\Labirynth\physics.c
                  __pa_46   0x00ba70    program     static C:\MCC18\src\traditional\stdclib\vfprintf.c
                  __pa_47   0x00ccd2    program     static C:\Users\Ambin\OneDrive\Documenten\Labirynth\graph.c
                  __pa_47   0x00ab76    program     static C:\Users\Ambin\OneDrive\Documenten\Labirynth\physics.c
                  __pa_48   0x00ccd8    program     static C:\Users\Ambin\OneDrive\Documenten\Labirynth\graph.c
                  __pa_48   0x00ab7a    program     static C:\Users\Ambin\OneDrive\Documenten\Labirynth\physics.c
                  __pa_49   0x00ccde    program     static C:\Users\Ambin\OneDrive\Documenten\Labirynth\graph.c
                  __pa_49   0x00ab82    program     static C:\Users\Ambin\OneDrive\Documenten\Labirynth\physics.c
                   __pa_5   0x00a8e0    program     static C:\Users\Ambin\OneDrive\Documenten\Labirynth\physics.c
                   __pa_5   0x00dd0a    program     static C:\Users\Ambin\OneDrive\Documenten\Labirynth\oled.c
                   __pa_5   0x00e236    program     static C:\MCC18\src\traditional\stdclib\sqrt.c
                   __pa_5   0x00c3a2    program     static C:\Users\Ambin\OneDrive\Documenten\Labirynth\main.c
                   __pa_5   0x00f26a    program     static C:\MCC18\src\traditional\stdclib\PackMath.c
                   __pa_5   0x00d88a    program     static C:\MCC18\src\traditional\stdclib\sincos.c
                   __pa_5   0x00b7e0    program     static C:\MCC18\src\traditional\stdclib\vfprintf.c
                   __pa_5   0x00cb60    program     static C:\Users\Ambin\OneDrive\Documenten\Labirynth\graph.c
                  __pa_50   0x00ab8a    program     static C:\Users\Ambin\OneDrive\Documenten\Labirynth\physics.c
                  __pa_50   0x00cce4    program     static C:\Users\Ambin\OneDrive\Documenten\Labirynth\graph.c
                  __pa_51   0x00ccec    program     static C:\Users\Ambin\OneDrive\Documenten\Labirynth\graph.c
                  __pa_51   0x00ab9c    program     static C:\Users\Ambin\OneDrive\Documenten\Labirynth\physics.c
                  __pa_52   0x00ccf6    program     static C:\Users\Ambin\OneDrive\Documenten\Labirynth\graph.c
                  __pa_52   0x00abbe    program     static C:\Users\Ambin\OneDrive\Documenten\Labirynth\physics.c
                  __pa_53   0x00ccfc    program     static C:\Users\Ambin\OneDrive\Documenten\Labirynth\graph.c
                  __pa_53   0x00abe0    program     static C:\Users\Ambin\OneDrive\Documenten\Labirynth\physics.c
                  __pa_54   0x00cd0e    program     static C:\Users\Ambin\OneDrive\Documenten\Labirynth\graph.c
                  __pa_54   0x00abf2    program     static C:\Users\Ambin\OneDrive\Documenten\Labirynth\physics.c
                  __pa_55   0x00ac0c    program     static C:\Users\Ambin\OneDrive\Documenten\Labirynth\physics.c
                  __pa_55   0x00cd14    program     static C:\Users\Ambin\OneDrive\Documenten\Labirynth\graph.c
                  __pa_56   0x00cd1c    program     static C:\Users\Ambin\OneDrive\Documenten\Labirynth\graph.c
                  __pa_56   0x00ac1e    program     static C:\Users\Ambin\OneDrive\Documenten\Labirynth\physics.c
                  __pa_57   0x00cd22    program     static C:\Users\Ambin\OneDrive\Documenten\Labirynth\graph.c
                  __pa_57   0x00ac30    program     static C:\Users\Ambin\OneDrive\Documenten\Labirynth\physics.c
                  __pa_58   0x00cd2e    program     static C:\Users\Ambin\OneDrive\Documenten\Labirynth\graph.c
                  __pa_58   0x00ac42    program     static C:\Users\Ambin\OneDrive\Documenten\Labirynth\physics.c
                  __pa_59   0x00cd34    program     static C:\Users\Ambin\OneDrive\Documenten\Labirynth\graph.c
                  __pa_59   0x00ac54    program     static C:\Users\Ambin\OneDrive\Documenten\Labirynth\physics.c
                   __pa_6   0x00d8a0    program     static C:\MCC18\src\traditional\stdclib\sincos.c
                   __pa_6   0x00b7fc    program     static C:\MCC18\src\traditional\stdclib\vfprintf.c
                   __pa_6   0x00cb66    program     static C:\Users\Ambin\OneDrive\Documenten\Labirynth\graph.c
                   __pa_6   0x00f272    program     static C:\MCC18\src\traditional\stdclib\PackMath.c
                   __pa_6   0x00c3b0    program     static C:\Users\Ambin\OneDrive\Documenten\Labirynth\main.c
                   __pa_6   0x00e248    program     static C:\MCC18\src\traditional\stdclib\sqrt.c
                   __pa_6   0x00dd1c    program     static C:\Users\Ambin\OneDrive\Documenten\Labirynth\oled.c
                   __pa_6   0x00a91e    program     static C:\Users\Ambin\OneDrive\Documenten\Labirynth\physics.c
                  __pa_60   0x00cd3a    program     static C:\Users\Ambin\OneDrive\Documenten\Labirynth\graph.c
                  __pa_60   0x00ac66    program     static C:\Users\Ambin\OneDrive\Documenten\Labirynth\physics.c
                  __pa_61   0x00cd40    program     static C:\Users\Ambin\OneDrive\Documenten\Labirynth\graph.c
                  __pa_61   0x00ac78    program     static C:\Users\Ambin\OneDrive\Documenten\Labirynth\physics.c
                  __pa_62   0x00cd46    program     static C:\Users\Ambin\OneDrive\Documenten\Labirynth\graph.c
                  __pa_62   0x00aca0    program     static C:\Users\Ambin\OneDrive\Documenten\Labirynth\physics.c
                  __pa_63   0x00cd4c    program     static C:\Users\Ambin\OneDrive\Documenten\Labirynth\graph.c
                  __pa_63   0x00acaa    program     static C:\Users\Ambin\OneDrive\Documenten\Labirynth\physics.c
                  __pa_64   0x00acb4    program     static C:\Users\Ambin\OneDrive\Documenten\Labirynth\physics.c
                  __pa_64   0x00cd52    program     static C:\Users\Ambin\OneDrive\Documenten\Labirynth\graph.c
                  __pa_65   0x00acc6    program     static C:\Users\Ambin\OneDrive\Documenten\Labirynth\physics.c
                  __pa_65   0x00cd58    program     static C:\Users\Ambin\OneDrive\Documenten\Labirynth\graph.c
                  __pa_66   0x00acd6    program     static C:\Users\Ambin\OneDrive\Documenten\Labirynth\physics.c
                  __pa_66   0x00cd5e    program     static C:\Users\Ambin\OneDrive\Documenten\Labirynth\graph.c
                  __pa_67   0x00acde    program     static C:\Users\Ambin\OneDrive\Documenten\Labirynth\physics.c
                  __pa_68   0x00acfc    program     static C:\Users\Ambin\OneDrive\Documenten\Labirynth\physics.c
                  __pa_69   0x00ad02    program     static C:\Users\Ambin\OneDrive\Documenten\Labirynth\physics.c
                   __pa_7   0x00e256    program     static C:\MCC18\src\traditional\stdclib\sqrt.c
                   __pa_7   0x00c3c2    program     static C:\Users\Ambin\OneDrive\Documenten\Labirynth\main.c
                   __pa_7   0x00b806    program     static C:\MCC18\src\traditional\stdclib\vfprintf.c
                   __pa_7   0x00a938    program     static C:\Users\Ambin\OneDrive\Documenten\Labirynth\physics.c
                   __pa_7   0x00dd2c    program     static C:\Users\Ambin\OneDrive\Documenten\Labirynth\oled.c
                   __pa_7   0x00d8b2    program     static C:\MCC18\src\traditional\stdclib\sincos.c
                   __pa_7   0x00cb74    program     static C:\Users\Ambin\OneDrive\Documenten\Labirynth\graph.c
                  __pa_70   0x00ad14    program     static C:\Users\Ambin\OneDrive\Documenten\Labirynth\physics.c
                  __pa_71   0x00ad2e    program     static C:\Users\Ambin\OneDrive\Documenten\Labirynth\physics.c
                  __pa_72   0x00ad42    program     static C:\Users\Ambin\OneDrive\Documenten\Labirynth\physics.c
                  __pa_73   0x00ad4a    program     static C:\Users\Ambin\OneDrive\Documenten\Labirynth\physics.c
                  __pa_74   0x00ad5c    program     static C:\Users\Ambin\OneDrive\Documenten\Labirynth\physics.c
                  __pa_75   0x00ad64    program     static C:\Users\Ambin\OneDrive\Documenten\Labirynth\physics.c
                  __pa_76   0x00ad76    program     static C:\Users\Ambin\OneDrive\Documenten\Labirynth\physics.c
                  __pa_77   0x00ad88    program     static C:\Users\Ambin\OneDrive\Documenten\Labirynth\physics.c
                  __pa_78   0x00ad9a    program     static C:\Users\Ambin\OneDrive\Documenten\Labirynth\physics.c
                  __pa_79   0x00adac    program     static C:\Users\Ambin\OneDrive\Documenten\Labirynth\physics.c
                   __pa_8   0x00cb7e    program     static C:\Users\Ambin\OneDrive\Documenten\Labirynth\graph.c
                   __pa_8   0x00d8cc    program     static C:\MCC18\src\traditional\stdclib\sincos.c
                   __pa_8   0x00e25e    program     static C:\MCC18\src\traditional\stdclib\sqrt.c
                   __pa_8   0x00a952    program     static C:\Users\Ambin\OneDrive\Documenten\Labirynth\physics.c
                   __pa_8   0x00b812    program     static C:\MCC18\src\traditional\stdclib\vfprintf.c
                   __pa_8   0x00dd36    program     static C:\Users\Ambin\OneDrive\Documenten\Labirynth\oled.c
                   __pa_8   0x00c3cc    program     static C:\Users\Ambin\OneDrive\Documenten\Labirynth\main.c
                  __pa_80   0x00adbe    program     static C:\Users\Ambin\OneDrive\Documenten\Labirynth\physics.c
                  __pa_81   0x00add0    program     static C:\Users\Ambin\OneDrive\Documenten\Labirynth\physics.c
                  __pa_82   0x00adda    program     static C:\Users\Ambin\OneDrive\Documenten\Labirynth\physics.c
                  __pa_83   0x00ade2    program     static C:\Users\Ambin\OneDrive\Documenten\Labirynth\physics.c
                  __pa_84   0x00adf0    program     static C:\Users\Ambin\OneDrive\Documenten\Labirynth\physics.c
                  __pa_85   0x00adfc    program     static C:\Users\Ambin\OneDrive\Documenten\Labirynth\physics.c
                  __pa_86   0x00ae08    program     static C:\Users\Ambin\OneDrive\Documenten\Labirynth\physics.c
                  __pa_87   0x00ae1e    program     static C:\Users\Ambin\OneDrive\Documenten\Labirynth\physics.c
                  __pa_88   0x00ae2c    program     static C:\Users\Ambin\OneDrive\Documenten\Labirynth\physics.c
                  __pa_89   0x00ae34    program     static C:\Users\Ambin\OneDrive\Documenten\Labirynth\physics.c
                   __pa_9   0x00c3e2    program     static C:\Users\Ambin\OneDrive\Documenten\Labirynth\main.c
                   __pa_9   0x00a958    program     static C:\Users\Ambin\OneDrive\Documenten\Labirynth\physics.c
                   __pa_9   0x00b834    program     static C:\MCC18\src\traditional\stdclib\vfprintf.c
                   __pa_9   0x00d8e6    program     static C:\MCC18\src\traditional\stdclib\sincos.c
                   __pa_9   0x00dd44    program     static C:\Users\Ambin\OneDrive\Documenten\Labirynth\oled.c
                   __pa_9   0x00e268    program     static C:\MCC18\src\traditional\stdclib\sqrt.c
                   __pa_9   0x00cb88    program     static C:\Users\Ambin\OneDrive\Documenten\Labirynth\graph.c
                  __pa_90   0x00ae3c    program     static C:\Users\Ambin\OneDrive\Documenten\Labirynth\physics.c
                  __pa_91   0x00ae48    program     static C:\Users\Ambin\OneDrive\Documenten\Labirynth\physics.c
                  __pa_92   0x00ae52    program     static C:\Users\Ambin\OneDrive\Documenten\Labirynth\physics.c
               __string_0   0x00eb3a    program     static C:\Users\Ambin\OneDrive\Documenten\Labirynth\main.c
               __string_1   0x00eb24    program     static C:\Users\Ambin\OneDrive\Documenten\Labirynth\main.c
              __string_10   0x00ea5c    program     static C:\Users\Ambin\OneDrive\Documenten\Labirynth\main.c
              __string_11   0x00ea46    program     static C:\Users\Ambin\OneDrive\Documenten\Labirynth\main.c
              __string_12   0x00ea30    program     static C:\Users\Ambin\OneDrive\Documenten\Labirynth\main.c
              __string_13   0x00ea1a    program     static C:\Users\Ambin\OneDrive\Documenten\Labirynth\main.c
              __string_14   0x00ea04    program     static C:\Users\Ambin\OneDrive\Documenten\Labirynth\main.c
              __string_15   0x00e9ee    program     static C:\Users\Ambin\OneDrive\Documenten\Labirynth\main.c
              __string_16   0x00e9d8    program     static C:\Users\Ambin\OneDrive\Documenten\Labirynth\main.c
              __string_17   0x00e9c2    program     static C:\Users\Ambin\OneDrive\Documenten\Labirynth\main.c
              __string_18   0x00e9ac    program     static C:\Users\Ambin\OneDrive\Documenten\Labirynth\main.c
              __string_19   0x00e996    program     static C:\Users\Ambin\OneDrive\Documenten\Labirynth\main.c
               __string_2   0x00eb0d    program     static C:\Users\Ambin\OneDrive\Documenten\Labirynth\main.c
              __string_20   0x00e980    program     static C:\Users\Ambin\OneDrive\Documenten\Labirynth\main.c
              __string_21   0x00e96a    program     static C:\Users\Ambin\OneDrive\Documenten\Labirynth\main.c
              __string_22   0x00e954    program     static C:\Users\Ambin\OneDrive\Documenten\Labirynth\main.c
              __string_23   0x00e93e    program     static C:\Users\Ambin\OneDrive\Documenten\Labirynth\main.c
              __string_24   0x00e928    program     static C:\Users\Ambin\OneDrive\Documenten\Labirynth\main.c
               __string_3   0x00eaf6    program     static C:\Users\Ambin\OneDrive\Documenten\Labirynth\main.c
               __string_4   0x00eae0    program     static C:\Users\Ambin\OneDrive\Documenten\Labirynth\main.c
               __string_5   0x00eaca    program     static C:\Users\Ambin\OneDrive\Documenten\Labirynth\main.c
               __string_6   0x00eab4    program     static C:\Users\Ambin\OneDrive\Documenten\Labirynth\main.c
               __string_7   0x00ea9d    program     static C:\Users\Ambin\OneDrive\Documenten\Labirynth\main.c
               __string_8   0x00ea89    program     static C:\Users\Ambin\OneDrive\Documenten\Labirynth\main.c
               __string_9   0x00ea72    program     static C:\Users\Ambin\OneDrive\Documenten\Labirynth\main.c
               __tmplbl_0   0x00e7b4    program     static                          
               __tmplbl_1   0x00e7ac    program     static                          
              __tmplbl_14   0x00ad2e    program     static                          
              __tmplbl_15   0x00ad2e    program     static                          
              __tmplbl_16   0x00adda    program     static                          
              __tmplbl_17   0x00adda    program     static                          
              __tmplbl_42   0x00b92e    program     static                          
              __tmplbl_43   0x00b776    program     static                          
              __tmplbl_44   0x00b75c    program     static                          
              __tmplbl_85   0x00aeae    program     static                          
            __zero_memory   0x00f7aa    program     extern C:\MCC18\src\traditional\proc\p18F46J50.asm
                _do_cinit   0x00f41a    program     extern C:\MCC18\src\traditional\startup\c018i.c
                   _entry   0x000000    program     extern C:\MCC18\src\traditional\startup\c018i.c
                   _false   0x00f70a    program     static                          
       _generatePhysWalls   0x00e278    program     extern C:\Users\Ambin\OneDrive\Documenten\Labirynth\levels.c
                   _reset   0x00a000    program     extern C:\Users\Ambin\OneDrive\Documenten\Labirynth\main.c
                  _sincos   0x00d42e    program     extern C:\MCC18\src\traditional\stdclib\sincos.c
                 _startup   0x00f760    program     extern C:\MCC18\src\traditional\startup\c018i.c
              _usart_putc   0x00f77c    program     extern C:\MCC18\src\pmc_common\USART\_usartpc.asm
               _user_putc   0x00a006    program     extern C:\MCC18\src\traditional\stdclib\_user_putc.c
                checkWall   0x00a090    program     extern C:\Users\Ambin\OneDrive\Documenten\Labirynth\physics.c
               clear_loop   0x00f7b0    program     static C:\MCC18\src\traditional\proc\p18F46J50.asm
                copy_loop   0x00f48c    program     static                          
            copy_one_byte   0x00f492    program     static                          
                     done   0x00f4b6    program     static                          
             done_copying   0x00f4a0    program     static                          
                  endloop   0x00f736    program     static                          
                     fabs   0x00f612    program     extern C:\MCC18\src\traditional\stdclib\fabs.c
                g_pucFont   0x00ed34    program     extern C:\Users\Ambin\OneDrive\Documenten\Labirynth\oled.c
                  isdigit   0x00f73c    program     extern C:\MCC18\src\traditional\stdclib\isdigit.asm
                 jANotInf   0x00cdda    program     static C:\MCC18\src\traditional\math\addFP.asm
                 jANotInf   0x00cfa2    program     static C:\MCC18\src\traditional\math\mulFP.asm
                 jANotInf   0x00cefc    program     static C:\MCC18\src\traditional\math\divFP.asm
                 jANotNeg   0x00ce6e    program     static C:\MCC18\src\traditional\math\addFP.asm
                jANotZero   0x00cf10    program     static C:\MCC18\src\traditional\math\divFP.asm
              jAandWsetup   0x00ce3e    program     static C:\MCC18\src\traditional\math\addFP.asm
                  jAisNeg   0x00d1f2    program     static C:\MCC18\src\traditional\math\compFP.asm
                 jAltBexp   0x00ce2c    program     static C:\MCC18\src\traditional\math\addFP.asm
                jBANotInf   0x00cdd0    program     static C:\MCC18\src\traditional\math\addFP.asm
                 jBNotInf   0x00cde8    program     static C:\MCC18\src\traditional\math\addFP.asm
              jBothFinite   0x00cfb0    program     static C:\MCC18\src\traditional\math\mulFP.asm
             jBothNotZero   0x00cfbc    program     static C:\MCC18\src\traditional\math\mulFP.asm
             jBothNotZero   0x00d194    program     static C:\MCC18\src\traditional\math\compFP.asm
            jDifOrPosSign   0x00cdfc    program     static C:\MCC18\src\traditional\math\addFP.asm
                      jEQ   0x00d1b0    program     static C:\MCC18\src\traditional\math\compFP.asm
                     jEnd   0x00f5fe    program     static C:\MCC18\src\traditional\stdclib\slenpgm.asm
                     jEnd   0x00f5c6    program     static C:\MCC18\src\traditional\stdclib\strlen.asm
                    jExch   0x00d1bc    program     static C:\MCC18\src\traditional\math\compFP.asm
                    jExit   0x00d42c    program     static C:\MCC18\src\traditional\math\castFP32.asm
                    jExit   0x00d3be    program     static C:\MCC18\src\traditional\math\castFP16.asm
                    jExit   0x00d150    program     static C:\MCC18\src\traditional\math\castFP08.asm
                   jExpEQ   0x00d202    program     static C:\MCC18\src\traditional\math\compFP.asm
                   jFinal   0x00d1e6    program     static C:\MCC18\src\traditional\math\compFP.asm
               jFinalSign   0x00ced6    program     static C:\MCC18\src\traditional\math\addFP.asm
                jHaveZero   0x00cfb8    program     static C:\MCC18\src\traditional\math\mulFP.asm
                jI2F08Beg   0x00cd72    program     static C:\MCC18\src\traditional\math\cast08FP.asm
                jI2F16Beg   0x00cd9a    program     static C:\MCC18\src\traditional\math\cast16FP.asm
                jI2F32Beg   0x00d348    program     static C:\MCC18\src\traditional\math\cast32FP.asm
                    jLoop   0x00f5bc    program     static C:\MCC18\src\traditional\stdclib\strlen.asm
                    jLoop   0x00d400    program     static C:\MCC18\src\traditional\math\castFP32.asm
                    jLoop   0x00cf38    program     static C:\MCC18\src\traditional\math\divFP.asm
                    jLoop   0x00d39e    program     static C:\MCC18\src\traditional\math\castFP16.asm
                    jLoop   0x00f5e6    program     static C:\MCC18\src\traditional\stdclib\slenpgm.asm
                    jLoop   0x00d138    program     static C:\MCC18\src\traditional\math\castFP08.asm
                jLoopExit   0x00d414    program     static C:\MCC18\src\traditional\math\castFP32.asm
                jLoopExit   0x00d3ae    program     static C:\MCC18\src\traditional\math\castFP16.asm
                jLoopExit   0x00d146    program     static C:\MCC18\src\traditional\math\castFP08.asm
                   jMatch   0x00f75c    program     static C:\MCC18\src\traditional\stdclib\isdigit.asm
                     jMax   0x00d3d0    program     static C:\MCC18\src\traditional\math\castFP32.asm
                     jMax   0x00d114    program     static C:\MCC18\src\traditional\math\castFP08.asm
                     jMax   0x00d372    program     static C:\MCC18\src\traditional\math\castFP16.asm
                  jMaxNeg   0x00d380    program     static C:\MCC18\src\traditional\math\castFP16.asm
                  jMaxNeg   0x00d3e2    program     static C:\MCC18\src\traditional\math\castFP32.asm
                  jMaxNeg   0x00d11e    program     static C:\MCC18\src\traditional\math\castFP08.asm
                  jMaxPos   0x00d376    program     static C:\MCC18\src\traditional\math\castFP16.asm
                  jMaxPos   0x00d118    program     static C:\MCC18\src\traditional\math\castFP08.asm
                  jMaxPos   0x00d3d4    program     static C:\MCC18\src\traditional\math\castFP32.asm
                      jNE   0x00d1b4    program     static C:\MCC18\src\traditional\math\compFP.asm
                    jNext   0x00cf5e    program     static C:\MCC18\src\traditional\math\divFP.asm
                jNoAdjust   0x00cf5c    program     static C:\MCC18\src\traditional\math\divFP.asm
                  jNoExch   0x00d1dc    program     static C:\MCC18\src\traditional\math\compFP.asm
                 jNoMatch   0x00f75e    program     static C:\MCC18\src\traditional\stdclib\isdigit.asm
             jNotBothZero   0x00ce00    program     static C:\MCC18\src\traditional\math\addFP.asm
                  jNotInf   0x00d38e    program     static C:\MCC18\src\traditional\math\castFP16.asm
                  jNotInf   0x00d3ee    program     static C:\MCC18\src\traditional\math\castFP32.asm
                  jNotInf   0x00d128    program     static C:\MCC18\src\traditional\math\castFP08.asm
                  jPkLoop   0x00d266    program     static C:\MCC18\src\traditional\math\packFP.asm
             jPkRoundDone   0x00d2b0    program     static C:\MCC18\src\traditional\math\packFP.asm
               jPkRoundIt   0x00d298    program     static C:\MCC18\src\traditional\math\packFP.asm
             jPkShiftDone   0x00d282    program     static C:\MCC18\src\traditional\math\packFP.asm
           jReturnPosInf0   0x00d23c    program     static C:\MCC18\src\traditional\math\packFP.asm
                  jRotate   0x00d20e    program     static C:\MCC18\src\traditional\math\compFP.asm
                   jShift   0x00d1f8    program     static C:\MCC18\src\traditional\math\compFP.asm
               jShiftDone   0x00ce96    program     static C:\MCC18\src\traditional\math\addFP.asm
               jShiftLoop   0x00ce88    program     static C:\MCC18\src\traditional\math\addFP.asm
                jSignDone   0x00cec6    program     static C:\MCC18\src\traditional\math\addFP.asm
              jSignedZero   0x00cf06    program     static C:\MCC18\src\traditional\math\divFP.asm
                 jSignsEQ   0x00d198    program     static C:\MCC18\src\traditional\math\compFP.asm
                  jUnpkA1   0x00d2da    program     static C:\MCC18\src\traditional\math\UnpackFP.asm
                  jUnpkA2   0x00d2f2    program     static C:\MCC18\src\traditional\math\UnpackFP.asm
                 jUnpkANZ   0x00d2e8    program     static C:\MCC18\src\traditional\math\UnpackFP.asm
                  jUnpkB1   0x00d30a    program     static C:\MCC18\src\traditional\math\UnpackFP.asm
                  jUnpkB2   0x00d322    program     static C:\MCC18\src\traditional\math\UnpackFP.asm
                 jUnpkBNZ   0x00d318    program     static C:\MCC18\src\traditional\math\UnpackFP.asm
                 jUnpkNaN   0x00d2fc    program     static C:\MCC18\src\traditional\math\UnpackFP.asm
                 jWNotNeg   0x00ce82    program     static C:\MCC18\src\traditional\math\addFP.asm
                   jWr123   0x00d3da    program     static C:\MCC18\src\traditional\math\castFP32.asm
                  jWrZ123   0x00d3ea    program     static C:\MCC18\src\traditional\math\castFP32.asm
                    jZero   0x00d388    program     static C:\MCC18\src\traditional\math\castFP16.asm
                    jZero   0x00d124    program     static C:\MCC18\src\traditional\math\castFP08.asm
                    jZero   0x00d3e8    program     static C:\MCC18\src\traditional\math\castFP32.asm
               jZero1and2   0x00d240    program     static C:\MCC18\src\traditional\math\packFP.asm
                    ldexp   0x00ef10    program     extern C:\MCC18\src\traditional\stdclib\ldexp.c
                   level0   0x00e37c    program     extern C:\Users\Ambin\OneDrive\Documenten\Labirynth\levels.c
                   level1   0x00e388    program     extern C:\Users\Ambin\OneDrive\Documenten\Labirynth\levels.c
                   level2   0x00e3ee    program     extern C:\Users\Ambin\OneDrive\Documenten\Labirynth\levels.c
                   level3   0x00e4a2    program     extern C:\Users\Ambin\OneDrive\Documenten\Labirynth\levels.c
                   level4   0x00e562    program     extern C:\Users\Ambin\OneDrive\Documenten\Labirynth\levels.c
                   level5   0x00e5ae    program     extern C:\Users\Ambin\OneDrive\Documenten\Labirynth\levels.c
                     loop   0x00f78c    program     static C:\MCC18\src\pmc_common\USART\_usartpc.asm
                     loop   0x00f770    program     static                          
                     loop   0x00f71a    program     static                          
                     loop   0x00f6d6    program     static                          
          mTouchCalibrate   0x00ec72    program     extern C:\Users\Ambin\OneDrive\Documenten\Labirynth\mtouch.c
               mTouchInit   0x00eb9c    program     extern C:\Users\Ambin\OneDrive\Documenten\Labirynth\mtouch.c
         mTouchReadButton   0x00eba2    program     extern C:\Users\Ambin\OneDrive\Documenten\Labirynth\mtouch.c
                     main   0x00ba9a    program     extern C:\Users\Ambin\OneDrive\Documenten\Labirynth\main.c
             oledPutImage   0x00dc22    program     extern C:\Users\Ambin\OneDrive\Documenten\Labirynth\oled.c
         oledPutNegString   0x00dc04    program     extern C:\Users\Ambin\OneDrive\Documenten\Labirynth\oled.c
      oledPutROMNegString   0x00dbc8    program     extern C:\Users\Ambin\OneDrive\Documenten\Labirynth\oled.c
         oledPutROMString   0x00dbaa    program     extern C:\Users\Ambin\OneDrive\Documenten\Labirynth\oled.c
            oledPutString   0x00dbe6    program     extern C:\Users\Ambin\OneDrive\Documenten\Labirynth\oled.c
          oledWriteChar1x   0x00db22    program     extern C:\Users\Ambin\OneDrive\Documenten\Labirynth\oled.c
       oledWriteNegChar1x   0x00db66    program     extern C:\Users\Ambin\OneDrive\Documenten\Labirynth\oled.c
                     putc   0x00f4b8    program     extern C:\MCC18\src\traditional\stdclib\putc.c
                resetBall   0x00e2e6    program     extern C:\Users\Ambin\OneDrive\Documenten\Labirynth\levels.c
                 s_digits   0x00f798    program     static C:\MCC18\src\traditional\stdclib\vfprintf.c
            s_put_n_chars   0x00ae58    program     static C:\MCC18\src\traditional\stdclib\vfprintf.c
                      sin   0x00f678    program     extern C:\MCC18\src\traditional\stdclib\sin.c
                  sprintf   0x00f36e    program     extern C:\MCC18\src\traditional\stdclib\sprintf.c
                     sqrt   0x00de36    program     extern C:\MCC18\src\traditional\stdclib\sqrt.c
                   strlen   0x00f5ac    program     extern C:\MCC18\src\traditional\stdclib\strlen.asm
                strlenpgm   0x00f5c8    program     extern C:\MCC18\src\traditional\stdclib\slenpgm.asm
                     test   0x00f434    program     static                          
                 vfprintf   0x00ae84    program     extern C:\MCC18\src\traditional\stdclib\vfprintf.c
             wallLineDown   0x00a076    program     extern C:\Users\Ambin\OneDrive\Documenten\Labirynth\physics.c
               wallLineUp   0x00a05c    program     extern C:\Users\Ambin\OneDrive\Documenten\Labirynth\physics.c
                   ADCON0   0x000fc2       data     extern C:\MCC18\src\traditional\proc\p18F46J50.asm
               ADCON0bits   0x000fc2       data     extern C:\MCC18\src\traditional\proc\p18F46J50.asm
                   ADCON1   0x000fc1       data     extern C:\MCC18\src\traditional\proc\p18F46J50.asm
               ADCON1bits   0x000fc1       data     extern C:\MCC18\src\traditional\proc\p18F46J50.asm
                    ADRES   0x000fc3       data     extern C:\MCC18\src\traditional\proc\p18F46J50.asm
                   ADRESH   0x000fc4       data     extern C:\MCC18\src\traditional\proc\p18F46J50.asm
                   ADRESL   0x000fc3       data     extern C:\MCC18\src\traditional\proc\p18F46J50.asm
                  ALRMCFG   0x000f91       data     extern C:\MCC18\src\traditional\proc\p18F46J50.asm
              ALRMCFGbits   0x000f91       data     extern C:\MCC18\src\traditional\proc\p18F46J50.asm
                  ALRMRPT   0x000f90       data     extern C:\MCC18\src\traditional\proc\p18F46J50.asm
              ALRMRPTbits   0x000f90       data     extern C:\MCC18\src\traditional\proc\p18F46J50.asm
                 ALRMVALH   0x000f8f       data     extern C:\MCC18\src\traditional\proc\p18F46J50.asm
                 ALRMVALL   0x000f8e       data     extern C:\MCC18\src\traditional\proc\p18F46J50.asm
                   ANCON0   0x000f48       data     extern C:\MCC18\src\traditional\proc\p18F46J50.asm
               ANCON0bits   0x000f48       data     extern C:\MCC18\src\traditional\proc\p18F46J50.asm
                   ANCON1   0x000f49       data     extern C:\MCC18\src\traditional\proc\p18F46J50.asm
               ANCON1bits   0x000f49       data     extern C:\MCC18\src\traditional\proc\p18F46J50.asm
                  BAUDCON   0x000f7e       data     extern C:\MCC18\src\traditional\proc\p18F46J50.asm
[...]
                TRISCbits   0x000f94       data     extern C:\MCC18\src\traditional\proc\p18F46J50.asm
                    TRISD   0x000f95       data     extern C:\MCC18\src\traditional\proc\p18F46J50.asm
                TRISDbits   0x000f95       data     extern C:\MCC18\src\traditional\proc\p18F46J50.asm
                TRISEbits   0x000f96       data     extern C:\MCC18\src\traditional\proc\p18F46J50.asm
                    TRISE   0x000f96       data     extern C:\MCC18\src\traditional\proc\p18F46J50.asm
               T3GCONbits   0x000f97       data     extern C:\MCC18\src\traditional\proc\p18F46J50.asm
                   T3GCON   0x000f97       data     extern C:\MCC18\src\traditional\proc\p18F46J50.asm
                  RTCVALL   0x000f98       data     extern C:\MCC18\src\traditional\proc\p18F46J50.asm
                  RTCVALH   0x000f99       data     extern C:\MCC18\src\traditional\proc\p18F46J50.asm
               T1GCONbits   0x000f9a       data     extern C:\MCC18\src\traditional\proc\p18F46J50.asm
                   T1GCON   0x000f9a       data     extern C:\MCC18\src\traditional\proc\p18F46J50.asm
                  OSCTUNE   0x000f9b       data     extern C:\MCC18\src\traditional\proc\p18F46J50.asm
              OSCTUNEbits   0x000f9b       data     extern C:\MCC18\src\traditional\proc\p18F46J50.asm
                   RCSTA2   0x000f9c       data     extern C:\MCC18\src\traditional\proc\p18F46J50.asm
               RCSTA2bits   0x000f9c       data     extern C:\MCC18\src\traditional\proc\p18F46J50.asm
                     PIE1   0x000f9d       data     extern C:\MCC18\src\traditional\proc\p18F46J50.asm
                 PIE1bits   0x000f9d       data     extern C:\MCC18\src\traditional\proc\p18F46J50.asm
                     PIR1   0x000f9e       data     extern C:\MCC18\src\traditional\proc\p18F46J50.asm
                 PIR1bits   0x000f9e       data     extern C:\MCC18\src\traditional\proc\p18F46J50.asm
                     IPR1   0x000f9f       data     extern C:\MCC18\src\traditional\proc\p18F46J50.asm
                 IPR1bits   0x000f9f       data     extern C:\MCC18\src\traditional\proc\p18F46J50.asm
                     PIE2   0x000fa0       data     extern C:\MCC18\src\traditional\proc\p18F46J50.asm
                 PIE2bits   0x000fa0       data     extern C:\MCC18\src\traditional\proc\p18F46J50.asm
                     PIR2   0x000fa1       data     extern C:\MCC18\src\traditional\proc\p18F46J50.asm
                 PIR2bits   0x000fa1       data     extern C:\MCC18\src\traditional\proc\p18F46J50.asm
                     IPR2   0x000fa2       data     extern C:\MCC18\src\traditional\proc\p18F46J50.asm
                 IPR2bits   0x000fa2       data     extern C:\MCC18\src\traditional\proc\p18F46J50.asm
                     PIE3   0x000fa3       data     extern C:\MCC18\src\traditional\proc\p18F46J50.asm
                 PIE3bits   0x000fa3       data     extern C:\MCC18\src\traditional\proc\p18F46J50.asm
                 PIR3bits   0x000fa4       data     extern C:\MCC18\src\traditional\proc\p18F46J50.asm
                     PIR3   0x000fa4       data     extern C:\MCC18\src\traditional\proc\p18F46J50.asm
                 IPR3bits   0x000fa5       data     extern C:\MCC18\src\traditional\proc\p18F46J50.asm
                     IPR3   0x000fa5       data     extern C:\MCC18\src\traditional\proc\p18F46J50.asm
                   EECON1   0x000fa6       data     extern C:\MCC18\src\traditional\proc\p18F46J50.asm
               EECON1bits   0x000fa6       data     extern C:\MCC18\src\traditional\proc\p18F46J50.asm
                   EECON2   0x000fa7       data     extern C:\MCC18\src\traditional\proc\p18F46J50.asm
                   TXSTA2   0x000fa8       data     extern C:\MCC18\src\traditional\proc\p18F46J50.asm
               TXSTA2bits   0x000fa8       data     extern C:\MCC18\src\traditional\proc\p18F46J50.asm
                   TXREG2   0x000fa9       data     extern C:\MCC18\src\traditional\proc\p18F46J50.asm
                   RCREG2   0x000faa       data     extern C:\MCC18\src\traditional\proc\p18F46J50.asm
                   SPBRG2   0x000fab       data     extern C:\MCC18\src\traditional\proc\p18F46J50.asm
                   RCSTA1   0x000fac       data     extern C:\MCC18\src\traditional\proc\p18F46J50.asm
                    RCSTA   0x000fac       data     extern C:\MCC18\src\traditional\proc\p18F46J50.asm
               RCSTA1bits   0x000fac       data     extern C:\MCC18\src\traditional\proc\p18F46J50.asm
                RCSTAbits   0x000fac       data     extern C:\MCC18\src\traditional\proc\p18F46J50.asm
                TXSTAbits   0x000fad       data     extern C:\MCC18\src\traditional\proc\p18F46J50.asm
               TXSTA1bits   0x000fad       data     extern C:\MCC18\src\traditional\proc\p18F46J50.asm
                   TXSTA1   0x000fad       data     extern C:\MCC18\src\traditional\proc\p18F46J50.asm
                    TXSTA   0x000fad       data     extern C:\MCC18\src\traditional\proc\p18F46J50.asm
                   TXREG1   0x000fae       data     extern C:\MCC18\src\traditional\proc\p18F46J50.asm
                    TXREG   0x000fae       data     extern C:\MCC18\src\traditional\proc\p18F46J50.asm
                    RCREG   0x000faf       data     extern C:\MCC18\src\traditional\proc\p18F46J50.asm
                   RCREG1   0x000faf       data     extern C:\MCC18\src\traditional\proc\p18F46J50.asm
                   SPBRG1   0x000fb0       data     extern C:\MCC18\src\traditional\proc\p18F46J50.asm
                    SPBRG   0x000fb0       data     extern C:\MCC18\src\traditional\proc\p18F46J50.asm
                 CTMUICON   0x000fb1       data     extern C:\MCC18\src\traditional\proc\p18F46J50.asm
             CTMUICONbits   0x000fb1       data     extern C:\MCC18\src\traditional\proc\p18F46J50.asm
             CTMUCONLbits   0x000fb2       data     extern C:\MCC18\src\traditional\proc\p18F46J50.asm
                 CTMUCONL   0x000fb2       data     extern C:\MCC18\src\traditional\proc\p18F46J50.asm
             CTMUCONHbits   0x000fb3       data     extern C:\MCC18\src\traditional\proc\p18F46J50.asm
                 CTMUCONH   0x000fb3       data     extern C:\MCC18\src\traditional\proc\p18F46J50.asm
                 ECCP2CON   0x000fb4       data     extern C:\MCC18\src\traditional\proc\p18F46J50.asm
                  CCP2CON   0x000fb4       data     extern C:\MCC18\src\traditional\proc\p18F46J50.asm
             ECCP2CONbits   0x000fb4       data     extern C:\MCC18\src\traditional\proc\p18F46J50.asm
              CCP2CONbits   0x000fb4       data     extern C:\MCC18\src\traditional\proc\p18F46J50.asm
                    CCPR2   0x000fb5       data     extern C:\MCC18\src\traditional\proc\p18F46J50.asm
                   CCPR2L   0x000fb5       data     extern C:\MCC18\src\traditional\proc\p18F46J50.asm
                   CCPR2H   0x000fb6       data     extern C:\MCC18\src\traditional\proc\p18F46J50.asm
              PWM2CONbits   0x000fb7       data     extern C:\MCC18\src\traditional\proc\p18F46J50.asm
                 ECCP2DEL   0x000fb7       data     extern C:\MCC18\src\traditional\proc\p18F46J50.asm
                  PWM2CON   0x000fb7       data     extern C:\MCC18\src\traditional\proc\p18F46J50.asm
             ECCP2DELbits   0x000fb7       data     extern C:\MCC18\src\traditional\proc\p18F46J50.asm
                  ECCP2AS   0x000fb8       data     extern C:\MCC18\src\traditional\proc\p18F46J50.asm
              ECCP2ASbits   0x000fb8       data     extern C:\MCC18\src\traditional\proc\p18F46J50.asm
             PSTR2CONbits   0x000fb9       data     extern C:\MCC18\src\traditional\proc\p18F46J50.asm
                 PSTR2CON   0x000fb9       data     extern C:\MCC18\src\traditional\proc\p18F46J50.asm
                 ECCP1CON   0x000fba       data     extern C:\MCC18\src\traditional\proc\p18F46J50.asm
                  CCP1CON   0x000fba       data     extern C:\MCC18\src\traditional\proc\p18F46J50.asm
              CCP1CONbits   0x000fba       data     extern C:\MCC18\src\traditional\proc\p18F46J50.asm
             ECCP1CONbits   0x000fba       data     extern C:\MCC18\src\traditional\proc\p18F46J50.asm
                   CCPR1L   0x000fbb       data     extern C:\MCC18\src\traditional\proc\p18F46J50.asm
                    CCPR1   0x000fbb       data     extern C:\MCC18\src\traditional\proc\p18F46J50.asm
                   CCPR1H   0x000fbc       data     extern C:\MCC18\src\traditional\proc\p18F46J50.asm
             ECCP1DELbits   0x000fbd       data     extern C:\MCC18\src\traditional\proc\p18F46J50.asm
                  PWM1CON   0x000fbd       data     extern C:\MCC18\src\traditional\proc\p18F46J50.asm
              PWM1CONbits   0x000fbd       data     extern C:\MCC18\src\traditional\proc\p18F46J50.asm
                 ECCP1DEL   0x000fbd       data     extern C:\MCC18\src\traditional\proc\p18F46J50.asm
                  ECCP1AS   0x000fbe       data     extern C:\MCC18\src\traditional\proc\p18F46J50.asm
              ECCP1ASbits   0x000fbe       data     extern C:\MCC18\src\traditional\proc\p18F46J50.asm
                 PSTR1CON   0x000fbf       data     extern C:\MCC18\src\traditional\proc\p18F46J50.asm
             PSTR1CONbits   0x000fbf       data     extern C:\MCC18\src\traditional\proc\p18F46J50.asm
               WDTCONbits   0x000fc0       data     extern C:\MCC18\src\traditional\proc\p18F46J50.asm
                   WDTCON   0x000fc0       data     extern C:\MCC18\src\traditional\proc\p18F46J50.asm
                   ADCON1   0x000fc1       data     extern C:\MCC18\src\traditional\proc\p18F46J50.asm
               ADCON1bits   0x000fc1       data     extern C:\MCC18\src\traditional\proc\p18F46J50.asm
               ADCON0bits   0x000fc2       data     extern C:\MCC18\src\traditional\proc\p18F46J50.asm
                   ADCON0   0x000fc2       data     extern C:\MCC18\src\traditional\proc\p18F46J50.asm
                    ADRES   0x000fc3       data     extern C:\MCC18\src\traditional\proc\p18F46J50.asm
                   ADRESL   0x000fc3       data     extern C:\MCC18\src\traditional\proc\p18F46J50.asm
                   ADRESH   0x000fc4       data     extern C:\MCC18\src\traditional\proc\p18F46J50.asm
                  SSPCON2   0x000fc5       data     extern C:\MCC18\src\traditional\proc\p18F46J50.asm
             SSP1CON2bits   0x000fc5       data     extern C:\MCC18\src\traditional\proc\p18F46J50.asm
                 SSP1CON2   0x000fc5       data     extern C:\MCC18\src\traditional\proc\p18F46J50.asm
              SSPCON2bits   0x000fc5       data     extern C:\MCC18\src\traditional\proc\p18F46J50.asm
              SSPCON1bits   0x000fc6       data     extern C:\MCC18\src\traditional\proc\p18F46J50.asm
                  SSPCON1   0x000fc6       data     extern C:\MCC18\src\traditional\proc\p18F46J50.asm
                 SSP1CON1   0x000fc6       data     extern C:\MCC18\src\traditional\proc\p18F46J50.asm
             SSP1CON1bits   0x000fc6       data     extern C:\MCC18\src\traditional\proc\p18F46J50.asm
             SSP1STATbits   0x000fc7       data     extern C:\MCC18\src\traditional\proc\p18F46J50.asm
                 SSP1STAT   0x000fc7       data     extern C:\MCC18\src\traditional\proc\p18F46J50.asm
                  SSPSTAT   0x000fc7       data     extern C:\MCC18\src\traditional\proc\p18F46J50.asm
              SSPSTATbits   0x000fc7       data     extern C:\MCC18\src\traditional\proc\p18F46J50.asm
                   SSPADD   0x000fc8       data     extern C:\MCC18\src\traditional\proc\p18F46J50.asm
               SSPADDbits   0x000fc8       data     extern C:\MCC18\src\traditional\proc\p18F46J50.asm
              SSP1ADDbits   0x000fc8       data     extern C:\MCC18\src\traditional\proc\p18F46J50.asm
                  SSP1ADD   0x000fc8       data     extern C:\MCC18\src\traditional\proc\p18F46J50.asm
                   SSPBUF   0x000fc9       data     extern C:\MCC18\src\traditional\proc\p18F46J50.asm
                  SSP1BUF   0x000fc9       data     extern C:\MCC18\src\traditional\proc\p18F46J50.asm
                T2CONbits   0x000fca       data     extern C:\MCC18\src\traditional\proc\p18F46J50.asm
                    T2CON   0x000fca       data     extern C:\MCC18\src\traditional\proc\p18F46J50.asm
                      PR2   0x000fcb       data     extern C:\MCC18\src\traditional\proc\p18F46J50.asm
                     TMR2   0x000fcc       data     extern C:\MCC18\src\traditional\proc\p18F46J50.asm
                T1CONbits   0x000fcd       data     extern C:\MCC18\src\traditional\proc\p18F46J50.asm
                    T1CON   0x000fcd       data     extern C:\MCC18\src\traditional\proc\p18F46J50.asm
                    TMR1L   0x000fce       data     extern C:\MCC18\src\traditional\proc\p18F46J50.asm
                    TMR1H   0x000fcf       data     extern C:\MCC18\src\traditional\proc\p18F46J50.asm
                 RCONbits   0x000fd0       data     extern C:\MCC18\src\traditional\proc\p18F46J50.asm
                     RCON   0x000fd0       data     extern C:\MCC18\src\traditional\proc\p18F46J50.asm
                   CM2CON   0x000fd1       data     extern C:\MCC18\src\traditional\proc\p18F46J50.asm
                  CM2CON1   0x000fd1       data     extern C:\MCC18\src\traditional\proc\p18F46J50.asm
              CM2CON1bits   0x000fd1       data     extern C:\MCC18\src\traditional\proc\p18F46J50.asm
               CM2CONbits   0x000fd1       data     extern C:\MCC18\src\traditional\proc\p18F46J50.asm
               CM1CONbits   0x000fd2       data     extern C:\MCC18\src\traditional\proc\p18F46J50.asm
              CM1CON1bits   0x000fd2       data     extern C:\MCC18\src\traditional\proc\p18F46J50.asm
                  CM1CON1   0x000fd2       data     extern C:\MCC18\src\traditional\proc\p18F46J50.asm
                   CM1CON   0x000fd2       data     extern C:\MCC18\src\traditional\proc\p18F46J50.asm
               OSCCONbits   0x000fd3       data     extern C:\MCC18\src\traditional\proc\p18F46J50.asm
                   OSCCON   0x000fd3       data     extern C:\MCC18\src\traditional\proc\p18F46J50.asm
                T0CONbits   0x000fd5       data     extern C:\MCC18\src\traditional\proc\p18F46J50.asm
                    T0CON   0x000fd5       data     extern C:\MCC18\src\traditional\proc\p18F46J50.asm
                    TMR0L   0x000fd6       data     extern C:\MCC18\src\traditional\proc\p18F46J50.asm
                    TMR0H   0x000fd7       data     extern C:\MCC18\src\traditional\proc\p18F46J50.asm
                   STATUS   0x000fd8       data     extern C:\MCC18\src\traditional\proc\p18F46J50.asm
               STATUSbits   0x000fd8       data     extern C:\MCC18\src\traditional\proc\p18F46J50.asm
                    FSR2L   0x000fd9       data     extern C:\MCC18\src\traditional\proc\p18F46J50.asm
                     FSR2   0x000fd9       data     extern C:\MCC18\src\traditional\proc\p18F46J50.asm
                    FSR2H   0x000fda       data     extern C:\MCC18\src\traditional\proc\p18F46J50.asm
                   PLUSW2   0x000fdb       data     extern C:\MCC18\src\traditional\proc\p18F46J50.asm
                  PREINC2   0x000fdc       data     extern C:\MCC18\src\traditional\proc\p18F46J50.asm
                 POSTDEC2   0x000fdd       data     extern C:\MCC18\src\traditional\proc\p18F46J50.asm
                 POSTINC2   0x000fde       data     extern C:\MCC18\src\traditional\proc\p18F46J50.asm
                    INDF2   0x000fdf       data     extern C:\MCC18\src\traditional\proc\p18F46J50.asm
                      BSR   0x000fe0       data     extern C:\MCC18\src\traditional\proc\p18F46J50.asm
                     FSR1   0x000fe1       data     extern C:\MCC18\src\traditional\proc\p18F46J50.asm
                    FSR1L   0x000fe1       data     extern C:\MCC18\src\traditional\proc\p18F46J50.asm
                    FSR1H   0x000fe2       data     extern C:\MCC18\src\traditional\proc\p18F46J50.asm
                   PLUSW1   0x000fe3       data     extern C:\MCC18\src\traditional\proc\p18F46J50.asm
                  PREINC1   0x000fe4       data     extern C:\MCC18\src\traditional\proc\p18F46J50.asm
                 POSTDEC1   0x000fe5       data     extern C:\MCC18\src\traditional\proc\p18F46J50.asm
                 POSTINC1   0x000fe6       data     extern C:\MCC18\src\traditional\proc\p18F46J50.asm
                    INDF1   0x000fe7       data     extern C:\MCC18\src\traditional\proc\p18F46J50.asm
                     WREG   0x000fe8       data     extern C:\MCC18\src\traditional\proc\p18F46J50.asm
                     FSR0   0x000fe9       data     extern C:\MCC18\src\traditional\proc\p18F46J50.asm
                    FSR0L   0x000fe9       data     extern C:\MCC18\src\traditional\proc\p18F46J50.asm
                    FSR0H   0x000fea       data     extern C:\MCC18\src\traditional\proc\p18F46J50.asm
                   PLUSW0   0x000feb       data     extern C:\MCC18\src\traditional\proc\p18F46J50.asm
                  PREINC0   0x000fec       data     extern C:\MCC18\src\traditional\proc\p18F46J50.asm
                 POSTDEC0   0x000fed       data     extern C:\MCC18\src\traditional\proc\p18F46J50.asm
                 POSTINC0   0x000fee       data     extern C:\MCC18\src\traditional\proc\p18F46J50.asm
                    INDF0   0x000fef       data     extern C:\MCC18\src\traditional\proc\p18F46J50.asm
              INTCON3bits   0x000ff0       data     extern C:\MCC18\src\traditional\proc\p18F46J50.asm
                  INTCON3   0x000ff0       data     extern C:\MCC18\src\traditional\proc\p18F46J50.asm
              INTCON2bits   0x000ff1       data     extern C:\MCC18\src\traditional\proc\p18F46J50.asm
                  INTCON2   0x000ff1       data     extern C:\MCC18\src\traditional\proc\p18F46J50.asm
               INTCONbits   0x000ff2       data     extern C:\MCC18\src\traditional\proc\p18F46J50.asm
                   INTCON   0x000ff2       data     extern C:\MCC18\src\traditional\proc\p18F46J50.asm
                    PRODL   0x000ff3       data     extern C:\MCC18\src\traditional\proc\p18F46J50.asm
                     PROD   0x000ff3       data     extern C:\MCC18\src\traditional\proc\p18F46J50.asm
                    PRODH   0x000ff4       data     extern C:\MCC18\src\traditional\proc\p18F46J50.asm
                   TABLAT   0x000ff5       data     extern C:\MCC18\src\traditional\proc\p18F46J50.asm
                  TBLPTRL   0x000ff6       data     extern C:\MCC18\src\traditional\proc\p18F46J50.asm
                   TBLPTR   0x000ff6       data     extern C:\MCC18\src\traditional\proc\p18F46J50.asm
                  TBLPTRH   0x000ff7       data     extern C:\MCC18\src\traditional\proc\p18F46J50.asm
                  TBLPTRU   0x000ff8       data     extern C:\MCC18\src\traditional\proc\p18F46J50.asm
                      PCL   0x000ff9       data     extern C:\MCC18\src\traditional\proc\p18F46J50.asm
                       PC   0x000ff9       data     extern C:\MCC18\src\traditional\proc\p18F46J50.asm
                   PCLATH   0x000ffa       data     extern C:\MCC18\src\traditional\proc\p18F46J50.asm
                   PCLATU   0x000ffb       data     extern C:\MCC18\src\traditional\proc\p18F46J50.asm
                   STKPTR   0x000ffc       data     extern C:\MCC18\src\traditional\proc\p18F46J50.asm
               STKPTRbits   0x000ffc       data     extern C:\MCC18\src\traditional\proc\p18F46J50.asm
                      TOS   0x000ffd       data     extern C:\MCC18\src\traditional\proc\p18F46J50.asm
                     TOSL   0x000ffd       data     extern C:\MCC18\src\traditional\proc\p18F46J50.asm
                     TOSH   0x000ffe       data     extern C:\MCC18\src\traditional\proc\p18F46J50.asm
                     TOSU   0x000fff       data     extern C:\MCC18\src\traditional\proc\p18F46J50.asm


